{"level":"info","message":" Incoming Request \u001b[32mGET\u001b[39m \u001b[32m200\u001b[39m \u001b[35m/api/v1/post\u001b[39m \u001b[93m98 ms\u001b[39m","size":"4909","timestamp":"2026-08-11 11:50:19"}
{"level":"info","message":" Incoming Request \u001b[32mGET\u001b[39m \u001b[34m304\u001b[39m \u001b[35m/api/v1/signal\u001b[39m \u001b[93m17 ms\u001b[39m","size":0,"timestamp":"2026-08-11 11:50:20"}
{"level":"info","message":" Incoming Request \u001b[32mGET\u001b[39m \u001b[34m304\u001b[39m \u001b[35m/api/v1/signal/types\u001b[39m \u001b[93m10 ms\u001b[39m","size":0,"timestamp":"2026-08-11 11:50:20"}
{"level":"info","message":" Incoming Request \u001b[32mGET\u001b[39m \u001b[32m200\u001b[39m \u001b[35m/api/v1/signal/app/market-hours\u001b[39m \u001b[93m10 ms\u001b[39m","size":"680","timestamp":"2026-08-11 11:51:29"}
{"level":"info","message":" Incoming Request \u001b[32mGET\u001b[39m \u001b[32m200\u001b[39m \u001b[35m/api/v1/signal/app\u001b[39m \u001b[93m26 ms\u001b[39m","size":"456","timestamp":"2026-08-11 11:51:42"}
{"level":"info","message":" Incoming Request \u001b[34mPOST\u001b[39m \u001b[32m200\u001b[39m \u001b[35m/api/v1/signal/6a79606e33503ad743576840/publish\u001b[39m \u001b[93m44 ms\u001b[39m","size":"457","timestamp":"2026-08-11 11:51:53"}
{"level":"info","message":" Incoming Request \u001b[32mGET\u001b[39m \u001b[32m200\u001b[39m \u001b[35m/api/v1/signal\u001b[39m \u001b[93m20 ms\u001b[39m","size":"6565","timestamp":"2026-08-11 11:51:53"}
{"level":"info","message":" Incoming Request \u001b[32mGET\u001b[39m \u001b[32m200\u001b[39m \u001b[35m/api/v1/signal/app\u001b[39m \u001b[93m14 ms\u001b[39m","size":"908","timestamp":"2026-08-11 11:51:55"}
{"level":"info","message":" Incoming Request \u001b[32mGET\u001b[39m \u001b[34m304\u001b[39m \u001b[35m/api/v1/signal\u001b[39m \u001b[93m40 ms\u001b[39m","size":0,"timestamp":"2026-08-11 11:52:03"}
{"level":"info","message":" Incoming Request \u001b[32mGET\u001b[39m \u001b[34m304\u001b[39m \u001b[35m/api/v1/user/my-profile\u001b[39m \u001b[93m41 ms\u001b[39m","size":0,"timestamp":"2026-08-11 11:52:03"}
{"level":"info","message":" Incoming Request \u001b[32mGET\u001b[39m \u001b[34m304\u001b[39m \u001b[35m/api/v1/signal/types\u001b[39m \u001b[93m45 ms\u001b[39m","size":0,"timestamp":"2026-08-11 11:52:03"}
{"level":"info","message":" Incoming Request \u001b[32mGET\u001b[39m \u001b[34m304\u001b[39m \u001b[35m/api/v1/post\u001b[39m \u001b[93m24 ms\u001b[39m","size":0,"timestamp":"2026-08-11 11:52:08"}
{"level":"info","message":" Incoming Request \u001b[32mGET\u001b[39m \u001b[34m304\u001b[39m \u001b[35m/api/v1/user/my-profile\u001b[39m \u001b[93m7 ms\u001b[39m","size":0,"timestamp":"2026-08-11 11:52:08"}
{"level":"info","message":" Incoming Request \u001b[32mGET\u001b[39m \u001b[34m304\u001b[39m \u001b[35m/api/v1/signal/types\u001b[39m \u001b[93m4 ms\u001b[39m","size":0,"timestamp":"2026-08-11 11:52:12"}
{"level":"info","message":" Incoming Request \u001b[32mGET\u001b[39m \u001b[34m304\u001b[39m \u001b[35m/api/v1/signal\u001b[39m \u001b[93m8 ms\u001b[39m","size":0,"timestamp":"2026-08-11 11:52:12"}
{"level":"info","message":" Incoming Request \u001b[32mGET\u001b[39m \u001b[34m304\u001b[39m \u001b[35m/api/v1/user/my-profile\u001b[39m \u001b[93m5 ms\u001b[39m","size":0,"timestamp":"2026-08-11 11:52:18"}
{"level":"info","message":" Incoming Request \u001b[32mGET\u001b[39m \u001b[34m304\u001b[39m \u001b[35m/api/v1/post\u001b[39m \u001b[93m6 ms\u001b[39m","size":0,"timestamp":"2026-08-11 11:52:18"}
{"level":"info","message":" Incoming Request \u001b[32mGET\u001b[39m \u001b[34m304\u001b[39m \u001b[35m/api/v1/signal\u001b[39m \u001b[93m8 ms\u001b[39m","size":0,"timestamp":"2026-08-11 11:52:20"}
{"level":"info","message":" Incoming Request \u001b[32mGET\u001b[39m \u001b[34m304\u001b[39m \u001b[35m/api/v1/signal/types\u001b[39m \u001b[93m9 ms\u001b[39m","size":0,"timestamp":"2026-08-11 11:52:20"}
{"level":"info","message":" Incoming Request \u001b[34mPOST\u001b[39m \u001b[32m200\u001b[39m \u001b[35m/api/v1/signal/6a79606e33503ad74357683f/publish\u001b[39m \u001b[93m17 ms\u001b[39m","size":"417","timestamp":"2026-08-11 11:52:32"}
{"level":"info","message":" Incoming Request \u001b[32mGET\u001b[39m \u001b[32m200\u001b[39m \u001b[35m/api/v1/signal\u001b[39m \u001b[93m13 ms\u001b[39m","size":"6566","timestamp":"2026-08-11 11:52:32"}
{"level":"info","message":" Incoming Request \u001b[32mGET\u001b[39m \u001b[32m200\u001b[39m \u001b[35m/api/v1/signal/app\u001b[39m \u001b[93m10 ms\u001b[39m","size":"1370","timestamp":"2026-08-11 11:52:34"}
{"level":"info","message":" Incoming Request \u001b[31mDELETE\u001b[39m \u001b[32m200\u001b[39m \u001b[35m/api/v1/signal/6a79606e33503ad743576846\u001b[39m \u001b[93m30 ms\u001b[39m","size":"85","timestamp":"2026-08-11 11:52:40"}
{"level":"info","message":" Incoming Request \u001b[32mGET\u001b[39m \u001b[32m200\u001b[39m \u001b[35m/api/v1/signal\u001b[39m \u001b[93m13 ms\u001b[39m","size":"6182","timestamp":"2026-08-11 11:52:40"}
{"level":"info","message":" Incoming Request \u001b[34mPOST\u001b[39m \u001b[32m200\u001b[39m \u001b[35m/api/v1/signal/6a79606e33503ad743576843/archive\u001b[39m \u001b[93m11 ms\u001b[39m","size":"465","timestamp":"2026-08-11 11:52:49"}
{"level":"info","message":" Incoming Request \u001b[32mGET\u001b[39m \u001b[32m200\u001b[39m \u001b[35m/api/v1/signal\u001b[39m \u001b[93m11 ms\u001b[39m","size":"5800","timestamp":"2026-08-11 11:52:49"}
{"level":"info","message":" Incoming Request \u001b[32mGET\u001b[39m \u001b[34m304\u001b[39m \u001b[35m/api/v1/user/my-profile\u001b[39m \u001b[93m6 ms\u001b[39m","size":0,"timestamp":"2026-08-11 11:53:40"}
{"level":"info","message":" Incoming Request \u001b[32mGET\u001b[39m \u001b[34m304\u001b[39m \u001b[35m/api/v1/post\u001b[39m \u001b[93m8 ms\u001b[39m","size":0,"timestamp":"2026-08-11 11:53:40"}
{"level":"info","message":" Incoming Request \u001b[32mGET\u001b[39m \u001b[34m304\u001b[39m \u001b[35m/api/v1/signal\u001b[39m \u001b[93m9 ms\u001b[39m","size":0,"timestamp":"2026-08-11 11:53:44"}
{"level":"info","message":" Incoming Request \u001b[32mGET\u001b[39m \u001b[34m304\u001b[39m \u001b[35m/api/v1/signal/types\u001b[39m \u001b[93m8 ms\u001b[39m","size":0,"timestamp":"2026-08-11 11:53:44"}
{"level":"info","message":" Incoming Request \u001b[32mGET\u001b[39m \u001b[32m200\u001b[39m \u001b[35m/api/v1/signal?status=Active\u001b[39m \u001b[93m6 ms\u001b[39m","size":"3527","timestamp":"2026-08-11 11:55:42"}
{"level":"info","message":" Incoming Request \u001b[32mGET\u001b[39m \u001b[34m304\u001b[39m \u001b[35m/api/v1/signal/types\u001b[39m \u001b[93m23 ms\u001b[39m","size":0,"timestamp":"2026-08-11 11:55:45"}
{"level":"info","message":" Incoming Request \u001b[32mGET\u001b[39m \u001b[34m304\u001b[39m \u001b[35m/api/v1/user/my-profile\u001b[39m \u001b[93m23 ms\u001b[39m","size":0,"timestamp":"2026-08-11 11:55:45"}
{"level":"info","message":" Incoming Request \u001b[32mGET\u001b[39m \u001b[34m304\u001b[39m \u001b[35m/api/v1/signal\u001b[39m \u001b[93m28 ms\u001b[39m","size":0,"timestamp":"2026-08-11 11:55:45"}
{"level":"info","message":" Incoming Request \u001b[32mGET\u001b[39m \u001b[34m304\u001b[39m \u001b[35m/api/v1/signal?status=Active\u001b[39m \u001b[93m9 ms\u001b[39m","size":0,"timestamp":"2026-08-11 11:55:49"}
{"level":"info","message":" Incoming Request \u001b[32mGET\u001b[39m \u001b[32m200\u001b[39m \u001b[35m/api/v1/subscription/user/current\u001b[39m \u001b[93m18 ms\u001b[39m","size":"1412","timestamp":"2026-08-11 12:00:01"}
{"level":"info","message":" Incoming Request \u001b[32mGET\u001b[39m \u001b[32m200\u001b[39m \u001b[35m/api/v1/signal?status=Draft\u001b[39m \u001b[93m6 ms\u001b[39m","size":"435","timestamp":"2026-08-11 12:00:40"}
{"level":"info","message":" Incoming Request \u001b[32mGET\u001b[39m \u001b[32m200\u001b[39m \u001b[35m/api/v1/signal?status=Scheduled\u001b[39m \u001b[93m6 ms\u001b[39m","size":"470","timestamp":"2026-08-11 12:00:41"}
{"level":"info","message":" Incoming Request \u001b[32mGET\u001b[39m \u001b[32m200\u001b[39m \u001b[35m/api/v1/signal?status=Closed\u001b[39m \u001b[93m18 ms\u001b[39m","size":"1623","timestamp":"2026-08-11 12:00:42"}
{"level":"info","message":" Incoming Request \u001b[31mDELETE\u001b[39m \u001b[32m200\u001b[39m \u001b[35m/api/v1/signal/6a79606e33503ad743576842\u001b[39m \u001b[93m17 ms\u001b[39m","size":"85","timestamp":"2026-08-11 12:00:52"}
{"level":"info","message":" Incoming Request \u001b[32mGET\u001b[39m \u001b[32m200\u001b[39m \u001b[35m/api/v1/signal?status=Closed\u001b[39m \u001b[93m8 ms\u001b[39m","size":"1252","timestamp":"2026-08-11 12:00:52"}
{"level":"info","message":" Incoming Request \u001b[31mDELETE\u001b[39m \u001b[32m200\u001b[39m \u001b[35m/api/v1/signal/6a79606e33503ad743576847\u001b[39m \u001b[93m10 ms\u001b[39m","size":"85","timestamp":"2026-08-11 12:00:54"}
{"level":"info","message":" Incoming Request \u001b[32mGET\u001b[39m \u001b[32m200\u001b[39m \u001b[35m/api/v1/signal?status=Closed\u001b[39m \u001b[93m8 ms\u001b[39m","size":"865","timestamp":"2026-08-11 12:00:54"}
{"level":"info","message":" Incoming Request \u001b[31mDELETE\u001b[39m \u001b[32m200\u001b[39m \u001b[35m/api/v1/signal/6a79606e33503ad743576848\u001b[39m \u001b[93m15 ms\u001b[39m","size":"85","timestamp":"2026-08-11 12:00:57"}
{"level":"info","message":" Incoming Request \u001b[32mGET\u001b[39m \u001b[32m200\u001b[39m \u001b[35m/api/v1/signal?status=Closed\u001b[39m \u001b[93m7 ms\u001b[39m","size":"470","timestamp":"2026-08-11 12:00:57"}
{"level":"info","message":" Incoming Request \u001b[31mDELETE\u001b[39m \u001b[32m200\u001b[39m \u001b[35m/api/v1/signal/6a79606e33503ad743576849\u001b[39m \u001b[93m6 ms\u001b[39m","size":"85","timestamp":"2026-08-11 12:00:59"}
{"level":"info","message":" Incoming Request \u001b[32mGET\u001b[39m \u001b[32m200\u001b[39m \u001b[35m/api/v1/signal?status=Closed\u001b[39m \u001b[93m6 ms\u001b[39m","size":"86","timestamp":"2026-08-11 12:00:59"}
{"level":"info","message":" Incoming Request \u001b[32mGET\u001b[39m \u001b[32m200\u001b[39m \u001b[35m/api/v1/signal\u001b[39m \u001b[93m10 ms\u001b[39m","size":"4262","timestamp":"2026-08-11 12:01:00"}
{"level":"info","message":" Incoming Request \u001b[31mDELETE\u001b[39m \u001b[32m200\u001b[39m \u001b[35m/api/v1/signal/6a79606e33503ad74357683b\u001b[39m \u001b[93m19 ms\u001b[39m","size":"85","timestamp":"2026-08-11 12:01:06"}
{"level":"info","message":" Incoming Request \u001b[32mGET\u001b[39m \u001b[32m200\u001b[39m \u001b[35m/api/v1/signal\u001b[39m \u001b[93m21 ms\u001b[39m","size":"3927","timestamp":"2026-08-11 12:01:06"}
{"level":"info","message":" Incoming Request \u001b[31mDELETE\u001b[39m \u001b[32m200\u001b[39m \u001b[35m/api/v1/signal/6a79606e33503ad74357683c\u001b[39m \u001b[93m14 ms\u001b[39m","size":"85","timestamp":"2026-08-11 12:01:09"}
{"level":"info","message":" Incoming Request \u001b[32mGET\u001b[39m \u001b[32m200\u001b[39m \u001b[35m/api/v1/signal\u001b[39m \u001b[93m9 ms\u001b[39m","size":"3576","timestamp":"2026-08-11 12:01:09"}
{"level":"info","message":" Incoming Request \u001b[31mDELETE\u001b[39m \u001b[32m200\u001b[39m \u001b[35m/api/v1/signal/6a79606e33503ad74357683d\u001b[39m \u001b[93m15 ms\u001b[39m","size":"85","timestamp":"2026-08-11 12:01:11"}
{"level":"info","message":" Incoming Request \u001b[32mGET\u001b[39m \u001b[32m200\u001b[39m \u001b[35m/api/v1/signal\u001b[39m \u001b[93m19 ms\u001b[39m","size":"3247","timestamp":"2026-08-11 12:01:11"}
{"level":"info","message":" Incoming Request \u001b[31mDELETE\u001b[39m \u001b[32m200\u001b[39m \u001b[35m/api/v1/signal/6a79606e33503ad74357683e\u001b[39m \u001b[93m24 ms\u001b[39m","size":"85","timestamp":"2026-08-11 12:01:13"}
{"level":"info","message":" Incoming Request \u001b[32mGET\u001b[39m \u001b[32m200\u001b[39m \u001b[35m/api/v1/signal\u001b[39m \u001b[93m26 ms\u001b[39m","size":"2897","timestamp":"2026-08-11 12:01:13"}
{"level":"info","message":" Incoming Request \u001b[31mDELETE\u001b[39m \u001b[32m200\u001b[39m \u001b[35m/api/v1/signal/6a79606e33503ad74357683f\u001b[39m \u001b[93m22 ms\u001b[39m","size":"85","timestamp":"2026-08-11 12:01:15"}
{"level":"info","message":" Incoming Request \u001b[32mGET\u001b[39m \u001b[32m200\u001b[39m \u001b[35m/api/v1/signal\u001b[39m \u001b[93m23 ms\u001b[39m","size":"2562","timestamp":"2026-08-11 12:01:15"}
{"level":"info","message":" Incoming Request \u001b[31mDELETE\u001b[39m \u001b[32m200\u001b[39m \u001b[35m/api/v1/signal/6a79606e33503ad743576840\u001b[39m \u001b[93m9 ms\u001b[39m","size":"85","timestamp":"2026-08-11 12:01:18"}
{"level":"info","message":" Incoming Request \u001b[32mGET\u001b[39m \u001b[32m200\u001b[39m \u001b[35m/api/v1/signal\u001b[39m \u001b[93m7 ms\u001b[39m","size":"2187","timestamp":"2026-08-11 12:01:18"}
{"level":"info","message":" Incoming Request \u001b[31mDELETE\u001b[39m \u001b[32m200\u001b[39m \u001b[35m/api/v1/signal/6a79606e33503ad743576841\u001b[39m \u001b[93m25 ms\u001b[39m","size":"85","timestamp":"2026-08-11 12:01:20"}
{"level":"info","message":" Incoming Request \u001b[32mGET\u001b[39m \u001b[32m200\u001b[39m \u001b[35m/api/v1/signal\u001b[39m \u001b[93m6 ms\u001b[39m","size":"1802","timestamp":"2026-08-11 12:01:20"}
{"level":"info","message":" Incoming Request \u001b[31mDELETE\u001b[39m \u001b[32m200\u001b[39m \u001b[35m/api/v1/signal/6a79606e33503ad743576844\u001b[39m \u001b[93m5 ms\u001b[39m","size":"85","timestamp":"2026-08-11 12:01:22"}
{"level":"info","message":" Incoming Request \u001b[32mGET\u001b[39m \u001b[32m200\u001b[39m \u001b[35m/api/v1/signal\u001b[39m \u001b[93m19 ms\u001b[39m","size":"1463","timestamp":"2026-08-11 12:01:22"}
{"level":"info","message":" Incoming Request \u001b[31mDELETE\u001b[39m \u001b[32m200\u001b[39m \u001b[35m/api/v1/signal/6a79606e33503ad743576845\u001b[39m \u001b[93m16 ms\u001b[39m","size":"85","timestamp":"2026-08-11 12:01:24"}
{"level":"info","message":" Incoming Request \u001b[32mGET\u001b[39m \u001b[32m200\u001b[39m \u001b[35m/api/v1/signal\u001b[39m \u001b[93m10 ms\u001b[39m","size":"1120","timestamp":"2026-08-11 12:01:24"}
{"level":"info","message":" Incoming Request \u001b[31mDELETE\u001b[39m \u001b[32m200\u001b[39m \u001b[35m/api/v1/signal/6a79606e33503ad743576838\u001b[39m \u001b[93m11 ms\u001b[39m","size":"85","timestamp":"2026-08-11 12:01:26"}
{"level":"info","message":" Incoming Request \u001b[32mGET\u001b[39m \u001b[32m200\u001b[39m \u001b[35m/api/v1/signal\u001b[39m \u001b[93m11 ms\u001b[39m","size":"771","timestamp":"2026-08-11 12:01:26"}
{"level":"info","message":" Incoming Request \u001b[31mDELETE\u001b[39m \u001b[32m200\u001b[39m \u001b[35m/api/v1/signal/6a79606e33503ad74357683a\u001b[39m \u001b[93m22 ms\u001b[39m","size":"85","timestamp":"2026-08-11 12:01:29"}
{"level":"info","message":" Incoming Request \u001b[32mGET\u001b[39m \u001b[32m200\u001b[39m \u001b[35m/api/v1/signal\u001b[39m \u001b[93m14 ms\u001b[39m","size":"428","timestamp":"2026-08-11 12:01:29"}
{"level":"info","message":" Incoming Request \u001b[31mDELETE\u001b[39m \u001b[32m200\u001b[39m \u001b[35m/api/v1/signal/6a79606e33503ad743576839\u001b[39m \u001b[93m5 ms\u001b[39m","size":"85","timestamp":"2026-08-11 12:01:31"}
{"level":"info","message":" Incoming Request \u001b[32mGET\u001b[39m \u001b[32m200\u001b[39m \u001b[35m/api/v1/signal\u001b[39m \u001b[93m5 ms\u001b[39m","size":"86","timestamp":"2026-08-11 12:01:31"}
{"level":"info","message":" Incoming Request \u001b[32mGET\u001b[39m \u001b[32m200\u001b[39m \u001b[35m/api/v1/signal?status=Active\u001b[39m \u001b[93m4 ms\u001b[39m","size":"86","timestamp":"2026-08-11 12:01:33"}
{"level":"info","message":" Incoming Request \u001b[32mGET\u001b[39m \u001b[32m200\u001b[39m \u001b[35m/api/v1/signal?status=Draft\u001b[39m \u001b[93m6 ms\u001b[39m","size":"86","timestamp":"2026-08-11 12:01:34"}
{"level":"info","message":" Incoming Request \u001b[32mGET\u001b[39m \u001b[32m200\u001b[39m \u001b[35m/api/v1/signal?status=Scheduled\u001b[39m \u001b[93m7 ms\u001b[39m","size":"86","timestamp":"2026-08-11 12:01:34"}
{"level":"info","message":" Incoming Request \u001b[32mGET\u001b[39m \u001b[34m304\u001b[39m \u001b[35m/api/v1/signal?status=Closed\u001b[39m \u001b[93m5 ms\u001b[39m","size":0,"timestamp":"2026-08-11 12:01:35"}
{"level":"info","message":" Incoming Request \u001b[32mGET\u001b[39m \u001b[34m304\u001b[39m \u001b[35m/api/v1/signal\u001b[39m \u001b[93m4 ms\u001b[39m","size":0,"timestamp":"2026-08-11 12:01:37"}
{"level":"info","message":" Incoming Request \u001b[32mGET\u001b[39m \u001b[34m304\u001b[39m \u001b[35m/api/v1/user/my-profile\u001b[39m \u001b[93m4 ms\u001b[39m","size":0,"timestamp":"2026-08-11 12:01:37"}
{"level":"info","message":" Incoming Request \u001b[32mGET\u001b[39m \u001b[34m304\u001b[39m \u001b[35m/api/v1/signal/types\u001b[39m \u001b[93m9 ms\u001b[39m","size":0,"timestamp":"2026-08-11 12:01:37"}
{"level":"info","message":" Incoming Request \u001b[32mGET\u001b[39m \u001b[32m200\u001b[39m \u001b[35m/api/v1/signal/app\u001b[39m \u001b[93m10 ms\u001b[39m","size":"456","timestamp":"2026-08-11 12:01:40"}
{"level":"info","message":" Incoming Request \u001b[32mGET\u001b[39m \u001b[34m304\u001b[39m \u001b[35m/api/v1/signal/types\u001b[39m \u001b[93m6 ms\u001b[39m","size":0,"timestamp":"2026-08-11 12:02:11"}
{"level":"info","message":" Incoming Request \u001b[32mGET\u001b[39m \u001b[34m304\u001b[39m \u001b[35m/api/v1/signal\u001b[39m \u001b[93m5 ms\u001b[39m","size":0,"timestamp":"2026-08-11 12:02:11"}
{"level":"info","message":" Incoming Request \u001b[32mGET\u001b[39m \u001b[34m304\u001b[39m \u001b[35m/api/v1/user/my-profile\u001b[39m \u001b[93m8 ms\u001b[39m","size":0,"timestamp":"2026-08-11 12:02:11"}
{"level":"info","message":" Incoming Request \u001b[32mGET\u001b[39m \u001b[34m304\u001b[39m \u001b[35m/api/v1/signal\u001b[39m \u001b[93m23 ms\u001b[39m","size":0,"timestamp":"2026-08-11 12:04:14"}
{"level":"info","message":" Incoming Request \u001b[32mGET\u001b[39m \u001b[34m304\u001b[39m \u001b[35m/api/v1/signal/types\u001b[39m \u001b[93m20 ms\u001b[39m","size":0,"timestamp":"2026-08-11 12:04:14"}
{"level":"info","message":" Incoming Request \u001b[32mGET\u001b[39m \u001b[34m304\u001b[39m \u001b[35m/api/v1/user/my-profile\u001b[39m \u001b[93m18 ms\u001b[39m","size":0,"timestamp":"2026-08-11 12:04:14"}
{"level":"info","message":" Incoming Request \u001b[32mGET\u001b[39m \u001b[34m304\u001b[39m \u001b[35m/api/v1/post\u001b[39m \u001b[93m18 ms\u001b[39m","size":0,"timestamp":"2026-08-11 12:04:17"}
{"level":"info","message":" Incoming Request \u001b[32mGET\u001b[39m \u001b[34m304\u001b[39m \u001b[35m/api/v1/notification\u001b[39m \u001b[93m22 ms\u001b[39m","size":0,"timestamp":"2026-08-11 12:06:14"}
{"level":"info","message":" Incoming Request \u001b[32mGET\u001b[39m \u001b[34m304\u001b[39m \u001b[35m/api/v1/notification/audience-stats\u001b[39m \u001b[93m24 ms\u001b[39m","size":0,"timestamp":"2026-08-11 12:06:14"}
{"level":"info","message":" Incoming Request \u001b[32mGET\u001b[39m \u001b[32m200\u001b[39m \u001b[35m/api/v1/subscription?includeDisabled=true\u001b[39m \u001b[93m4 ms\u001b[39m","size":"2469","timestamp":"2026-08-11 12:06:18"}
{"level":"info","message":" Incoming Request \u001b[32mGET\u001b[39m \u001b[32m200\u001b[39m \u001b[35m/api/v1/subscription/trial-config\u001b[39m \u001b[93m15 ms\u001b[39m","size":"412","timestamp":"2026-08-11 12:06:18"}
{"level":"info","message":" Incoming Request \u001b[34mPOST\u001b[39m \u001b[31m400\u001b[39m \u001b[35m/api/v1/subscription/purchase/initiate\u001b[39m \u001b[93m19 ms\u001b[39m","size":"276","timestamp":"2026-08-11 12:06:58"}
{"level":"info","message":" Incoming Request \u001b[32mGET\u001b[39m \u001b[32m200\u001b[39m \u001b[35m/api/v1/subscription\u001b[39m \u001b[93m3 ms\u001b[39m","size":"2469","timestamp":"2026-08-11 12:07:40"}
{"level":"info","message":" Incoming Request \u001b[32mGET\u001b[39m \u001b[34m304\u001b[39m \u001b[35m/api/v1/signal/types\u001b[39m \u001b[93m6 ms\u001b[39m","size":0,"timestamp":"2026-08-11 12:07:40"}
{"level":"info","message":" Incoming Request \u001b[32mGET\u001b[39m \u001b[34m304\u001b[39m \u001b[35m/api/v1/subscription\u001b[39m \u001b[93m5 ms\u001b[39m","size":0,"timestamp":"2026-08-11 12:08:01"}
{"level":"info","message":" Incoming Request \u001b[32mGET\u001b[39m \u001b[34m304\u001b[39m \u001b[35m/api/v1/user/my-profile\u001b[39m \u001b[93m8 ms\u001b[39m","size":0,"timestamp":"2026-08-11 12:08:01"}
{"level":"info","message":" Incoming Request \u001b[32mGET\u001b[39m \u001b[34m304\u001b[39m \u001b[35m/api/v1/signal/types\u001b[39m \u001b[93m8 ms\u001b[39m","size":0,"timestamp":"2026-08-11 12:08:01"}
{"level":"info","message":" Incoming Request \u001b[33mPATCH\u001b[39m \u001b[32m200\u001b[39m \u001b[35m/api/v1/subscription/6a7568297cf6b6d7cbf527d3\u001b[39m \u001b[93m5 ms\u001b[39m","size":"990","timestamp":"2026-08-11 12:08:14"}
{"level":"info","message":" Incoming Request \u001b[32mGET\u001b[39m \u001b[32m200\u001b[39m \u001b[35m/api/v1/subscription\u001b[39m \u001b[93m3 ms\u001b[39m","size":"2491","timestamp":"2026-08-11 12:08:14"}
{"level":"info","message":" Incoming Request \u001b[32mGET\u001b[39m \u001b[32m200\u001b[39m \u001b[35m/api/v1/subscription?includeDisabled=true\u001b[39m \u001b[93m2 ms\u001b[39m","size":"2491","timestamp":"2026-08-11 12:08:14"}
{"level":"info","message":" Incoming Request \u001b[32mGET\u001b[39m \u001b[34m304\u001b[39m \u001b[35m/api/v1/subscription/trial-config\u001b[39m \u001b[93m11 ms\u001b[39m","size":0,"timestamp":"2026-08-11 12:08:14"}
{"level":"info","message":" Incoming Request \u001b[33mPATCH\u001b[39m \u001b[32m200\u001b[39m \u001b[35m/api/v1/subscription/6a7568297cf6b6d7cbf527d4\u001b[39m \u001b[93m4 ms\u001b[39m","size":"851","timestamp":"2026-08-11 12:08:38"}
{"level":"info","message":" Incoming Request \u001b[32mGET\u001b[39m \u001b[32m200\u001b[39m \u001b[35m/api/v1/subscription\u001b[39m \u001b[93m7 ms\u001b[39m","size":"2498","timestamp":"2026-08-11 12:08:38"}
{"level":"info","message":" Incoming Request \u001b[32mGET\u001b[39m \u001b[32m200\u001b[39m \u001b[35m/api/v1/subscription?includeDisabled=true\u001b[39m \u001b[93m12 ms\u001b[39m","size":"2498","timestamp":"2026-08-11 12:08:38"}
{"level":"info","message":" Incoming Request \u001b[32mGET\u001b[39m \u001b[34m304\u001b[39m \u001b[35m/api/v1/subscription/trial-config\u001b[39m \u001b[93m28 ms\u001b[39m","size":0,"timestamp":"2026-08-11 12:08:38"}
{"level":"info","message":" Incoming Request \u001b[33mPATCH\u001b[39m \u001b[32m200\u001b[39m \u001b[35m/api/v1/subscription/6a7568297cf6b6d7cbf527d5\u001b[39m \u001b[93m5 ms\u001b[39m","size":"839","timestamp":"2026-08-11 12:08:46"}
{"level":"info","message":" Incoming Request \u001b[32mGET\u001b[39m \u001b[32m200\u001b[39m \u001b[35m/api/v1/subscription\u001b[39m \u001b[93m5 ms\u001b[39m","size":"2498","timestamp":"2026-08-11 12:08:46"}
{"level":"info","message":" Incoming Request \u001b[32mGET\u001b[39m \u001b[32m200\u001b[39m \u001b[35m/api/v1/subscription?includeDisabled=true\u001b[39m \u001b[93m6 ms\u001b[39m","size":"2498","timestamp":"2026-08-11 12:08:46"}
{"level":"info","message":" Incoming Request \u001b[32mGET\u001b[39m \u001b[34m304\u001b[39m \u001b[35m/api/v1/subscription/trial-config\u001b[39m \u001b[93m9 ms\u001b[39m","size":0,"timestamp":"2026-08-11 12:08:46"}
{"level":"info","message":" Incoming Request \u001b[32mGET\u001b[39m \u001b[32m200\u001b[39m \u001b[35m/api/v1/user/all-user?page=1&limit=10\u001b[39m \u001b[93m11 ms\u001b[39m","size":"717","timestamp":"2026-08-11 12:08:59"}
{"level":"info","message":" Incoming Request \u001b[32mGET\u001b[39m \u001b[32m200\u001b[39m \u001b[35m/api/v1/coupon\u001b[39m \u001b[93m7 ms\u001b[39m","size":"403","timestamp":"2026-08-11 12:09:04"}
{"level":"info","message":" Incoming Request \u001b[32mGET\u001b[39m \u001b[34m304\u001b[39m \u001b[35m/api/v1/coupon\u001b[39m \u001b[93m5 ms\u001b[39m","size":0,"timestamp":"2026-08-11 12:09:06"}
{"level":"info","message":" Incoming Request \u001b[32mGET\u001b[39m \u001b[32m200\u001b[39m \u001b[35m/api/v1/subscription\u001b[39m \u001b[93m4 ms\u001b[39m","size":"2498","timestamp":"2026-08-11 12:09:14"}
{"level":"info","message":" Incoming Request \u001b[34mPOST\u001b[39m \u001b[32m200\u001b[39m \u001b[35m/api/v1/user/register\u001b[39m \u001b[93m3160 ms\u001b[39m","size":"250","timestamp":"2026-08-11 12:10:18"}
{"level":"info","message":" Incoming Request \u001b[34mPOST\u001b[39m \u001b[32m200\u001b[39m \u001b[35m/api/v1/user/register\u001b[39m \u001b[93m3098 ms\u001b[39m","size":"252","timestamp":"2026-08-11 12:10:25"}
{"level":"info","message":" Incoming Request \u001b[34mPOST\u001b[39m \u001b[32m200\u001b[39m \u001b[35m/api/v1/user/register\u001b[39m \u001b[93m3120 ms\u001b[39m","size":"252","timestamp":"2026-08-11 12:10:34"}
{"level":"info","message":" Incoming Request \u001b[34mPOST\u001b[39m \u001b[32m200\u001b[39m \u001b[35m/api/v1/user/register\u001b[39m \u001b[93m3177 ms\u001b[39m","size":"252","timestamp":"2026-08-11 12:11:08"}
{"level":"info","message":" Incoming Request \u001b[32mGET\u001b[39m \u001b[34m304\u001b[39m \u001b[35m/api/v1/user/my-profile\u001b[39m \u001b[93m4 ms\u001b[39m","size":0,"timestamp":"2026-08-11 12:13:45"}
{"level":"info","message":" Incoming Request \u001b[32mGET\u001b[39m \u001b[34m304\u001b[39m \u001b[35m/api/v1/coupon\u001b[39m \u001b[93m5 ms\u001b[39m","size":0,"timestamp":"2026-08-11 12:13:45"}
{"level":"info","message":" Incoming Request \u001b[34mPOST\u001b[39m \u001b[31m404\u001b[39m \u001b[35m/api/v1/user/login\u001b[39m \u001b[93m3 ms\u001b[39m","size":"158","timestamp":"2026-08-11 12:14:01"}
{"level":"info","message":" Incoming Request \u001b[34mPOST\u001b[39m \u001b[32m200\u001b[39m \u001b[35m/api/v1/user/login\u001b[39m \u001b[93m216 ms\u001b[39m","size":"730","timestamp":"2026-08-11 12:14:13"}
{"level":"info","message":" Incoming Request \u001b[32mGET\u001b[39m \u001b[32m200\u001b[39m \u001b[35m/api/v1/subscription/user/current\u001b[39m \u001b[93m4 ms\u001b[39m","size":"80","timestamp":"2026-08-11 12:14:18"}
{"level":"info","message":" Incoming Request \u001b[32mGET\u001b[39m \u001b[34m304\u001b[39m \u001b[35m/api/v1/subscription?includeDisabled=true\u001b[39m \u001b[93m6 ms\u001b[39m","size":0,"timestamp":"2026-08-11 12:14:54"}
{"level":"info","message":" Incoming Request \u001b[32mGET\u001b[39m \u001b[32m200\u001b[39m \u001b[35m/api/v1/subscription/trial-config\u001b[39m \u001b[93m12 ms\u001b[39m","size":"412","timestamp":"2026-08-11 12:14:54"}
{"level":"info","message":" Incoming Request \u001b[32mGET\u001b[39m \u001b[34m304\u001b[39m \u001b[35m/api/v1/signal/types\u001b[39m \u001b[93m4 ms\u001b[39m","size":0,"timestamp":"2026-08-11 12:15:01"}
{"level":"info","message":" Incoming Request \u001b[32mGET\u001b[39m \u001b[34m304\u001b[39m \u001b[35m/api/v1/subscription\u001b[39m \u001b[93m3 ms\u001b[39m","size":0,"timestamp":"2026-08-11 12:15:01"}
{"level":"info","message":" Incoming Request \u001b[33mPATCH\u001b[39m \u001b[32m200\u001b[39m \u001b[35m/api/v1/subscription/6a7568297cf6b6d7cbf527d4\u001b[39m \u001b[93m7 ms\u001b[39m","size":"851","timestamp":"2026-08-11 12:15:11"}
{"level":"info","message":" Incoming Request \u001b[32mGET\u001b[39m \u001b[32m200\u001b[39m \u001b[35m/api/v1/subscription\u001b[39m \u001b[93m5 ms\u001b[39m","size":"2498","timestamp":"2026-08-11 12:15:11"}
{"level":"info","message":" Incoming Request \u001b[32mGET\u001b[39m \u001b[32m200\u001b[39m \u001b[35m/api/v1/subscription?includeDisabled=true\u001b[39m \u001b[93m7 ms\u001b[39m","size":"2498","timestamp":"2026-08-11 12:15:11"}
{"level":"info","message":" Incoming Request \u001b[32mGET\u001b[39m \u001b[34m304\u001b[39m \u001b[35m/api/v1/subscription/trial-config\u001b[39m \u001b[93m11 ms\u001b[39m","size":0,"timestamp":"2026-08-11 12:15:11"}
{"level":"info","message":" Incoming Request \u001b[32mGET\u001b[39m \u001b[32m200\u001b[39m \u001b[35m/api/v1/subscription\u001b[39m \u001b[93m3 ms\u001b[39m","size":"2498","timestamp":"2026-08-11 12:15:17"}
{"level":"info","message":" Incoming Request \u001b[34mPOST\u001b[39m \u001b[32m201\u001b[39m \u001b[35m/api/v1/subscription/purchase/initiate\u001b[39m \u001b[93m44 ms\u001b[39m","size":"770","timestamp":"2026-08-11 12:16:47"}
{"level":"info","message":" Incoming Request \u001b[32mGET\u001b[39m \u001b[32m200\u001b[39m \u001b[35m/api/v1/notification/audience-stats\u001b[39m \u001b[93m53 ms\u001b[39m","size":"139","timestamp":"2026-08-11 12:16:51"}
{"level":"info","message":" Incoming Request \u001b[32mGET\u001b[39m \u001b[34m304\u001b[39m \u001b[35m/api/v1/signal/types\u001b[39m \u001b[93m49 ms\u001b[39m","size":0,"timestamp":"2026-08-11 12:16:51"}
{"level":"info","message":" Incoming Request \u001b[32mGET\u001b[39m \u001b[32m200\u001b[39m \u001b[35m/api/v1/dashboard/stats?range=6M\u001b[39m \u001b[93m232 ms\u001b[39m","size":"1638","timestamp":"2026-08-11 12:16:51"}
{"level":"info","message":" Incoming Request \u001b[32mGET\u001b[39m \u001b[34m304\u001b[39m \u001b[35m/api/v1/notification/audience-stats\u001b[39m \u001b[93m22 ms\u001b[39m","size":0,"timestamp":"2026-08-11 12:16:54"}
{"level":"info","message":" Incoming Request \u001b[32mGET\u001b[39m \u001b[34m304\u001b[39m \u001b[35m/api/v1/signal/types\u001b[39m \u001b[93m25 ms\u001b[39m","size":0,"timestamp":"2026-08-11 12:16:54"}
{"level":"info","message":" Incoming Request \u001b[32mGET\u001b[39m \u001b[34m304\u001b[39m \u001b[35m/api/v1/user/my-profile\u001b[39m \u001b[93m18 ms\u001b[39m","size":0,"timestamp":"2026-08-11 12:16:54"}
{"level":"info","message":" Incoming Request \u001b[32mGET\u001b[39m \u001b[34m304\u001b[39m \u001b[35m/api/v1/dashboard/stats?range=6M\u001b[39m \u001b[93m142 ms\u001b[39m","size":0,"timestamp":"2026-08-11 12:16:54"}
{"level":"info","message":" Incoming Request \u001b[32mGET\u001b[39m \u001b[32m200\u001b[39m \u001b[35m/api/v1/subscription/user/current\u001b[39m \u001b[93m9 ms\u001b[39m","size":"1297","timestamp":"2026-08-11 12:17:06"}
{"level":"info","message":" Incoming Request \u001b[32mGET\u001b[39m \u001b[32m200\u001b[39m \u001b[35m/api/v1/signal/app\u001b[39m \u001b[93m10 ms\u001b[39m","size":"435","timestamp":"2026-08-11 12:17:18"}
{"level":"info","message":" Incoming Request \u001b[32mGET\u001b[39m \u001b[34m304\u001b[39m \u001b[35m/api/v1/subscription?includeDisabled=true\u001b[39m \u001b[93m15 ms\u001b[39m","size":0,"timestamp":"2026-08-11 12:17:34"}
{"level":"info","message":" Incoming Request \u001b[32mGET\u001b[39m \u001b[32m200\u001b[39m \u001b[35m/api/v1/subscription/trial-config\u001b[39m \u001b[93m33 ms\u001b[39m","size":"412","timestamp":"2026-08-11 12:17:34"}
{"level":"info","message":" Incoming Request \u001b[32mGET\u001b[39m \u001b[34m304\u001b[39m \u001b[35m/api/v1/subscription\u001b[39m \u001b[93m4 ms\u001b[39m","size":0,"timestamp":"2026-08-11 12:17:38"}
{"level":"info","message":" Incoming Request \u001b[33mPATCH\u001b[39m \u001b[32m200\u001b[39m \u001b[35m/api/v1/subscription/6a7568297cf6b6d7cbf527d4\u001b[39m \u001b[93m3 ms\u001b[39m","size":"862","timestamp":"2026-08-11 12:18:11"}
{"level":"info","message":" Incoming Request \u001b[32mGET\u001b[39m \u001b[32m200\u001b[39m \u001b[35m/api/v1/subscription\u001b[39m \u001b[93m4 ms\u001b[39m","size":"2509","timestamp":"2026-08-11 12:18:11"}
{"level":"info","message":" Incoming Request \u001b[32mGET\u001b[39m \u001b[32m200\u001b[39m \u001b[35m/api/v1/subscription?includeDisabled=true\u001b[39m \u001b[93m7 ms\u001b[39m","size":"2509","timestamp":"2026-08-11 12:18:11"}
{"level":"info","message":" Incoming Request \u001b[32mGET\u001b[39m \u001b[34m304\u001b[39m \u001b[35m/api/v1/subscription/trial-config\u001b[39m \u001b[93m14 ms\u001b[39m","size":0,"timestamp":"2026-08-11 12:18:11"}
{"level":"info","message":" Incoming Request \u001b[32mGET\u001b[39m \u001b[32m200\u001b[39m \u001b[35m/api/v1/signal/app\u001b[39m \u001b[93m9 ms\u001b[39m","size":"446","timestamp":"2026-08-11 12:18:15"}
{"level":"info","message":" Incoming Request \u001b[32mGET\u001b[39m \u001b[32m200\u001b[39m \u001b[35m/api/v1/subscription?includeDisabled=true\u001b[39m \u001b[93m13 ms\u001b[39m","size":"2578","timestamp":"2026-08-11 12:25:31"}
{"level":"info","message":" Incoming Request \u001b[32mGET\u001b[39m \u001b[34m304\u001b[39m \u001b[35m/api/v1/user/my-profile\u001b[39m \u001b[93m25 ms\u001b[39m","size":0,"timestamp":"2026-08-11 12:25:31"}
{"level":"info","message":" Incoming Request \u001b[32mGET\u001b[39m \u001b[34m304\u001b[39m \u001b[35m/api/v1/subscription/trial-config\u001b[39m \u001b[93m31 ms\u001b[39m","size":0,"timestamp":"2026-08-11 12:25:31"}
{"level":"info","message":" Incoming Request \u001b[32mGET\u001b[39m \u001b[32m200\u001b[39m \u001b[35m/api/v1/subscription\u001b[39m \u001b[93m4 ms\u001b[39m","size":"2578","timestamp":"2026-08-11 12:25:35"}
{"level":"info","message":" Incoming Request \u001b[32mGET\u001b[39m \u001b[34m304\u001b[39m \u001b[35m/api/v1/signal/types\u001b[39m \u001b[93m7 ms\u001b[39m","size":0,"timestamp":"2026-08-11 12:25:35"}
{"level":"info","message":" Incoming Request \u001b[32mGET\u001b[39m \u001b[34m304\u001b[39m \u001b[35m/api/v1/notification/audience-stats\u001b[39m \u001b[93m73 ms\u001b[39m","size":0,"timestamp":"2026-08-11 12:25:57"}
{"level":"info","message":" Incoming Request \u001b[32mGET\u001b[39m \u001b[32m200\u001b[39m \u001b[35m/api/v1/dashboard/stats?range=6M\u001b[39m \u001b[93m182 ms\u001b[39m","size":"1637","timestamp":"2026-08-11 12:25:57"}
{"level":"info","message":" Incoming Request \u001b[33mPATCH\u001b[39m \u001b[32m200\u001b[39m \u001b[35m/api/v1/subscription/6a7568297cf6b6d7cbf527d4\u001b[39m \u001b[93m9 ms\u001b[39m","size":"893","timestamp":"2026-08-11 12:26:19"}
{"level":"info","message":" Incoming Request \u001b[32mGET\u001b[39m \u001b[32m200\u001b[39m \u001b[35m/api/v1/subscription\u001b[39m \u001b[93m2 ms\u001b[39m","size":"2586","timestamp":"2026-08-11 12:26:19"}
{"level":"info","message":" Incoming Request \u001b[32mGET\u001b[39m \u001b[32m200\u001b[39m \u001b[35m/api/v1/subscription?includeDisabled=true\u001b[39m \u001b[93m3 ms\u001b[39m","size":"2586","timestamp":"2026-08-11 12:26:19"}
{"level":"info","message":" Incoming Request \u001b[32mGET\u001b[39m \u001b[34m304\u001b[39m \u001b[35m/api/v1/subscription/trial-config\u001b[39m \u001b[93m8 ms\u001b[39m","size":0,"timestamp":"2026-08-11 12:26:19"}
{"level":"info","message":" Incoming Request \u001b[32mGET\u001b[39m \u001b[33m500\u001b[39m \u001b[35m/api/v1/signal/app\u001b[39m \u001b[93m6 ms\u001b[39m","size":"220","timestamp":"2026-08-11 12:26:25"}
{"level":"info","message":" Incoming Request \u001b[32mGET\u001b[39m \u001b[32m200\u001b[39m \u001b[35m/api/v1/subscription?includeDisabled=true\u001b[39m \u001b[93m22 ms\u001b[39m","size":"92","timestamp":"2026-08-11 12:26:47"}
{"level":"info","message":" Incoming Request \u001b[32mGET\u001b[39m \u001b[31m401\u001b[39m \u001b[35m/api/v1/user/my-profile\u001b[39m \u001b[93m26 ms\u001b[39m","size":"164","timestamp":"2026-08-11 12:26:47"}
{"level":"info","message":" Incoming Request \u001b[32mGET\u001b[39m \u001b[32m200\u001b[39m \u001b[35m/api/v1/subscription/trial-config\u001b[39m \u001b[93m96 ms\u001b[39m","size":"412","timestamp":"2026-08-11 12:26:47"}
{"level":"info","message":" Incoming Request \u001b[34mPOST\u001b[39m \u001b[31m404\u001b[39m \u001b[35m/api/v1/user/login\u001b[39m \u001b[93m3 ms\u001b[39m","size":"158","timestamp":"2026-08-11 12:27:03"}
{"level":"info","message":" Incoming Request \u001b[34mPOST\u001b[39m \u001b[31m403\u001b[39m \u001b[35m/api/v1/user/login\u001b[39m \u001b[93m13 ms\u001b[39m","size":"254","timestamp":"2026-08-11 12:27:38"}
{"level":"info","message":" Incoming Request \u001b[34mPOST\u001b[39m \u001b[32m200\u001b[39m \u001b[35m/api/v1/user/login\u001b[39m \u001b[93m228 ms\u001b[39m","size":"694","timestamp":"2026-08-11 12:29:12"}
{"level":"info","message":" Incoming Request \u001b[32mGET\u001b[39m \u001b[32m200\u001b[39m \u001b[35m/api/v1/subscription?includeDisabled=true\u001b[39m \u001b[93m12 ms\u001b[39m","size":"2511","timestamp":"2026-08-11 12:29:12"}
{"level":"info","message":" Incoming Request \u001b[32mGET\u001b[39m \u001b[32m200\u001b[39m \u001b[35m/api/v1/user/my-profile\u001b[39m \u001b[93m15 ms\u001b[39m","size":"474","timestamp":"2026-08-11 12:29:12"}
{"level":"info","message":" Incoming Request \u001b[32mGET\u001b[39m \u001b[32m200\u001b[39m \u001b[35m/api/v1/subscription/trial-config\u001b[39m \u001b[93m19 ms\u001b[39m","size":"412","timestamp":"2026-08-11 12:29:12"}
{"level":"info","message":" Incoming Request \u001b[32mGET\u001b[39m \u001b[32m200\u001b[39m \u001b[35m/api/v1/signal/types\u001b[39m \u001b[93m93 ms\u001b[39m","size":"860","timestamp":"2026-08-11 12:29:21"}
{"level":"info","message":" Incoming Request \u001b[32mGET\u001b[39m \u001b[32m200\u001b[39m \u001b[35m/api/v1/notification/audience-stats\u001b[39m \u001b[93m155 ms\u001b[39m","size":"139","timestamp":"2026-08-11 12:29:21"}
{"level":"info","message":" Incoming Request \u001b[32mGET\u001b[39m \u001b[32m200\u001b[39m \u001b[35m/api/v1/dashboard/stats?range=6M\u001b[39m \u001b[93m260 ms\u001b[39m","size":"1104","timestamp":"2026-08-11 12:29:21"}
{"level":"info","message":" Incoming Request \u001b[32mGET\u001b[39m \u001b[34m304\u001b[39m \u001b[35m/api/v1/signal\u001b[39m \u001b[93m8 ms\u001b[39m","size":0,"timestamp":"2026-08-11 12:29:26"}
{"level":"info","message":" Incoming Request \u001b[32mGET\u001b[39m \u001b[32m200\u001b[39m \u001b[35m/api/v1/post\u001b[39m \u001b[93m11 ms\u001b[39m","size":"84","timestamp":"2026-08-11 12:29:28"}
{"level":"info","message":" Incoming Request \u001b[32mGET\u001b[39m \u001b[32m200\u001b[39m \u001b[35m/api/v1/notification\u001b[39m \u001b[93m7 ms\u001b[39m","size":"92","timestamp":"2026-08-11 12:29:29"}
{"level":"info","message":" Incoming Request \u001b[32mGET\u001b[39m \u001b[32m200\u001b[39m \u001b[35m/api/v1/user/all-user?page=1&limit=10\u001b[39m \u001b[93m16 ms\u001b[39m","size":"173","timestamp":"2026-08-11 12:29:31"}
{"level":"info","message":" Incoming Request \u001b[32mGET\u001b[39m \u001b[32m200\u001b[39m \u001b[35m/api/v1/coupon\u001b[39m \u001b[93m24 ms\u001b[39m","size":"1204","timestamp":"2026-08-11 12:29:32"}
{"level":"info","message":" Incoming Request \u001b[32mGET\u001b[39m \u001b[31m401\u001b[39m \u001b[35m/api/v1/user/my-profile\u001b[39m \u001b[93m5 ms\u001b[39m","size":"164","timestamp":"2026-08-11 12:33:34"}
{"level":"info","message":" Incoming Request \u001b[32mGET\u001b[39m \u001b[32m200\u001b[39m \u001b[35m/api/v1/coupon\u001b[39m \u001b[93m100 ms\u001b[39m","size":"1204","timestamp":"2026-08-11 12:33:34"}
{"level":"info","message":" Incoming Request \u001b[34mPOST\u001b[39m \u001b[32m200\u001b[39m \u001b[35m/api/v1/user/login\u001b[39m \u001b[93m220 ms\u001b[39m","size":"743","timestamp":"2026-08-11 12:37:31"}
{"level":"info","message":" Incoming Request \u001b[34mPOST\u001b[39m \u001b[32m200\u001b[39m \u001b[35m/api/v1/user/login\u001b[39m \u001b[93m225 ms\u001b[39m","size":"694","timestamp":"2026-08-11 12:37:47"}
{"level":"info","message":" Incoming Request \u001b[32mGET\u001b[39m \u001b[32m200\u001b[39m \u001b[35m/api/v1/coupon\u001b[39m \u001b[93m8 ms\u001b[39m","size":"86","timestamp":"2026-08-11 12:37:47"}
{"level":"info","message":" Incoming Request \u001b[32mGET\u001b[39m \u001b[32m200\u001b[39m \u001b[35m/api/v1/user/my-profile\u001b[39m \u001b[93m13 ms\u001b[39m","size":"474","timestamp":"2026-08-11 12:37:48"}
{"level":"info","message":" Incoming Request \u001b[32mGET\u001b[39m \u001b[32m200\u001b[39m \u001b[35m/api/v1/subscription?includeDisabled=true\u001b[39m \u001b[93m11 ms\u001b[39m","size":"2511","timestamp":"2026-08-11 12:37:51"}
{"level":"info","message":" Incoming Request \u001b[32mGET\u001b[39m \u001b[32m200\u001b[39m \u001b[35m/api/v1/subscription/trial-config\u001b[39m \u001b[93m46 ms\u001b[39m","size":"412","timestamp":"2026-08-11 12:37:51"}
{"level":"info","message":" Incoming Request \u001b[32mGET\u001b[39m \u001b[32m200\u001b[39m \u001b[35m/api/v1/subscription\u001b[39m \u001b[93m6 ms\u001b[39m","size":"2511","timestamp":"2026-08-11 12:37:57"}
{"level":"info","message":" Incoming Request \u001b[32mGET\u001b[39m \u001b[32m200\u001b[39m \u001b[35m/api/v1/signal/types\u001b[39m \u001b[93m9 ms\u001b[39m","size":"860","timestamp":"2026-08-11 12:37:57"}
{"level":"info","message":" Incoming Request \u001b[32mGET\u001b[39m \u001b[34m304\u001b[39m \u001b[35m/api/v1/subscription?includeDisabled=true\u001b[39m \u001b[93m3 ms\u001b[39m","size":0,"timestamp":"2026-08-11 12:40:17"}
{"level":"info","message":" Incoming Request \u001b[32mGET\u001b[39m \u001b[32m200\u001b[39m \u001b[35m/api/v1/subscription/trial-config\u001b[39m \u001b[93m11 ms\u001b[39m","size":"412","timestamp":"2026-08-11 12:40:17"}
{"level":"info","message":" Incoming Request \u001b[32mGET\u001b[39m \u001b[32m200\u001b[39m \u001b[35m/api/v1/user/all-user?page=1&limit=10\u001b[39m \u001b[93m56 ms\u001b[39m","size":"3137","timestamp":"2026-08-11 12:43:21"}
{"level":"info","message":" Incoming Request \u001b[32mGET\u001b[39m \u001b[34m304\u001b[39m \u001b[35m/api/v1/post\u001b[39m \u001b[93m8 ms\u001b[39m","size":0,"timestamp":"2026-08-11 12:43:22"}
{"level":"info","message":" Incoming Request \u001b[32mGET\u001b[39m \u001b[34m304\u001b[39m \u001b[35m/api/v1/subscription?includeDisabled=true\u001b[39m \u001b[93m5 ms\u001b[39m","size":0,"timestamp":"2026-08-11 12:43:33"}
{"level":"info","message":" Incoming Request \u001b[32mGET\u001b[39m \u001b[34m304\u001b[39m \u001b[35m/api/v1/subscription/trial-config\u001b[39m \u001b[93m12 ms\u001b[39m","size":0,"timestamp":"2026-08-11 12:43:33"}
{"level":"info","message":" Incoming Request \u001b[32mGET\u001b[39m \u001b[34m304\u001b[39m \u001b[35m/api/v1/signal\u001b[39m \u001b[93m5 ms\u001b[39m","size":0,"timestamp":"2026-08-11 12:44:04"}
{"level":"info","message":" Incoming Request \u001b[34mPOST\u001b[39m \u001b[32m200\u001b[39m \u001b[35m/api/v1/subscription/trial-config\u001b[39m \u001b[93m6 ms\u001b[39m","size":"332","timestamp":"2026-08-11 12:44:32"}
{"level":"info","message":" Incoming Request \u001b[32mGET\u001b[39m \u001b[32m200\u001b[39m \u001b[35m/api/v1/subscription/trial-config\u001b[39m \u001b[93m27 ms\u001b[39m","size":"412","timestamp":"2026-08-11 12:44:32"}
{"level":"info","message":" Incoming Request \u001b[32mGET\u001b[39m \u001b[34m304\u001b[39m \u001b[35m/api/v1/subscription?includeDisabled=true\u001b[39m \u001b[93m10 ms\u001b[39m","size":0,"timestamp":"2026-08-11 12:44:32"}
{"level":"info","message":" Incoming Request \u001b[34mPOST\u001b[39m \u001b[32m200\u001b[39m \u001b[35m/api/v1/subscription/trial-config\u001b[39m \u001b[93m7 ms\u001b[39m","size":"332","timestamp":"2026-08-11 12:44:32"}
{"level":"info","message":" Incoming Request \u001b[32mGET\u001b[39m \u001b[34m304\u001b[39m \u001b[35m/api/v1/subscription?includeDisabled=true\u001b[39m \u001b[93m6 ms\u001b[39m","size":0,"timestamp":"2026-08-11 12:44:32"}
{"level":"info","message":" Incoming Request \u001b[32mGET\u001b[39m \u001b[32m200\u001b[39m \u001b[35m/api/v1/subscription/trial-config\u001b[39m \u001b[93m16 ms\u001b[39m","size":"412","timestamp":"2026-08-11 12:44:32"}
{"level":"info","message":" Incoming Request \u001b[34mPOST\u001b[39m \u001b[32m200\u001b[39m \u001b[35m/api/v1/subscription/trial-config\u001b[39m \u001b[93m6 ms\u001b[39m","size":"332","timestamp":"2026-08-11 12:44:44"}
{"level":"info","message":" Incoming Request \u001b[32mGET\u001b[39m \u001b[32m200\u001b[39m \u001b[35m/api/v1/subscription/trial-config\u001b[39m \u001b[93m17 ms\u001b[39m","size":"412","timestamp":"2026-08-11 12:44:44"}
{"level":"info","message":" Incoming Request \u001b[32mGET\u001b[39m \u001b[34m304\u001b[39m \u001b[35m/api/v1/subscription?includeDisabled=true\u001b[39m \u001b[93m10 ms\u001b[39m","size":0,"timestamp":"2026-08-11 12:44:44"}
{"level":"info","message":" Incoming Request \u001b[32mGET\u001b[39m \u001b[34m304\u001b[39m \u001b[35m/api/v1/subscription?includeDisabled=true\u001b[39m \u001b[93m13 ms\u001b[39m","size":0,"timestamp":"2026-08-11 12:45:12"}
{"level":"info","message":" Incoming Request \u001b[32mGET\u001b[39m \u001b[34m304\u001b[39m \u001b[35m/api/v1/user/my-profile\u001b[39m \u001b[93m19 ms\u001b[39m","size":0,"timestamp":"2026-08-11 12:45:12"}
{"level":"info","message":" Incoming Request \u001b[32mGET\u001b[39m \u001b[34m304\u001b[39m \u001b[35m/api/v1/subscription/trial-config\u001b[39m \u001b[93m23 ms\u001b[39m","size":0,"timestamp":"2026-08-11 12:45:12"}
{"level":"info","message":" Incoming Request \u001b[32mGET\u001b[39m \u001b[34m304\u001b[39m \u001b[35m/api/v1/user/all-user?page=1&limit=10\u001b[39m \u001b[93m11 ms\u001b[39m","size":0,"timestamp":"2026-08-11 12:45:22"}
{"level":"info","message":" Incoming Request \u001b[32mGET\u001b[39m \u001b[32m200\u001b[39m \u001b[35m/api/v1/user/all-user?page=1&limit=10&subscriptionType=VIP\u001b[39m \u001b[93m7 ms\u001b[39m","size":"173","timestamp":"2026-08-11 12:45:43"}
{"level":"info","message":" Incoming Request \u001b[32mGET\u001b[39m \u001b[32m200\u001b[39m \u001b[35m/api/v1/user/all-user?page=1&limit=10&subscriptionType=Forex\u001b[39m \u001b[93m12 ms\u001b[39m","size":"173","timestamp":"2026-08-11 12:45:44"}
{"level":"info","message":" Incoming Request \u001b[32mGET\u001b[39m \u001b[32m200\u001b[39m \u001b[35m/api/v1/user/all-user?page=1&limit=10&subscriptionType=Crypto\u001b[39m \u001b[93m9 ms\u001b[39m","size":"173","timestamp":"2026-08-11 12:45:45"}
{"level":"info","message":" Incoming Request \u001b[32mGET\u001b[39m \u001b[32m200\u001b[39m \u001b[35m/api/v1/notification/audience-stats\u001b[39m \u001b[93m10 ms\u001b[39m","size":"139","timestamp":"2026-08-11 12:46:32"}
{"level":"info","message":" Incoming Request \u001b[32mGET\u001b[39m \u001b[34m304\u001b[39m \u001b[35m/api/v1/signal/types\u001b[39m \u001b[93m11 ms\u001b[39m","size":0,"timestamp":"2026-08-11 12:46:32"}
{"level":"info","message":" Incoming Request \u001b[32mGET\u001b[39m \u001b[32m200\u001b[39m \u001b[35m/api/v1/dashboard/stats?range=6M\u001b[39m \u001b[93m141 ms\u001b[39m","size":"1104","timestamp":"2026-08-11 12:46:33"}
{"level":"info","message":" Incoming Request \u001b[32mGET\u001b[39m \u001b[32m200\u001b[39m \u001b[35m/api/v1/management/terms\u001b[39m \u001b[93m2 ms\u001b[39m","size":"99","timestamp":"2026-08-11 12:46:40"}
{"level":"info","message":" Incoming Request \u001b[32mGET\u001b[39m \u001b[32m200\u001b[39m \u001b[35m/api/v1/management/privacy\u001b[39m \u001b[93m4 ms\u001b[39m","size":"101","timestamp":"2026-08-11 12:46:41"}
{"level":"info","message":" Incoming Request \u001b[32mGET\u001b[39m \u001b[34m304\u001b[39m \u001b[35m/api/v1/management/privacy\u001b[39m \u001b[93m2 ms\u001b[39m","size":0,"timestamp":"2026-08-11 12:46:52"}
{"level":"info","message":" Incoming Request \u001b[32mGET\u001b[39m \u001b[34m304\u001b[39m \u001b[35m/api/v1/management/terms\u001b[39m \u001b[93m6 ms\u001b[39m","size":0,"timestamp":"2026-08-11 12:51:31"}
{"level":"info","message":" Incoming Request \u001b[32mGET\u001b[39m \u001b[32m200\u001b[39m \u001b[35m/api/v1/management/about\u001b[39m \u001b[93m5 ms\u001b[39m","size":"99","timestamp":"2026-08-11 12:51:35"}
{"level":"info","message":" Incoming Request \u001b[32mGET\u001b[39m \u001b[34m304\u001b[39m \u001b[35m/api/v1/signal/types\u001b[39m \u001b[93m16 ms\u001b[39m","size":0,"timestamp":"2026-08-11 12:51:46"}
{"level":"info","message":" Incoming Request \u001b[32mGET\u001b[39m \u001b[34m304\u001b[39m \u001b[35m/api/v1/notification/audience-stats\u001b[39m \u001b[93m24 ms\u001b[39m","size":0,"timestamp":"2026-08-11 12:51:46"}
{"level":"info","message":" Incoming Request \u001b[32mGET\u001b[39m \u001b[34m304\u001b[39m \u001b[35m/api/v1/dashboard/stats?range=6M\u001b[39m \u001b[93m120 ms\u001b[39m","size":0,"timestamp":"2026-08-11 12:51:46"}
{"level":"info","message":" Incoming Request \u001b[32mGET\u001b[39m \u001b[34m304\u001b[39m \u001b[35m/api/v1/signal\u001b[39m \u001b[93m5 ms\u001b[39m","size":0,"timestamp":"2026-08-11 12:52:00"}
{"level":"info","message":" Incoming Request \u001b[32mGET\u001b[39m \u001b[34m304\u001b[39m \u001b[35m/api/v1/signal\u001b[39m \u001b[93m4 ms\u001b[39m","size":0,"timestamp":"2026-08-11 12:52:25"}
{"level":"info","message":" Incoming Request \u001b[32mGET\u001b[39m \u001b[34m304\u001b[39m \u001b[35m/api/v1/notification/audience-stats\u001b[39m \u001b[93m18 ms\u001b[39m","size":0,"timestamp":"2026-08-11 14:26:25"}
{"level":"info","message":" Incoming Request \u001b[32mGET\u001b[39m \u001b[34m304\u001b[39m \u001b[35m/api/v1/dashboard/stats?range=6M\u001b[39m \u001b[93m107 ms\u001b[39m","size":0,"timestamp":"2026-08-11 14:26:25"}
{"level":"info","message":" Incoming Request \u001b[32mGET\u001b[39m \u001b[34m304\u001b[39m \u001b[35m/api/v1/subscription?includeDisabled=true\u001b[39m \u001b[93m3 ms\u001b[39m","size":0,"timestamp":"2026-08-11 14:32:33"}
{"level":"info","message":" Incoming Request \u001b[32mGET\u001b[39m \u001b[34m304\u001b[39m \u001b[35m/api/v1/subscription/trial-config\u001b[39m \u001b[93m11 ms\u001b[39m","size":0,"timestamp":"2026-08-11 14:32:33"}
{"level":"info","message":" Incoming Request \u001b[32mGET\u001b[39m \u001b[34m304\u001b[39m \u001b[35m/api/v1/subscription\u001b[39m \u001b[93m4 ms\u001b[39m","size":0,"timestamp":"2026-08-11 14:32:38"}
{"level":"info","message":" Incoming Request \u001b[32mGET\u001b[39m \u001b[34m304\u001b[39m \u001b[35m/api/v1/user/all-user?page=1&limit=10\u001b[39m \u001b[93m33 ms\u001b[39m","size":0,"timestamp":"2026-08-11 14:34:11"}
{"level":"info","message":" Incoming Request \u001b[32mGET\u001b[39m \u001b[34m304\u001b[39m \u001b[35m/api/v1/coupon\u001b[39m \u001b[93m3 ms\u001b[39m","size":0,"timestamp":"2026-08-11 14:34:12"}
{"level":"info","message":" Incoming Request \u001b[32mGET\u001b[39m \u001b[34m304\u001b[39m \u001b[35m/api/v1/notification/audience-stats\u001b[39m \u001b[93m12 ms\u001b[39m","size":0,"timestamp":"2026-08-11 14:34:16"}
{"level":"info","message":" Incoming Request \u001b[32mGET\u001b[39m \u001b[34m304\u001b[39m \u001b[35m/api/v1/dashboard/stats?range=6M\u001b[39m \u001b[93m104 ms\u001b[39m","size":0,"timestamp":"2026-08-11 14:34:16"}
{"level":"info","message":" Incoming Request \u001b[32mGET\u001b[39m \u001b[34m304\u001b[39m \u001b[35m/api/v1/signal\u001b[39m \u001b[93m7 ms\u001b[39m","size":0,"timestamp":"2026-08-11 14:34:19"}
{"level":"info","message":" Incoming Request \u001b[32mGET\u001b[39m \u001b[34m304\u001b[39m \u001b[35m/api/v1/post\u001b[39m \u001b[93m4 ms\u001b[39m","size":0,"timestamp":"2026-08-11 14:34:20"}
{"level":"info","message":" Incoming Request \u001b[32mGET\u001b[39m \u001b[34m304\u001b[39m \u001b[35m/api/v1/notification\u001b[39m \u001b[93m6 ms\u001b[39m","size":0,"timestamp":"2026-08-11 14:34:20"}
{"level":"info","message":" Incoming Request \u001b[32mGET\u001b[39m \u001b[34m304\u001b[39m \u001b[35m/api/v1/post\u001b[39m \u001b[93m4 ms\u001b[39m","size":0,"timestamp":"2026-08-11 14:40:36"}
{"level":"info","message":" Incoming Request \u001b[32mGET\u001b[39m \u001b[34m304\u001b[39m \u001b[35m/api/v1/notification\u001b[39m \u001b[93m7 ms\u001b[39m","size":0,"timestamp":"2026-08-11 14:40:37"}
{"level":"info","message":" Incoming Request \u001b[32mGET\u001b[39m \u001b[34m304\u001b[39m \u001b[35m/api/v1/notification/audience-stats\u001b[39m \u001b[93m13 ms\u001b[39m","size":0,"timestamp":"2026-08-11 14:40:37"}
{"level":"info","message":" Incoming Request \u001b[32mGET\u001b[39m \u001b[34m304\u001b[39m \u001b[35m/api/v1/subscription?includeDisabled=true\u001b[39m \u001b[93m7 ms\u001b[39m","size":0,"timestamp":"2026-08-11 14:40:47"}
{"level":"info","message":" Incoming Request \u001b[32mGET\u001b[39m \u001b[34m304\u001b[39m \u001b[35m/api/v1/subscription/trial-config\u001b[39m \u001b[93m17 ms\u001b[39m","size":0,"timestamp":"2026-08-11 14:40:47"}
{"level":"info","message":" Incoming Request \u001b[34mPOST\u001b[39m \u001b[32m200\u001b[39m \u001b[35m/api/v1/subscription/trial-config\u001b[39m \u001b[93m6 ms\u001b[39m","size":"333","timestamp":"2026-08-11 14:42:52"}
{"level":"info","message":" Incoming Request \u001b[32mGET\u001b[39m \u001b[32m200\u001b[39m \u001b[35m/api/v1/subscription/trial-config\u001b[39m \u001b[93m13 ms\u001b[39m","size":"413","timestamp":"2026-08-11 14:42:52"}
{"level":"info","message":" Incoming Request \u001b[32mGET\u001b[39m \u001b[34m304\u001b[39m \u001b[35m/api/v1/subscription?includeDisabled=true\u001b[39m \u001b[93m7 ms\u001b[39m","size":0,"timestamp":"2026-08-11 14:42:52"}
{"level":"info","message":" Incoming Request \u001b[34mPOST\u001b[39m \u001b[32m200\u001b[39m \u001b[35m/api/v1/subscription/trial-config\u001b[39m \u001b[93m7 ms\u001b[39m","size":"332","timestamp":"2026-08-11 14:42:53"}
{"level":"info","message":" Incoming Request \u001b[32mGET\u001b[39m \u001b[34m304\u001b[39m \u001b[35m/api/v1/subscription?includeDisabled=true\u001b[39m \u001b[93m3 ms\u001b[39m","size":0,"timestamp":"2026-08-11 14:42:53"}
{"level":"info","message":" Incoming Request \u001b[32mGET\u001b[39m \u001b[32m200\u001b[39m \u001b[35m/api/v1/subscription/trial-config\u001b[39m \u001b[93m20 ms\u001b[39m","size":"412","timestamp":"2026-08-11 14:42:53"}
{"level":"info","message":" Incoming Request \u001b[34mPOST\u001b[39m \u001b[32m200\u001b[39m \u001b[35m/api/v1/subscription/trial-config\u001b[39m \u001b[93m5 ms\u001b[39m","size":"332","timestamp":"2026-08-11 14:42:59"}
{"level":"info","message":" Incoming Request \u001b[32mGET\u001b[39m \u001b[32m200\u001b[39m \u001b[35m/api/v1/subscription/trial-config\u001b[39m \u001b[93m9 ms\u001b[39m","size":"412","timestamp":"2026-08-11 14:42:59"}
{"level":"info","message":" Incoming Request \u001b[32mGET\u001b[39m \u001b[34m304\u001b[39m \u001b[35m/api/v1/subscription?includeDisabled=true\u001b[39m \u001b[93m5 ms\u001b[39m","size":0,"timestamp":"2026-08-11 14:42:59"}
{"level":"info","message":" Incoming Request \u001b[34mPOST\u001b[39m \u001b[32m200\u001b[39m \u001b[35m/api/v1/subscription/trial-config\u001b[39m \u001b[93m6 ms\u001b[39m","size":"332","timestamp":"2026-08-11 14:43:00"}
{"level":"info","message":" Incoming Request \u001b[32mGET\u001b[39m \u001b[34m304\u001b[39m \u001b[35m/api/v1/subscription?includeDisabled=true\u001b[39m \u001b[93m7 ms\u001b[39m","size":0,"timestamp":"2026-08-11 14:43:00"}
{"level":"info","message":" Incoming Request \u001b[32mGET\u001b[39m \u001b[32m200\u001b[39m \u001b[35m/api/v1/subscription/trial-config\u001b[39m \u001b[93m10 ms\u001b[39m","size":"412","timestamp":"2026-08-11 14:43:00"}
{"level":"info","message":" Incoming Request \u001b[34mPOST\u001b[39m \u001b[32m200\u001b[39m \u001b[35m/api/v1/subscription/trial-config\u001b[39m \u001b[93m6 ms\u001b[39m","size":"332","timestamp":"2026-08-11 14:43:03"}
{"level":"info","message":" Incoming Request \u001b[32mGET\u001b[39m \u001b[34m304\u001b[39m \u001b[35m/api/v1/subscription?includeDisabled=true\u001b[39m \u001b[93m4 ms\u001b[39m","size":0,"timestamp":"2026-08-11 14:43:03"}
{"level":"info","message":" Incoming Request \u001b[32mGET\u001b[39m \u001b[32m200\u001b[39m \u001b[35m/api/v1/subscription/trial-config\u001b[39m \u001b[93m12 ms\u001b[39m","size":"412","timestamp":"2026-08-11 14:43:03"}
{"level":"info","message":" Incoming Request \u001b[34mPOST\u001b[39m \u001b[32m200\u001b[39m \u001b[35m/api/v1/subscription/trial-config\u001b[39m \u001b[93m7 ms\u001b[39m","size":"332","timestamp":"2026-08-11 14:43:05"}
{"level":"info","message":" Incoming Request \u001b[32mGET\u001b[39m \u001b[32m200\u001b[39m \u001b[35m/api/v1/subscription/trial-config\u001b[39m \u001b[93m19 ms\u001b[39m","size":"412","timestamp":"2026-08-11 14:43:05"}
{"level":"info","message":" Incoming Request \u001b[32mGET\u001b[39m \u001b[34m304\u001b[39m \u001b[35m/api/v1/subscription?includeDisabled=true\u001b[39m \u001b[93m4 ms\u001b[39m","size":0,"timestamp":"2026-08-11 14:43:05"}
{"level":"info","message":" Incoming Request \u001b[32mGET\u001b[39m \u001b[32m200\u001b[39m \u001b[35m/api/v1/subscription/user/current\u001b[39m \u001b[93m6 ms\u001b[39m","size":"80","timestamp":"2026-08-11 14:50:30"}
{"level":"info","message":" Incoming Request \u001b[34mPOST\u001b[39m \u001b[31m404\u001b[39m \u001b[35m/api/v1/subscription/purchase/initiate\u001b[39m \u001b[93m30 ms\u001b[39m","size":"182","timestamp":"2026-08-11 14:54:01"}
{"level":"info","message":" Incoming Request \u001b[32mGET\u001b[39m \u001b[32m200\u001b[39m \u001b[35m/api/v1/subscription\u001b[39m \u001b[93m4 ms\u001b[39m","size":"2511","timestamp":"2026-08-11 14:54:14"}
{"level":"info","message":" Incoming Request \u001b[34mPOST\u001b[39m \u001b[32m201\u001b[39m \u001b[35m/api/v1/subscription/purchase/initiate\u001b[39m \u001b[93m82 ms\u001b[39m","size":"1451","timestamp":"2026-08-11 14:54:37"}
{"level":"info","message":" Incoming Request \u001b[32mGET\u001b[39m \u001b[32m200\u001b[39m \u001b[35m/api/v1/subscription/user/current\u001b[39m \u001b[93m31 ms\u001b[39m","size":"1967","timestamp":"2026-08-11 14:54:42"}
{"level":"info","message":" Incoming Request \u001b[32mGET\u001b[39m \u001b[32m200\u001b[39m \u001b[35m/api/v1/signal/app\u001b[39m \u001b[93m19 ms\u001b[39m","size":"566","timestamp":"2026-08-11 14:54:47"}
{"level":"info","message":" Incoming Request \u001b[32mGET\u001b[39m \u001b[34m304\u001b[39m \u001b[35m/api/v1/signal\u001b[39m \u001b[93m16 ms\u001b[39m","size":0,"timestamp":"2026-08-11 14:55:06"}
{"level":"info","message":" Incoming Request \u001b[32mGET\u001b[39m \u001b[34m304\u001b[39m \u001b[35m/api/v1/signal/types\u001b[39m \u001b[93m17 ms\u001b[39m","size":0,"timestamp":"2026-08-11 14:55:06"}
{"level":"info","message":" Incoming Request \u001b[32mGET\u001b[39m \u001b[34m304\u001b[39m \u001b[35m/api/v1/signal\u001b[39m \u001b[93m9 ms\u001b[39m","size":0,"timestamp":"2026-08-11 14:55:08"}
{"level":"info","message":" Incoming Request \u001b[32mGET\u001b[39m \u001b[34m304\u001b[39m \u001b[35m/api/v1/signal\u001b[39m \u001b[93m14 ms\u001b[39m","size":0,"timestamp":"2026-08-11 14:56:34"}
{"level":"info","message":" Incoming Request \u001b[32mGET\u001b[39m \u001b[34m304\u001b[39m \u001b[35m/api/v1/signal\u001b[39m \u001b[93m6 ms\u001b[39m","size":0,"timestamp":"2026-08-11 14:56:34"}
{"level":"info","message":" Incoming Request \u001b[32mGET\u001b[39m \u001b[34m304\u001b[39m \u001b[35m/api/v1/signal\u001b[39m \u001b[93m11 ms\u001b[39m","size":0,"timestamp":"2026-08-11 14:56:35"}
{"level":"info","message":" Incoming Request \u001b[32mGET\u001b[39m \u001b[34m304\u001b[39m \u001b[35m/api/v1/signal\u001b[39m \u001b[93m11 ms\u001b[39m","size":0,"timestamp":"2026-08-11 14:56:37"}
{"level":"info","message":" Incoming Request \u001b[32mGET\u001b[39m \u001b[34m304\u001b[39m \u001b[35m/api/v1/signal\u001b[39m \u001b[93m4 ms\u001b[39m","size":0,"timestamp":"2026-08-11 14:56:38"}
{"level":"info","message":" Incoming Request \u001b[32mGET\u001b[39m \u001b[34m304\u001b[39m \u001b[35m/api/v1/signal\u001b[39m \u001b[93m14 ms\u001b[39m","size":0,"timestamp":"2026-08-11 14:56:38"}
{"level":"info","message":" Incoming Request \u001b[32mGET\u001b[39m \u001b[34m304\u001b[39m \u001b[35m/api/v1/signal\u001b[39m \u001b[93m4 ms\u001b[39m","size":0,"timestamp":"2026-08-11 14:56:39"}
{"level":"info","message":" Incoming Request \u001b[32mGET\u001b[39m \u001b[34m304\u001b[39m \u001b[35m/api/v1/signal\u001b[39m \u001b[93m18 ms\u001b[39m","size":0,"timestamp":"2026-08-11 14:56:51"}
{"level":"info","message":" Incoming Request \u001b[32mGET\u001b[39m \u001b[34m304\u001b[39m \u001b[35m/api/v1/signal\u001b[39m \u001b[93m12 ms\u001b[39m","size":0,"timestamp":"2026-08-11 14:56:51"}
{"level":"info","message":" Incoming Request \u001b[32mGET\u001b[39m \u001b[34m304\u001b[39m \u001b[35m/api/v1/signal\u001b[39m \u001b[93m10 ms\u001b[39m","size":0,"timestamp":"2026-08-11 14:56:51"}
{"level":"info","message":" Incoming Request \u001b[32mGET\u001b[39m \u001b[34m304\u001b[39m \u001b[35m/api/v1/signal\u001b[39m \u001b[93m9 ms\u001b[39m","size":0,"timestamp":"2026-08-11 14:56:52"}
{"level":"info","message":" Incoming Request \u001b[32mGET\u001b[39m \u001b[34m304\u001b[39m \u001b[35m/api/v1/signal\u001b[39m \u001b[93m19 ms\u001b[39m","size":0,"timestamp":"2026-08-11 14:56:52"}
{"level":"info","message":" Incoming Request \u001b[32mGET\u001b[39m \u001b[34m304\u001b[39m \u001b[35m/api/v1/signal\u001b[39m \u001b[93m10 ms\u001b[39m","size":0,"timestamp":"2026-08-11 14:56:52"}
{"level":"info","message":" Incoming Request \u001b[32mGET\u001b[39m \u001b[34m304\u001b[39m \u001b[35m/api/v1/signal\u001b[39m \u001b[93m10 ms\u001b[39m","size":0,"timestamp":"2026-08-11 14:56:52"}
{"level":"info","message":" Incoming Request \u001b[32mGET\u001b[39m \u001b[34m304\u001b[39m \u001b[35m/api/v1/signal\u001b[39m \u001b[93m9 ms\u001b[39m","size":0,"timestamp":"2026-08-11 14:56:53"}
{"level":"info","message":" Incoming Request \u001b[32mGET\u001b[39m \u001b[34m304\u001b[39m \u001b[35m/api/v1/signal\u001b[39m \u001b[93m26 ms\u001b[39m","size":0,"timestamp":"2026-08-11 14:56:53"}
{"level":"info","message":" Incoming Request \u001b[32mGET\u001b[39m \u001b[34m304\u001b[39m \u001b[35m/api/v1/signal\u001b[39m \u001b[93m5 ms\u001b[39m","size":0,"timestamp":"2026-08-11 14:56:53"}
{"level":"info","message":" Incoming Request \u001b[32mGET\u001b[39m \u001b[34m304\u001b[39m \u001b[35m/api/v1/signal\u001b[39m \u001b[93m9 ms\u001b[39m","size":0,"timestamp":"2026-08-11 14:56:54"}
{"level":"info","message":" Incoming Request \u001b[32mGET\u001b[39m \u001b[34m304\u001b[39m \u001b[35m/api/v1/signal\u001b[39m \u001b[93m12 ms\u001b[39m","size":0,"timestamp":"2026-08-11 14:56:55"}
{"level":"info","message":" Incoming Request \u001b[32mGET\u001b[39m \u001b[34m304\u001b[39m \u001b[35m/api/v1/signal\u001b[39m \u001b[93m5 ms\u001b[39m","size":0,"timestamp":"2026-08-11 14:56:55"}
{"level":"info","message":" Incoming Request \u001b[32mGET\u001b[39m \u001b[34m304\u001b[39m \u001b[35m/api/v1/signal\u001b[39m \u001b[93m8 ms\u001b[39m","size":0,"timestamp":"2026-08-11 14:56:56"}
{"level":"info","message":" Incoming Request \u001b[32mGET\u001b[39m \u001b[32m200\u001b[39m \u001b[35m/api/v1/signal\u001b[39m \u001b[93m60 ms\u001b[39m","size":"455","timestamp":"2026-08-11 14:57:11"}
{"level":"info","message":" Incoming Request \u001b[32mGET\u001b[39m \u001b[32m200\u001b[39m \u001b[35m/api/v1/signal/app\u001b[39m \u001b[93m22 ms\u001b[39m","size":"566","timestamp":"2026-08-11 14:57:21"}
{"level":"info","message":" Incoming Request \u001b[32mGET\u001b[39m \u001b[34m304\u001b[39m \u001b[35m/api/v1/signal/types\u001b[39m \u001b[93m21 ms\u001b[39m","size":0,"timestamp":"2026-08-11 15:01:58"}
{"level":"info","message":" Incoming Request \u001b[32mGET\u001b[39m \u001b[34m304\u001b[39m \u001b[35m/api/v1/signal\u001b[39m \u001b[93m43 ms\u001b[39m","size":0,"timestamp":"2026-08-11 15:01:58"}
{"level":"info","message":" Incoming Request \u001b[32mGET\u001b[39m \u001b[34m304\u001b[39m \u001b[35m/api/v1/user/my-profile\u001b[39m \u001b[93m33 ms\u001b[39m","size":0,"timestamp":"2026-08-11 15:01:58"}
{"level":"info","message":" Incoming Request \u001b[32mGET\u001b[39m \u001b[34m304\u001b[39m \u001b[35m/api/v1/user/my-profile\u001b[39m \u001b[93m69 ms\u001b[39m","size":0,"timestamp":"2026-08-11 15:02:04"}
{"level":"info","message":" Incoming Request \u001b[32mGET\u001b[39m \u001b[34m304\u001b[39m \u001b[35m/api/v1/signal/types\u001b[39m \u001b[93m79 ms\u001b[39m","size":0,"timestamp":"2026-08-11 15:02:04"}
{"level":"info","message":" Incoming Request \u001b[32mGET\u001b[39m \u001b[34m304\u001b[39m \u001b[35m/api/v1/signal\u001b[39m \u001b[93m109 ms\u001b[39m","size":0,"timestamp":"2026-08-11 15:02:04"}
{"level":"info","message":" Incoming Request \u001b[32mGET\u001b[39m \u001b[34m304\u001b[39m \u001b[35m/api/v1/user/my-profile\u001b[39m \u001b[93m19 ms\u001b[39m","size":0,"timestamp":"2026-08-11 15:02:08"}
{"level":"info","message":" Incoming Request \u001b[32mGET\u001b[39m \u001b[34m304\u001b[39m \u001b[35m/api/v1/signal/types\u001b[39m \u001b[93m18 ms\u001b[39m","size":0,"timestamp":"2026-08-11 15:02:08"}
{"level":"info","message":" Incoming Request \u001b[32mGET\u001b[39m \u001b[34m304\u001b[39m \u001b[35m/api/v1/signal\u001b[39m \u001b[93m12 ms\u001b[39m","size":0,"timestamp":"2026-08-11 15:02:08"}
{"level":"info","message":" Incoming Request \u001b[32mGET\u001b[39m \u001b[32m200\u001b[39m \u001b[35m/api/v1/signal/app\u001b[39m \u001b[93m26 ms\u001b[39m","size":"566","timestamp":"2026-08-11 15:02:44"}
{"level":"info","message":" Incoming Request \u001b[33mPATCH\u001b[39m \u001b[32m200\u001b[39m \u001b[35m/api/v1/signal/6a7ae3e4cd2dbc432a496c76\u001b[39m \u001b[93m62 ms\u001b[39m","size":"492","timestamp":"2026-08-11 15:03:07"}
{"level":"info","message":" Incoming Request \u001b[32mGET\u001b[39m \u001b[32m200\u001b[39m \u001b[35m/api/v1/signal\u001b[39m \u001b[93m9 ms\u001b[39m","size":"497","timestamp":"2026-08-11 15:03:07"}
{"level":"info","message":" Incoming Request \u001b[32mGET\u001b[39m \u001b[32m200\u001b[39m \u001b[35m/api/v1/signal/app\u001b[39m \u001b[93m11 ms\u001b[39m","size":"566","timestamp":"2026-08-11 15:03:24"}
{"level":"info","message":" Incoming Request \u001b[32mGET\u001b[39m \u001b[34m304\u001b[39m \u001b[35m/api/v1/signal\u001b[39m \u001b[93m12 ms\u001b[39m","size":0,"timestamp":"2026-08-11 15:04:00"}
{"level":"info","message":" Incoming Request \u001b[32mGET\u001b[39m \u001b[34m304\u001b[39m \u001b[35m/api/v1/subscription?includeDisabled=true\u001b[39m \u001b[93m15 ms\u001b[39m","size":0,"timestamp":"2026-08-11 15:17:19"}
{"level":"info","message":" Incoming Request \u001b[32mGET\u001b[39m \u001b[32m200\u001b[39m \u001b[35m/api/v1/subscription/trial-config\u001b[39m \u001b[93m37 ms\u001b[39m","size":"412","timestamp":"2026-08-11 15:17:19"}
{"level":"info","message":" Incoming Request \u001b[32mGET\u001b[39m \u001b[34m304\u001b[39m \u001b[35m/api/v1/subscription?includeDisabled=true\u001b[39m \u001b[93m11 ms\u001b[39m","size":0,"timestamp":"2026-08-11 15:17:23"}
{"level":"info","message":" Incoming Request \u001b[32mGET\u001b[39m \u001b[34m304\u001b[39m \u001b[35m/api/v1/subscription/trial-config\u001b[39m \u001b[93m22 ms\u001b[39m","size":0,"timestamp":"2026-08-11 15:17:23"}
{"level":"info","message":" Incoming Request \u001b[32mGET\u001b[39m \u001b[34m304\u001b[39m \u001b[35m/api/v1/user/my-profile\u001b[39m \u001b[93m13 ms\u001b[39m","size":0,"timestamp":"2026-08-11 15:17:23"}
{"level":"info","message":" Incoming Request \u001b[32mGET\u001b[39m \u001b[34m304\u001b[39m \u001b[35m/api/v1/subscription?includeDisabled=true\u001b[39m \u001b[93m26 ms\u001b[39m","size":0,"timestamp":"2026-08-11 15:19:04"}
{"level":"info","message":" Incoming Request \u001b[32mGET\u001b[39m \u001b[34m304\u001b[39m \u001b[35m/api/v1/user/my-profile\u001b[39m \u001b[93m38 ms\u001b[39m","size":0,"timestamp":"2026-08-11 15:19:04"}
{"level":"info","message":" Incoming Request \u001b[32mGET\u001b[39m \u001b[32m200\u001b[39m \u001b[35m/api/v1/subscription/trial-config\u001b[39m \u001b[93m53 ms\u001b[39m","size":"412","timestamp":"2026-08-11 15:19:04"}
{"level":"info","message":" Incoming Request \u001b[32mGET\u001b[39m \u001b[31m401\u001b[39m \u001b[35m/api/v1/user/my-profile\u001b[39m \u001b[93m13 ms\u001b[39m","size":"164","timestamp":"2026-08-11 15:26:47"}
{"level":"info","message":" Incoming Request \u001b[32mGET\u001b[39m \u001b[32m200\u001b[39m \u001b[35m/api/v1/subscription?includeDisabled=true\u001b[39m \u001b[93m17 ms\u001b[39m","size":"2511","timestamp":"2026-08-11 15:26:47"}
{"level":"info","message":" Incoming Request \u001b[32mGET\u001b[39m \u001b[32m200\u001b[39m \u001b[35m/api/v1/subscription/trial-config\u001b[39m \u001b[93m36 ms\u001b[39m","size":"412","timestamp":"2026-08-11 15:26:47"}
{"level":"info","message":" Incoming Request \u001b[34mPOST\u001b[39m \u001b[32m200\u001b[39m \u001b[35m/api/v1/user/login\u001b[39m \u001b[93m221 ms\u001b[39m","size":"694","timestamp":"2026-08-11 15:27:00"}
{"level":"info","message":" Incoming Request \u001b[32mGET\u001b[39m \u001b[32m200\u001b[39m \u001b[35m/api/v1/user/my-profile\u001b[39m \u001b[93m12 ms\u001b[39m","size":"474","timestamp":"2026-08-11 15:27:00"}
{"level":"info","message":" Incoming Request \u001b[34mPOST\u001b[39m \u001b[32m200\u001b[39m \u001b[35m/api/v1/user/login\u001b[39m \u001b[93m218 ms\u001b[39m","size":"694","timestamp":"2026-08-11 15:27:30"}
{"level":"info","message":" Incoming Request \u001b[32mGET\u001b[39m \u001b[34m304\u001b[39m \u001b[35m/api/v1/subscription?includeDisabled=true\u001b[39m \u001b[93m17 ms\u001b[39m","size":0,"timestamp":"2026-08-11 15:27:30"}
{"level":"info","message":" Incoming Request \u001b[32mGET\u001b[39m \u001b[32m200\u001b[39m \u001b[35m/api/v1/subscription/trial-config\u001b[39m \u001b[93m35 ms\u001b[39m","size":"412","timestamp":"2026-08-11 15:27:31"}
{"level":"info","message":" Incoming Request \u001b[32mGET\u001b[39m \u001b[34m304\u001b[39m \u001b[35m/api/v1/user/my-profile\u001b[39m \u001b[93m27 ms\u001b[39m","size":0,"timestamp":"2026-08-11 15:27:31"}
{"level":"info","message":" Incoming Request \u001b[32mGET\u001b[39m \u001b[32m200\u001b[39m \u001b[35m/api/v1/signal\u001b[39m \u001b[93m23 ms\u001b[39m","size":"772","timestamp":"2026-08-11 15:27:34"}
{"level":"info","message":" Incoming Request \u001b[32mGET\u001b[39m \u001b[32m200\u001b[39m \u001b[35m/api/v1/signal/types\u001b[39m \u001b[93m21 ms\u001b[39m","size":"860","timestamp":"2026-08-11 15:27:34"}
{"level":"info","message":" Incoming Request \u001b[34mPOST\u001b[39m \u001b[32m200\u001b[39m \u001b[35m/api/v1/user/login\u001b[39m \u001b[93m219 ms\u001b[39m","size":"766","timestamp":"2026-08-11 15:27:53"}
{"level":"info","message":" Incoming Request \u001b[32mGET\u001b[39m \u001b[32m200\u001b[39m \u001b[35m/api/v1/subscription/user/current\u001b[39m \u001b[93m5 ms\u001b[39m","size":"80","timestamp":"2026-08-11 15:27:58"}
{"level":"info","message":" Incoming Request \u001b[32mGET\u001b[39m \u001b[32m200\u001b[39m \u001b[35m/api/v1/subscription\u001b[39m \u001b[93m5 ms\u001b[39m","size":"2511","timestamp":"2026-08-11 15:28:04"}
{"level":"info","message":" Incoming Request \u001b[34mPOST\u001b[39m \u001b[32m201\u001b[39m \u001b[35m/api/v1/subscription/purchase/initiate\u001b[39m \u001b[93m48 ms\u001b[39m","size":"1481","timestamp":"2026-08-11 15:28:20"}
{"level":"info","message":" Incoming Request \u001b[32mGET\u001b[39m \u001b[32m200\u001b[39m \u001b[35m/api/v1/subscription/user/current\u001b[39m \u001b[93m11 ms\u001b[39m","size":"1967","timestamp":"2026-08-11 15:28:25"}
{"level":"info","message":" Incoming Request \u001b[32mGET\u001b[39m \u001b[32m200\u001b[39m \u001b[35m/api/v1/signal/app\u001b[39m \u001b[93m19 ms\u001b[39m","size":"1035","timestamp":"2026-08-11 15:28:54"}
{"level":"info","message":" Incoming Request \u001b[32mGET\u001b[39m \u001b[32m200\u001b[39m \u001b[35m/api/v1/signal/app\u001b[39m \u001b[93m39 ms\u001b[39m","size":"1513","timestamp":"2026-08-11 15:34:50"}
{"level":"info","message":" Incoming Request \u001b[34mPOST\u001b[39m \u001b[32m200\u001b[39m \u001b[35m/api/v1/signal/6a7aead35cf62d1f952d055b/close\u001b[39m \u001b[93m9 ms\u001b[39m","size":"450","timestamp":"2026-08-11 15:36:55"}
{"level":"info","message":" Incoming Request \u001b[32mGET\u001b[39m \u001b[32m200\u001b[39m \u001b[35m/api/v1/signal\u001b[39m \u001b[93m12 ms\u001b[39m","size":"807","timestamp":"2026-08-11 15:36:55"}
{"level":"info","message":" Incoming Request \u001b[32mGET\u001b[39m \u001b[32m200\u001b[39m \u001b[35m/api/v1/signal/app\u001b[39m \u001b[93m11 ms\u001b[39m","size":"1059","timestamp":"2026-08-11 15:36:58"}
{"level":"info","message":" Incoming Request \u001b[33mPATCH\u001b[39m \u001b[32m200\u001b[39m \u001b[35m/api/v1/signal/6a7aead35cf62d1f952d055b\u001b[39m \u001b[93m30 ms\u001b[39m","size":"492","timestamp":"2026-08-11 15:37:13"}
{"level":"info","message":" Incoming Request \u001b[32mGET\u001b[39m \u001b[32m200\u001b[39m \u001b[35m/api/v1/signal\u001b[39m \u001b[93m23 ms\u001b[39m","size":"848","timestamp":"2026-08-11 15:37:13"}
{"level":"info","message":" Incoming Request \u001b[32mGET\u001b[39m \u001b[32m200\u001b[39m \u001b[35m/api/v1/signal/app\u001b[39m \u001b[93m9 ms\u001b[39m","size":"1515","timestamp":"2026-08-11 15:37:16"}
{"level":"info","message":" Incoming Request \u001b[32mGET\u001b[39m \u001b[34m304\u001b[39m \u001b[35m/api/v1/signal?status=Closed\u001b[39m \u001b[93m10 ms\u001b[39m","size":0,"timestamp":"2026-08-11 15:37:24"}
{"level":"info","message":" Incoming Request \u001b[32mGET\u001b[39m \u001b[34m304\u001b[39m \u001b[35m/api/v1/signal?status=Scheduled\u001b[39m \u001b[93m7 ms\u001b[39m","size":0,"timestamp":"2026-08-11 15:37:25"}
{"level":"info","message":" Incoming Request \u001b[32mGET\u001b[39m \u001b[34m304\u001b[39m \u001b[35m/api/v1/signal?status=Draft\u001b[39m \u001b[93m7 ms\u001b[39m","size":0,"timestamp":"2026-08-11 15:37:25"}
{"level":"info","message":" Incoming Request \u001b[32mGET\u001b[39m \u001b[32m200\u001b[39m \u001b[35m/api/v1/signal?status=Active\u001b[39m \u001b[93m5 ms\u001b[39m","size":"848","timestamp":"2026-08-11 15:37:26"}
{"level":"info","message":" Incoming Request \u001b[32mGET\u001b[39m \u001b[34m304\u001b[39m \u001b[35m/api/v1/management/privacy\u001b[39m \u001b[93m4 ms\u001b[39m","size":0,"timestamp":"2026-08-11 16:18:04"}
{"level":"info","message":" Incoming Request \u001b[32mGET\u001b[39m \u001b[34m304\u001b[39m \u001b[35m/api/v1/management/terms\u001b[39m \u001b[93m5 ms\u001b[39m","size":0,"timestamp":"2026-08-11 16:18:05"}
{"level":"info","message":" Incoming Request \u001b[32mGET\u001b[39m \u001b[34m304\u001b[39m \u001b[35m/api/v1/management/about\u001b[39m \u001b[93m3 ms\u001b[39m","size":0,"timestamp":"2026-08-11 16:18:05"}
{"level":"info","message":" Incoming Request \u001b[32mGET\u001b[39m \u001b[32m200\u001b[39m \u001b[35m/api/v1/signal/app\u001b[39m \u001b[93m22 ms\u001b[39m","size":"1514","timestamp":"2026-08-11 16:32:14"}
{"level":"info","message":" Incoming Request \u001b[32mGET\u001b[39m \u001b[32m200\u001b[39m \u001b[35m/api/v1/signal/app\u001b[39m \u001b[93m11 ms\u001b[39m","size":"1514","timestamp":"2026-08-11 16:32:59"}
{"level":"info","message":" Incoming Request \u001b[32mGET\u001b[39m \u001b[32m200\u001b[39m \u001b[35m/api/v1/signal/app\u001b[39m \u001b[93m44 ms\u001b[39m","size":"1514","timestamp":"2026-08-11 16:36:14"}
{"level":"info","message":" Incoming Request \u001b[32mGET\u001b[39m \u001b[32m200\u001b[39m \u001b[35m/api/v1/signal/app\u001b[39m \u001b[93m16 ms\u001b[39m","size":"1514","timestamp":"2026-08-11 16:36:55"}
{"level":"info","message":" Incoming Request \u001b[32mGET\u001b[39m \u001b[32m200\u001b[39m \u001b[35m/api/v1/signal/app\u001b[39m \u001b[93m10 ms\u001b[39m","size":"1513","timestamp":"2026-08-11 16:37:13"}
{"level":"info","message":" Incoming Request \u001b[34mPOST\u001b[39m \u001b[31m400\u001b[39m \u001b[35m/api/v1/subscription/purchase/initiate\u001b[39m \u001b[93m14 ms\u001b[39m","size":"276","timestamp":"2026-08-11 16:37:34"}
{"level":"info","message":" Incoming Request \u001b[34mPOST\u001b[39m \u001b[31m400\u001b[39m \u001b[35m/api/v1/subscription/purchase/initiate\u001b[39m \u001b[93m11 ms\u001b[39m","size":"140","timestamp":"2026-08-11 16:37:47"}
{"level":"info","message":" Incoming Request \u001b[34mPOST\u001b[39m \u001b[32m201\u001b[39m \u001b[35m/api/v1/subscription/purchase/initiate\u001b[39m \u001b[93m808 ms\u001b[39m","size":"2015","timestamp":"2026-08-11 16:37:54"}
{"level":"info","message":" Incoming Request \u001b[34mPOST\u001b[39m \u001b[32m200\u001b[39m \u001b[35m/stripe/webhook\u001b[39m \u001b[93m6 ms\u001b[39m","size":"17","timestamp":"2026-08-11 16:40:06"}
{"level":"info","message":" Incoming Request \u001b[34mPOST\u001b[39m \u001b[32m200\u001b[39m \u001b[35m/stripe/webhook\u001b[39m \u001b[93m4 ms\u001b[39m","size":"17","timestamp":"2026-08-11 16:40:06"}
{"level":"info","message":" Incoming Request \u001b[34mPOST\u001b[39m \u001b[32m200\u001b[39m \u001b[35m/stripe/webhook\u001b[39m \u001b[93m1 ms\u001b[39m","size":"17","timestamp":"2026-08-11 16:40:06"}
{"level":"info","message":" Incoming Request \u001b[34mPOST\u001b[39m \u001b[32m200\u001b[39m \u001b[35m/stripe/webhook\u001b[39m \u001b[93m1 ms\u001b[39m","size":"17","timestamp":"2026-08-11 16:40:06"}
{"level":"info","message":" Incoming Request \u001b[34mPOST\u001b[39m \u001b[32m200\u001b[39m \u001b[35m/stripe/webhook\u001b[39m \u001b[93m1 ms\u001b[39m","size":"17","timestamp":"2026-08-11 16:40:06"}
{"level":"info","message":" Incoming Request \u001b[34mPOST\u001b[39m \u001b[32m200\u001b[39m \u001b[35m/stripe/webhook\u001b[39m \u001b[93m1 ms\u001b[39m","size":"17","timestamp":"2026-08-11 16:40:06"}
{"level":"info","message":" Incoming Request \u001b[34mPOST\u001b[39m \u001b[32m200\u001b[39m \u001b[35m/stripe/webhook\u001b[39m \u001b[93m7 ms\u001b[39m","size":"17","timestamp":"2026-08-11 16:40:07"}
{"level":"info","message":" Incoming Request \u001b[34mPOST\u001b[39m \u001b[32m200\u001b[39m \u001b[35m/stripe/webhook\u001b[39m \u001b[93m21 ms\u001b[39m","size":"17","timestamp":"2026-08-11 16:40:07"}
{"level":"info","message":" Incoming Request \u001b[34mPOST\u001b[39m \u001b[32m200\u001b[39m \u001b[35m/stripe/webhook\u001b[39m \u001b[93m0 ms\u001b[39m","size":"17","timestamp":"2026-08-11 16:40:07"}
{"level":"info","message":" Incoming Request \u001b[34mPOST\u001b[39m \u001b[32m200\u001b[39m \u001b[35m/stripe/webhook\u001b[39m \u001b[93m1 ms\u001b[39m","size":"17","timestamp":"2026-08-11 16:40:07"}
{"level":"info","message":" Incoming Request \u001b[34mPOST\u001b[39m \u001b[32m200\u001b[39m \u001b[35m/stripe/webhook\u001b[39m \u001b[93m1 ms\u001b[39m","size":"17","timestamp":"2026-08-11 16:40:07"}
{"level":"info","message":" Incoming Request \u001b[34mPOST\u001b[39m \u001b[32m200\u001b[39m \u001b[35m/stripe/webhook\u001b[39m \u001b[93m1 ms\u001b[39m","size":"17","timestamp":"2026-08-11 16:40:07"}
{"level":"info","message":" Incoming Request \u001b[34mPOST\u001b[39m \u001b[32m200\u001b[39m \u001b[35m/stripe/webhook\u001b[39m \u001b[93m1 ms\u001b[39m","size":"17","timestamp":"2026-08-11 16:40:07"}
{"level":"info","message":" Incoming Request \u001b[34mPOST\u001b[39m \u001b[32m200\u001b[39m \u001b[35m/stripe/webhook\u001b[39m \u001b[93m6 ms\u001b[39m","size":"17","timestamp":"2026-08-11 16:40:07"}
{"level":"info","message":" Incoming Request \u001b[32mGET\u001b[39m \u001b[34m304\u001b[39m \u001b[35m/api/v1/user/my-profile\u001b[39m \u001b[93m8 ms\u001b[39m","size":0,"timestamp":"2026-08-11 16:40:18"}
{"level":"info","message":" Incoming Request \u001b[32mGET\u001b[39m \u001b[32m200\u001b[39m \u001b[35m/api/v1/notification/audience-stats\u001b[39m \u001b[93m13 ms\u001b[39m","size":"139","timestamp":"2026-08-11 16:40:18"}
{"level":"info","message":" Incoming Request \u001b[32mGET\u001b[39m \u001b[34m304\u001b[39m \u001b[35m/api/v1/signal/types\u001b[39m \u001b[93m12 ms\u001b[39m","size":0,"timestamp":"2026-08-11 16:40:18"}
{"level":"info","message":" Incoming Request \u001b[32mGET\u001b[39m \u001b[32m200\u001b[39m \u001b[35m/api/v1/dashboard/stats?range=6M\u001b[39m \u001b[93m70 ms\u001b[39m","size":"1439","timestamp":"2026-08-11 16:40:18"}
{"level":"info","message":" Incoming Request \u001b[34mPOST\u001b[39m \u001b[32m200\u001b[39m \u001b[35m/stripe/webhook\u001b[39m \u001b[93m1 ms\u001b[39m","size":"17","timestamp":"2026-08-11 16:40:19"}
{"level":"info","message":" Incoming Request \u001b[34mPOST\u001b[39m \u001b[32m201\u001b[39m \u001b[35m/api/v1/subscription/purchase/initiate\u001b[39m \u001b[93m726 ms\u001b[39m","size":"2015","timestamp":"2026-08-11 16:40:34"}
{"level":"info","message":" Incoming Request \u001b[32mGET\u001b[39m \u001b[32m200\u001b[39m \u001b[35m/api/v1/signal/app\u001b[39m \u001b[93m9 ms\u001b[39m","size":"1512","timestamp":"2026-08-11 16:40:39"}
{"level":"info","message":" Incoming Request \u001b[34mPOST\u001b[39m \u001b[32m201\u001b[39m \u001b[35m/api/v1/subscription/purchase/initiate\u001b[39m \u001b[93m737 ms\u001b[39m","size":"2026","timestamp":"2026-08-11 16:41:52"}
{"level":"info","message":" Incoming Request \u001b[34mPOST\u001b[39m \u001b[32m200\u001b[39m \u001b[35m/stripe/webhook\u001b[39m \u001b[93m1 ms\u001b[39m","size":"17","timestamp":"2026-08-11 16:42:19"}
{"level":"info","message":" Incoming Request \u001b[34mPOST\u001b[39m \u001b[32m200\u001b[39m \u001b[35m/stripe/webhook\u001b[39m \u001b[93m1 ms\u001b[39m","size":"17","timestamp":"2026-08-11 16:42:19"}
{"level":"info","message":" Incoming Request \u001b[34mPOST\u001b[39m \u001b[32m200\u001b[39m \u001b[35m/stripe/webhook\u001b[39m \u001b[93m1 ms\u001b[39m","size":"17","timestamp":"2026-08-11 16:42:19"}
{"level":"info","message":" Incoming Request \u001b[34mPOST\u001b[39m \u001b[32m200\u001b[39m \u001b[35m/stripe/webhook\u001b[39m \u001b[93m17 ms\u001b[39m","size":"17","timestamp":"2026-08-11 16:42:19"}
{"level":"info","message":" Incoming Request \u001b[34mPOST\u001b[39m \u001b[32m200\u001b[39m \u001b[35m/stripe/webhook\u001b[39m \u001b[93m0 ms\u001b[39m","size":"17","timestamp":"2026-08-11 16:42:19"}
{"level":"info","message":" Incoming Request \u001b[34mPOST\u001b[39m \u001b[32m200\u001b[39m \u001b[35m/stripe/webhook\u001b[39m \u001b[93m2 ms\u001b[39m","size":"17","timestamp":"2026-08-11 16:42:19"}
{"level":"info","message":" Incoming Request \u001b[34mPOST\u001b[39m \u001b[32m200\u001b[39m \u001b[35m/stripe/webhook\u001b[39m \u001b[93m0 ms\u001b[39m","size":"17","timestamp":"2026-08-11 16:42:19"}
{"level":"info","message":" Incoming Request \u001b[34mPOST\u001b[39m \u001b[32m200\u001b[39m \u001b[35m/stripe/webhook\u001b[39m \u001b[93m2 ms\u001b[39m","size":"17","timestamp":"2026-08-11 16:42:19"}
{"level":"info","message":" Incoming Request \u001b[34mPOST\u001b[39m \u001b[32m200\u001b[39m \u001b[35m/stripe/webhook\u001b[39m \u001b[93m1 ms\u001b[39m","size":"17","timestamp":"2026-08-11 16:42:19"}
{"level":"info","message":" Incoming Request \u001b[34mPOST\u001b[39m \u001b[32m200\u001b[39m \u001b[35m/stripe/webhook\u001b[39m \u001b[93m1 ms\u001b[39m","size":"17","timestamp":"2026-08-11 16:42:19"}
{"level":"info","message":" Incoming Request \u001b[34mPOST\u001b[39m \u001b[32m200\u001b[39m \u001b[35m/stripe/webhook\u001b[39m \u001b[93m7 ms\u001b[39m","size":"17","timestamp":"2026-08-11 16:42:19"}
{"level":"info","message":" Incoming Request \u001b[34mPOST\u001b[39m \u001b[32m200\u001b[39m \u001b[35m/stripe/webhook\u001b[39m \u001b[93m5 ms\u001b[39m","size":"17","timestamp":"2026-08-11 16:42:19"}
{"level":"info","message":" Incoming Request \u001b[34mPOST\u001b[39m \u001b[32m200\u001b[39m \u001b[35m/stripe/webhook\u001b[39m \u001b[93m1 ms\u001b[39m","size":"17","timestamp":"2026-08-11 16:42:19"}
{"level":"info","message":" Incoming Request \u001b[34mPOST\u001b[39m \u001b[32m200\u001b[39m \u001b[35m/stripe/webhook\u001b[39m \u001b[93m0 ms\u001b[39m","size":"17","timestamp":"2026-08-11 16:42:19"}
{"level":"info","message":" Incoming Request \u001b[32mGET\u001b[39m \u001b[34m304\u001b[39m \u001b[35m/api/v1/user/my-profile\u001b[39m \u001b[93m10 ms\u001b[39m","size":0,"timestamp":"2026-08-11 16:42:30"}
{"level":"info","message":" Incoming Request \u001b[32mGET\u001b[39m \u001b[34m304\u001b[39m \u001b[35m/api/v1/signal/types\u001b[39m \u001b[93m19 ms\u001b[39m","size":0,"timestamp":"2026-08-11 16:42:31"}
{"level":"info","message":" Incoming Request \u001b[32mGET\u001b[39m \u001b[32m200\u001b[39m \u001b[35m/api/v1/notification/audience-stats\u001b[39m \u001b[93m34 ms\u001b[39m","size":"139","timestamp":"2026-08-11 16:42:31"}
{"level":"info","message":" Incoming Request \u001b[32mGET\u001b[39m \u001b[32m200\u001b[39m \u001b[35m/api/v1/dashboard/stats?range=6M\u001b[39m \u001b[93m106 ms\u001b[39m","size":"1535","timestamp":"2026-08-11 16:42:31"}
{"level":"info","message":" Incoming Request \u001b[34mPOST\u001b[39m \u001b[32m200\u001b[39m \u001b[35m/stripe/webhook\u001b[39m \u001b[93m1 ms\u001b[39m","size":"17","timestamp":"2026-08-11 16:42:45"}
{"level":"info","message":" Incoming Request \u001b[32mGET\u001b[39m \u001b[32m200\u001b[39m \u001b[35m/api/v1/signal/app\u001b[39m \u001b[93m11 ms\u001b[39m","size":"598","timestamp":"2026-08-11 16:43:09"}
{"level":"info","message":" Incoming Request \u001b[32mGET\u001b[39m \u001b[34m304\u001b[39m \u001b[35m/api/v1/signal\u001b[39m \u001b[93m34 ms\u001b[39m","size":0,"timestamp":"2026-08-11 16:44:36"}
{"level":"info","message":" Incoming Request \u001b[32mGET\u001b[39m \u001b[34m304\u001b[39m \u001b[35m/api/v1/user/my-profile\u001b[39m \u001b[93m19 ms\u001b[39m","size":0,"timestamp":"2026-08-11 16:44:44"}
{"level":"info","message":" Incoming Request \u001b[32mGET\u001b[39m \u001b[34m304\u001b[39m \u001b[35m/api/v1/signal\u001b[39m \u001b[93m20 ms\u001b[39m","size":0,"timestamp":"2026-08-11 16:44:44"}
{"level":"info","message":" Incoming Request \u001b[32mGET\u001b[39m \u001b[34m304\u001b[39m \u001b[35m/api/v1/signal/types\u001b[39m \u001b[93m29 ms\u001b[39m","size":0,"timestamp":"2026-08-11 16:44:44"}
{"level":"info","message":" Incoming Request \u001b[32mGET\u001b[39m \u001b[34m304\u001b[39m \u001b[35m/api/v1/signal\u001b[39m \u001b[93m35 ms\u001b[39m","size":0,"timestamp":"2026-08-11 16:45:34"}
{"level":"info","message":" Incoming Request \u001b[32mGET\u001b[39m \u001b[34m304\u001b[39m \u001b[35m/api/v1/signal\u001b[39m \u001b[93m9 ms\u001b[39m","size":0,"timestamp":"2026-08-11 16:45:34"}
{"level":"info","message":" Incoming Request \u001b[32mGET\u001b[39m \u001b[32m200\u001b[39m \u001b[35m/api/v1/signal/app\u001b[39m \u001b[93m22 ms\u001b[39m","size":"598","timestamp":"2026-08-11 16:46:28"}
{"level":"info","message":" Incoming Request \u001b[32mGET\u001b[39m \u001b[34m304\u001b[39m \u001b[35m/api/v1/notification/audience-stats\u001b[39m \u001b[93m102 ms\u001b[39m","size":0,"timestamp":"2026-08-11 16:49:08"}
{"level":"info","message":" Incoming Request \u001b[32mGET\u001b[39m \u001b[32m200\u001b[39m \u001b[35m/api/v1/dashboard/stats?range=6M\u001b[39m \u001b[93m216 ms\u001b[39m","size":"1336","timestamp":"2026-08-11 16:49:08"}
{"level":"info","message":" Incoming Request \u001b[32mGET\u001b[39m \u001b[34m304\u001b[39m \u001b[35m/api/v1/subscription?includeDisabled=true\u001b[39m \u001b[93m10 ms\u001b[39m","size":0,"timestamp":"2026-08-11 16:49:11"}
{"level":"info","message":" Incoming Request \u001b[32mGET\u001b[39m \u001b[32m200\u001b[39m \u001b[35m/api/v1/subscription/trial-config\u001b[39m \u001b[93m18 ms\u001b[39m","size":"412","timestamp":"2026-08-11 16:49:11"}
{"level":"info","message":" Incoming Request \u001b[32mGET\u001b[39m \u001b[32m200\u001b[39m \u001b[35m/api/v1/signal/app\u001b[39m \u001b[93m72 ms\u001b[39m","size":"899","timestamp":"2026-08-11 16:52:25"}
{"level":"info","message":" Incoming Request \u001b[32mGET\u001b[39m \u001b[34m304\u001b[39m \u001b[35m/api/v1/subscription?includeDisabled=true\u001b[39m \u001b[93m19 ms\u001b[39m","size":0,"timestamp":"2026-08-11 16:55:35"}
{"level":"info","message":" Incoming Request \u001b[32mGET\u001b[39m \u001b[34m304\u001b[39m \u001b[35m/api/v1/user/my-profile\u001b[39m \u001b[93m36 ms\u001b[39m","size":0,"timestamp":"2026-08-11 16:55:35"}
{"level":"info","message":" Incoming Request \u001b[32mGET\u001b[39m \u001b[34m304\u001b[39m \u001b[35m/api/v1/subscription/trial-config\u001b[39m \u001b[93m46 ms\u001b[39m","size":0,"timestamp":"2026-08-11 16:55:35"}
{"level":"info","message":" Incoming Request \u001b[32mGET\u001b[39m \u001b[34m304\u001b[39m \u001b[35m/api/v1/subscription?includeDisabled=true\u001b[39m \u001b[93m10 ms\u001b[39m","size":0,"timestamp":"2026-08-11 16:55:36"}
{"level":"info","message":" Incoming Request \u001b[32mGET\u001b[39m \u001b[34m304\u001b[39m \u001b[35m/api/v1/user/my-profile\u001b[39m \u001b[93m24 ms\u001b[39m","size":0,"timestamp":"2026-08-11 16:55:36"}
{"level":"info","message":" Incoming Request \u001b[32mGET\u001b[39m \u001b[34m304\u001b[39m \u001b[35m/api/v1/subscription/trial-config\u001b[39m \u001b[93m34 ms\u001b[39m","size":0,"timestamp":"2026-08-11 16:55:36"}
{"level":"info","message":" Incoming Request \u001b[32mGET\u001b[39m \u001b[34m304\u001b[39m \u001b[35m/api/v1/subscription?includeDisabled=true\u001b[39m \u001b[93m39 ms\u001b[39m","size":0,"timestamp":"2026-08-11 17:04:17"}
{"level":"info","message":" Incoming Request \u001b[32mGET\u001b[39m \u001b[32m200\u001b[39m \u001b[35m/api/v1/subscription/trial-config\u001b[39m \u001b[93m57 ms\u001b[39m","size":"434","timestamp":"2026-08-11 17:04:17"}
{"level":"info","message":" Incoming Request \u001b[32mGET\u001b[39m \u001b[34m304\u001b[39m \u001b[35m/api/v1/user/my-profile\u001b[39m \u001b[93m62 ms\u001b[39m","size":0,"timestamp":"2026-08-11 17:04:17"}
