{"level":"info","message":" Incoming Request \u001b[32mGET\u001b[39m \u001b[31m401\u001b[39m \u001b[35m/api/v1/user/my-profile\u001b[39m \u001b[93m3 ms\u001b[39m","size":"130","timestamp":"2026-08-29 08:31:02"}
{"level":"info","message":" Incoming Request \u001b[32mGET\u001b[39m \u001b[31m401\u001b[39m \u001b[35m/api/v1/signal/app/market-hours\u001b[39m \u001b[93m2 ms\u001b[39m","size":"130","timestamp":"2026-08-29 08:31:02"}
{"level":"info","message":" Incoming Request \u001b[32mGET\u001b[39m \u001b[31m401\u001b[39m \u001b[35m/api/v1/signal/app?page=1&limit=20&category=all\u001b[39m \u001b[93m1 ms\u001b[39m","size":"130","timestamp":"2026-08-29 08:31:02"}
{"level":"info","message":" Incoming Request \u001b[32mGET\u001b[39m \u001b[31m401\u001b[39m \u001b[35m/api/v1/signal/app/history?page=1&limit=20\u001b[39m \u001b[93m1 ms\u001b[39m","size":"130","timestamp":"2026-08-29 08:31:02"}
{"level":"info","message":" Incoming Request \u001b[32mGET\u001b[39m \u001b[31m401\u001b[39m \u001b[35m/api/v1/notification/app?page=1&limit=30\u001b[39m \u001b[93m1 ms\u001b[39m","size":"130","timestamp":"2026-08-29 08:31:02"}
{"level":"info","message":" Incoming Request \u001b[32mGET\u001b[39m \u001b[31m401\u001b[39m \u001b[35m/api/v1/post/app?page=1&limit=20\u001b[39m \u001b[93m2 ms\u001b[39m","size":"130","timestamp":"2026-08-29 08:31:02"}
{"level":"info","message":" Incoming Request \u001b[32mGET\u001b[39m \u001b[31m401\u001b[39m \u001b[35m/api/v1/notification/app?page=1&limit=30\u001b[39m \u001b[93m1 ms\u001b[39m","size":"130","timestamp":"2026-08-29 08:31:29"}
{"level":"info","message":" Incoming Request \u001b[32mGET\u001b[39m \u001b[31m401\u001b[39m \u001b[35m/api/v1/user/my-profile\u001b[39m \u001b[93m1 ms\u001b[39m","size":"130","timestamp":"2026-08-29 08:31:29"}
{"level":"info","message":" Incoming Request \u001b[32mGET\u001b[39m \u001b[31m401\u001b[39m \u001b[35m/api/v1/signal/app/market-hours\u001b[39m \u001b[93m1 ms\u001b[39m","size":"130","timestamp":"2026-08-29 08:31:29"}
{"level":"info","message":" Incoming Request \u001b[32mGET\u001b[39m \u001b[31m401\u001b[39m \u001b[35m/api/v1/signal/app/history?page=1&limit=20\u001b[39m \u001b[93m0 ms\u001b[39m","size":"130","timestamp":"2026-08-29 08:31:29"}
{"level":"info","message":" Incoming Request \u001b[32mGET\u001b[39m \u001b[31m401\u001b[39m \u001b[35m/api/v1/post/app?page=1&limit=20\u001b[39m \u001b[93m1 ms\u001b[39m","size":"130","timestamp":"2026-08-29 08:31:29"}
{"level":"info","message":" Incoming Request \u001b[32mGET\u001b[39m \u001b[31m401\u001b[39m \u001b[35m/api/v1/signal/app?page=1&limit=20&category=all\u001b[39m \u001b[93m2 ms\u001b[39m","size":"130","timestamp":"2026-08-29 08:31:29"}
{"level":"info","message":" Incoming Request \u001b[32mGET\u001b[39m \u001b[31m401\u001b[39m \u001b[35m/api/v1/user/my-profile\u001b[39m \u001b[93m1 ms\u001b[39m","size":"130","timestamp":"2026-08-29 08:31:32"}
{"level":"info","message":" Incoming Request \u001b[34mPOST\u001b[39m \u001b[32m200\u001b[39m \u001b[35m/api/v1/user/login\u001b[39m \u001b[93m222 ms\u001b[39m","size":"853","timestamp":"2026-08-29 08:34:13"}
{"level":"info","message":" Incoming Request \u001b[32mGET\u001b[39m \u001b[32m200\u001b[39m \u001b[35m/api/v1/signal/app/market-hours\u001b[39m \u001b[93m5 ms\u001b[39m","size":"680","timestamp":"2026-08-29 08:34:14"}
{"level":"info","message":" Incoming Request \u001b[32mGET\u001b[39m \u001b[32m200\u001b[39m \u001b[35m/api/v1/user/my-profile\u001b[39m \u001b[93m12 ms\u001b[39m","size":"627","timestamp":"2026-08-29 08:34:15"}
{"level":"info","message":" Incoming Request \u001b[32mGET\u001b[39m \u001b[32m200\u001b[39m \u001b[35m/api/v1/signal/app/history?page=1&limit=20\u001b[39m \u001b[93m25 ms\u001b[39m","size":"3358","timestamp":"2026-08-29 08:34:15"}
{"level":"info","message":" Incoming Request \u001b[32mGET\u001b[39m \u001b[32m200\u001b[39m \u001b[35m/api/v1/post/app?page=1&limit=20\u001b[39m \u001b[93m36 ms\u001b[39m","size":"5279","timestamp":"2026-08-29 08:34:15"}
{"level":"info","message":" Incoming Request \u001b[32mGET\u001b[39m \u001b[32m200\u001b[39m \u001b[35m/api/v1/notification/app?page=1&limit=30\u001b[39m \u001b[93m30 ms\u001b[39m","size":"783","timestamp":"2026-08-29 08:34:15"}
{"level":"info","message":" Incoming Request \u001b[32mGET\u001b[39m \u001b[32m200\u001b[39m \u001b[35m/api/v1/signal/app?page=1&limit=20&category=all\u001b[39m \u001b[93m11 ms\u001b[39m","size":"4701","timestamp":"2026-08-29 08:34:15"}
{"level":"info","message":" Incoming Request \u001b[32mGET\u001b[39m \u001b[32m200\u001b[39m \u001b[35m/api/v1/notification/app?page=1&limit=30\u001b[39m \u001b[93m12 ms\u001b[39m","size":"783","timestamp":"2026-08-29 08:34:23"}
{"level":"info","message":" Incoming Request \u001b[32mGET\u001b[39m \u001b[32m200\u001b[39m \u001b[35m/api/v1/post/app?page=1&limit=20\u001b[39m \u001b[93m12 ms\u001b[39m","size":"5279","timestamp":"2026-08-29 08:34:28"}
{"level":"info","message":" Incoming Request \u001b[32mGET\u001b[39m \u001b[32m200\u001b[39m \u001b[35m/api/v1/signal/app/history?page=1&limit=20\u001b[39m \u001b[93m9 ms\u001b[39m","size":"3358","timestamp":"2026-08-29 08:34:32"}
{"level":"info","message":" Incoming Request \u001b[32mGET\u001b[39m \u001b[32m200\u001b[39m \u001b[35m/api/v1/user/my-profile\u001b[39m \u001b[93m4 ms\u001b[39m","size":"627","timestamp":"2026-08-29 08:34:37"}
{"level":"info","message":" Incoming Request \u001b[32mGET\u001b[39m \u001b[32m200\u001b[39m \u001b[35m/api/v1/management/terms\u001b[39m \u001b[93m12 ms\u001b[39m","size":"2808","timestamp":"2026-08-29 08:34:57"}
{"level":"info","message":" Incoming Request \u001b[32mGET\u001b[39m \u001b[32m200\u001b[39m \u001b[35m/api/v1/subscription\u001b[39m \u001b[93m17 ms\u001b[39m","size":"2608","timestamp":"2026-08-29 08:35:03"}
{"level":"info","message":" Incoming Request \u001b[32mGET\u001b[39m \u001b[32m200\u001b[39m \u001b[35m/api/v1/subscription/trial-config\u001b[39m \u001b[93m19 ms\u001b[39m","size":"434","timestamp":"2026-08-29 08:35:03"}
{"level":"info","message":" Incoming Request \u001b[32mGET\u001b[39m \u001b[32m200\u001b[39m \u001b[35m/api/v1/subscription/user/trial-status\u001b[39m \u001b[93m25 ms\u001b[39m","size":"193","timestamp":"2026-08-29 08:35:03"}
{"level":"info","message":" Incoming Request \u001b[32mGET\u001b[39m \u001b[32m200\u001b[39m \u001b[35m/api/v1/signal/app/market-hours\u001b[39m \u001b[93m3 ms\u001b[39m","size":"680","timestamp":"2026-08-29 08:35:15"}
{"level":"info","message":" Incoming Request \u001b[32mGET\u001b[39m \u001b[32m200\u001b[39m \u001b[35m/api/v1/signal/app?page=1&limit=20&category=all\u001b[39m \u001b[93m11 ms\u001b[39m","size":"4701","timestamp":"2026-08-29 08:35:15"}
{"level":"info","message":" Incoming Request \u001b[32mGET\u001b[39m \u001b[32m200\u001b[39m \u001b[35m/api/v1/signal/app/6a8326b262128d32125343ad\u001b[39m \u001b[93m13 ms\u001b[39m","size":"2659","timestamp":"2026-08-29 08:35:17"}
{"level":"info","message":" Incoming Request \u001b[32mGET\u001b[39m \u001b[32m200\u001b[39m \u001b[35m/api/v1/signal/app/6a8326b262128d32125343ad/chart?timeframe=1W\u001b[39m \u001b[93m10 ms\u001b[39m","size":"764","timestamp":"2026-08-29 08:35:17"}
