{"level":"info","message":" Incoming Request \u001b[32mGET\u001b[39m \u001b[34m304\u001b[39m \u001b[35m/api/v1/user/my-profile\u001b[39m \u001b[93m6 ms\u001b[39m","size":0,"timestamp":"2026-08-22 01:35:00"}
{"level":"info","message":" Incoming Request \u001b[32mGET\u001b[39m \u001b[34m304\u001b[39m \u001b[35m/api/v1/post\u001b[39m \u001b[93m15 ms\u001b[39m","size":0,"timestamp":"2026-08-22 01:35:00"}
{"level":"info","message":" Incoming Request \u001b[32mGET\u001b[39m \u001b[34m304\u001b[39m \u001b[35m/api/v1/user/my-profile\u001b[39m \u001b[93m7 ms\u001b[39m","size":0,"timestamp":"2026-08-22 03:15:10"}
{"level":"info","message":" Incoming Request \u001b[32mGET\u001b[39m \u001b[34m304\u001b[39m \u001b[35m/api/v1/post\u001b[39m \u001b[93m13 ms\u001b[39m","size":0,"timestamp":"2026-08-22 03:15:10"}
{"level":"info","message":" Incoming Request \u001b[32mGET\u001b[39m \u001b[34m304\u001b[39m \u001b[35m/api/v1/post\u001b[39m \u001b[93m9 ms\u001b[39m","size":0,"timestamp":"2026-08-22 04:55:21"}
{"level":"info","message":" Incoming Request \u001b[32mGET\u001b[39m \u001b[34m304\u001b[39m \u001b[35m/api/v1/user/my-profile\u001b[39m \u001b[93m8 ms\u001b[39m","size":0,"timestamp":"2026-08-22 04:55:21"}
{"level":"info","message":" Incoming Request \u001b[32mGET\u001b[39m \u001b[34m304\u001b[39m \u001b[35m/api/v1/user/my-profile\u001b[39m \u001b[93m104 ms\u001b[39m","size":0,"timestamp":"2026-08-22 06:35:33"}
{"level":"info","message":" Incoming Request \u001b[32mGET\u001b[39m \u001b[34m304\u001b[39m \u001b[35m/api/v1/post\u001b[39m \u001b[93m8 ms\u001b[39m","size":0,"timestamp":"2026-08-22 06:35:33"}
{"level":"info","message":" Incoming Request \u001b[32mGET\u001b[39m \u001b[34m304\u001b[39m \u001b[35m/api/v1/user/my-profile\u001b[39m \u001b[93m9 ms\u001b[39m","size":0,"timestamp":"2026-08-22 08:15:43"}
{"level":"info","message":" Incoming Request \u001b[32mGET\u001b[39m \u001b[34m304\u001b[39m \u001b[35m/api/v1/post\u001b[39m \u001b[93m7 ms\u001b[39m","size":0,"timestamp":"2026-08-22 08:15:43"}
{"level":"info","message":" Incoming Request \u001b[32mGET\u001b[39m \u001b[31m401\u001b[39m \u001b[35m/api/v1/post\u001b[39m \u001b[93m35 ms\u001b[39m","size":"130","timestamp":"2026-08-22 09:55:54"}
{"level":"info","message":" Incoming Request \u001b[32mGET\u001b[39m \u001b[31m401\u001b[39m \u001b[35m/api/v1/user/my-profile\u001b[39m \u001b[93m2 ms\u001b[39m","size":"130","timestamp":"2026-08-22 09:55:54"}
{"level":"info","message":" Incoming Request \u001b[34mPOST\u001b[39m \u001b[32m200\u001b[39m \u001b[35m/api/v1/user/login\u001b[39m \u001b[93m306 ms\u001b[39m","size":"742","timestamp":"2026-08-22 11:15:41"}
{"level":"info","message":" Incoming Request \u001b[32mGET\u001b[39m \u001b[34m304\u001b[39m \u001b[35m/api/v1/user/my-profile\u001b[39m \u001b[93m14 ms\u001b[39m","size":0,"timestamp":"2026-08-22 11:15:41"}
{"level":"info","message":" Incoming Request \u001b[32mGET\u001b[39m \u001b[34m304\u001b[39m \u001b[35m/api/v1/post\u001b[39m \u001b[93m37 ms\u001b[39m","size":0,"timestamp":"2026-08-22 11:15:41"}
{"level":"info","message":" Incoming Request \u001b[32mGET\u001b[39m \u001b[34m304\u001b[39m \u001b[35m/api/v1/signal/types\u001b[39m \u001b[93m18 ms\u001b[39m","size":0,"timestamp":"2026-08-22 11:15:45"}
{"level":"info","message":" Incoming Request \u001b[32mGET\u001b[39m \u001b[34m304\u001b[39m \u001b[35m/api/v1/signal\u001b[39m \u001b[93m30 ms\u001b[39m","size":0,"timestamp":"2026-08-22 11:15:45"}
{"level":"info","message":" Incoming Request \u001b[31mDELETE\u001b[39m \u001b[32m200\u001b[39m \u001b[35m/api/v1/signal/6a7c3a6709a520dd16d79301\u001b[39m \u001b[93m50 ms\u001b[39m","size":"85","timestamp":"2026-08-22 11:18:36"}
{"level":"info","message":" Incoming Request \u001b[32mGET\u001b[39m \u001b[32m200\u001b[39m \u001b[35m/api/v1/signal\u001b[39m \u001b[93m17 ms\u001b[39m","size":"5425","timestamp":"2026-08-22 11:18:37"}
{"level":"info","message":" Incoming Request \u001b[31mDELETE\u001b[39m \u001b[32m200\u001b[39m \u001b[35m/api/v1/signal/6a7c3a6709a520dd16d79304\u001b[39m \u001b[93m4 ms\u001b[39m","size":"85","timestamp":"2026-08-22 11:18:39"}
{"level":"info","message":" Incoming Request \u001b[32mGET\u001b[39m \u001b[32m200\u001b[39m \u001b[35m/api/v1/signal\u001b[39m \u001b[93m16 ms\u001b[39m","size":"5037","timestamp":"2026-08-22 11:18:39"}
{"level":"info","message":" Incoming Request \u001b[32mGET\u001b[39m \u001b[32m200\u001b[39m \u001b[35m/api/v1/signal?status=Active\u001b[39m \u001b[93m5 ms\u001b[39m","size":"3147","timestamp":"2026-08-22 11:20:00"}
{"level":"info","message":" Incoming Request \u001b[32mGET\u001b[39m \u001b[32m200\u001b[39m \u001b[35m/api/v1/signal?status=Draft\u001b[39m \u001b[93m5 ms\u001b[39m","size":"86","timestamp":"2026-08-22 11:20:01"}
{"level":"info","message":" Incoming Request \u001b[32mGET\u001b[39m \u001b[32m200\u001b[39m \u001b[35m/api/v1/signal?status=Scheduled\u001b[39m \u001b[93m5 ms\u001b[39m","size":"86","timestamp":"2026-08-22 11:20:02"}
{"level":"info","message":" Incoming Request \u001b[32mGET\u001b[39m \u001b[32m200\u001b[39m \u001b[35m/api/v1/signal?status=Closed\u001b[39m \u001b[93m7 ms\u001b[39m","size":"1975","timestamp":"2026-08-22 11:20:03"}
{"level":"info","message":" Incoming Request \u001b[32mGET\u001b[39m \u001b[32m200\u001b[39m \u001b[35m/api/v1/signal?status=Closed\u001b[39m \u001b[93m41 ms\u001b[39m","size":"1975","timestamp":"2026-08-22 12:33:03"}
{"level":"info","message":" Incoming Request \u001b[31mDELETE\u001b[39m \u001b[32m200\u001b[39m \u001b[35m/api/v1/signal/6a7c3a6709a520dd16d79302\u001b[39m \u001b[93m37 ms\u001b[39m","size":"85","timestamp":"2026-08-22 12:33:06"}
{"level":"info","message":" Incoming Request \u001b[32mGET\u001b[39m \u001b[32m200\u001b[39m \u001b[35m/api/v1/signal?status=Closed\u001b[39m \u001b[93m5 ms\u001b[39m","size":"1593","timestamp":"2026-08-22 12:33:06"}
{"level":"info","message":" Incoming Request \u001b[32mGET\u001b[39m \u001b[34m304\u001b[39m \u001b[35m/api/v1/signal?status=Closed\u001b[39m \u001b[93m9 ms\u001b[39m","size":0,"timestamp":"2026-08-22 12:33:12"}
{"level":"info","message":" Incoming Request \u001b[32mGET\u001b[39m \u001b[34m304\u001b[39m \u001b[35m/api/v1/signal?status=Closed\u001b[39m \u001b[93m19 ms\u001b[39m","size":0,"timestamp":"2026-08-22 12:33:14"}
{"level":"info","message":" Incoming Request \u001b[34mPOST\u001b[39m \u001b[32m201\u001b[39m \u001b[35m/api/v1/signal/types\u001b[39m \u001b[93m176 ms\u001b[39m","size":"240","timestamp":"2026-08-22 12:49:23"}
{"level":"info","message":" Incoming Request \u001b[32mGET\u001b[39m \u001b[32m200\u001b[39m \u001b[35m/api/v1/signal/types\u001b[39m \u001b[93m8 ms\u001b[39m","size":"1015","timestamp":"2026-08-22 12:49:23"}
{"level":"info","message":" Incoming Request \u001b[34mPOST\u001b[39m \u001b[32m201\u001b[39m \u001b[35m/api/v1/signal/types\u001b[39m \u001b[93m39 ms\u001b[39m","size":"238","timestamp":"2026-08-22 12:49:25"}
{"level":"info","message":" Incoming Request \u001b[32mGET\u001b[39m \u001b[32m200\u001b[39m \u001b[35m/api/v1/signal/types\u001b[39m \u001b[93m5 ms\u001b[39m","size":"1168","timestamp":"2026-08-22 12:49:25"}
{"level":"info","message":" Incoming Request \u001b[34mPOST\u001b[39m \u001b[32m201\u001b[39m \u001b[35m/api/v1/signal/types\u001b[39m \u001b[93m37 ms\u001b[39m","size":"238","timestamp":"2026-08-22 12:49:28"}
{"level":"info","message":" Incoming Request \u001b[32mGET\u001b[39m \u001b[32m200\u001b[39m \u001b[35m/api/v1/signal/types\u001b[39m \u001b[93m14 ms\u001b[39m","size":"1321","timestamp":"2026-08-22 12:49:29"}
{"level":"info","message":" Incoming Request \u001b[34mPOST\u001b[39m \u001b[32m201\u001b[39m \u001b[35m/api/v1/signal/types\u001b[39m \u001b[93m24 ms\u001b[39m","size":"235","timestamp":"2026-08-22 12:49:30"}
{"level":"info","message":" Incoming Request \u001b[32mGET\u001b[39m \u001b[32m200\u001b[39m \u001b[35m/api/v1/signal/types\u001b[39m \u001b[93m30 ms\u001b[39m","size":"1471","timestamp":"2026-08-22 12:49:30"}
{"level":"info","message":" Incoming Request \u001b[34mPOST\u001b[39m \u001b[32m201\u001b[39m \u001b[35m/api/v1/signal/types\u001b[39m \u001b[93m35 ms\u001b[39m","size":"236","timestamp":"2026-08-22 12:49:31"}
{"level":"info","message":" Incoming Request \u001b[32mGET\u001b[39m \u001b[32m200\u001b[39m \u001b[35m/api/v1/signal/types\u001b[39m \u001b[93m24 ms\u001b[39m","size":"1622","timestamp":"2026-08-22 12:49:31"}
{"level":"info","message":" Incoming Request \u001b[34mPOST\u001b[39m \u001b[32m201\u001b[39m \u001b[35m/api/v1/signal/types\u001b[39m \u001b[93m127 ms\u001b[39m","size":"235","timestamp":"2026-08-22 12:49:38"}
{"level":"info","message":" Incoming Request \u001b[32mGET\u001b[39m \u001b[32m200\u001b[39m \u001b[35m/api/v1/signal/types\u001b[39m \u001b[93m16 ms\u001b[39m","size":"1772","timestamp":"2026-08-22 12:49:39"}
{"level":"info","message":" Incoming Request \u001b[31mDELETE\u001b[39m \u001b[32m200\u001b[39m \u001b[35m/api/v1/signal/types/6a89467a5dda2d6e0613d574\u001b[39m \u001b[93m23 ms\u001b[39m","size":"90","timestamp":"2026-08-22 12:49:56"}
{"level":"info","message":" Incoming Request \u001b[32mGET\u001b[39m \u001b[32m200\u001b[39m \u001b[35m/api/v1/signal/types\u001b[39m \u001b[93m5 ms\u001b[39m","size":"1622","timestamp":"2026-08-22 12:49:57"}
{"level":"info","message":" Incoming Request \u001b[31mDELETE\u001b[39m \u001b[32m200\u001b[39m \u001b[35m/api/v1/signal/types/6a89467b5dda2d6e0613d57a\u001b[39m \u001b[93m22 ms\u001b[39m","size":"90","timestamp":"2026-08-22 12:49:59"}
{"level":"info","message":" Incoming Request \u001b[32mGET\u001b[39m \u001b[32m200\u001b[39m \u001b[35m/api/v1/signal/types\u001b[39m \u001b[93m4 ms\u001b[39m","size":"1471","timestamp":"2026-08-22 12:49:59"}
{"level":"info","message":" Incoming Request \u001b[31mDELETE\u001b[39m \u001b[32m200\u001b[39m \u001b[35m/api/v1/signal/types/6a8946825dda2d6e0613d580\u001b[39m \u001b[93m16 ms\u001b[39m","size":"90","timestamp":"2026-08-22 12:50:02"}
{"level":"info","message":" Incoming Request \u001b[32mGET\u001b[39m \u001b[32m200\u001b[39m \u001b[35m/api/v1/signal/types\u001b[39m \u001b[93m4 ms\u001b[39m","size":"1321","timestamp":"2026-08-22 12:50:02"}
{"level":"info","message":" Incoming Request \u001b[31mDELETE\u001b[39m \u001b[32m200\u001b[39m \u001b[35m/api/v1/signal/types/6a8946755dda2d6e0613d568\u001b[39m \u001b[93m26 ms\u001b[39m","size":"90","timestamp":"2026-08-22 12:50:04"}
{"level":"info","message":" Incoming Request \u001b[32mGET\u001b[39m \u001b[32m200\u001b[39m \u001b[35m/api/v1/signal/types\u001b[39m \u001b[93m5 ms\u001b[39m","size":"1168","timestamp":"2026-08-22 12:50:04"}
{"level":"info","message":" Incoming Request \u001b[31mDELETE\u001b[39m \u001b[32m200\u001b[39m \u001b[35m/api/v1/signal/types/6a8946785dda2d6e0613d56e\u001b[39m \u001b[93m22 ms\u001b[39m","size":"90","timestamp":"2026-08-22 12:50:08"}
{"level":"info","message":" Incoming Request \u001b[32mGET\u001b[39m \u001b[32m200\u001b[39m \u001b[35m/api/v1/signal/types\u001b[39m \u001b[93m4 ms\u001b[39m","size":"1015","timestamp":"2026-08-22 12:50:09"}
{"level":"info","message":" Incoming Request \u001b[31mDELETE\u001b[39m \u001b[32m200\u001b[39m \u001b[35m/api/v1/signal/types/6a8946735dda2d6e0613d562\u001b[39m \u001b[93m33 ms\u001b[39m","size":"90","timestamp":"2026-08-22 12:50:15"}
{"level":"info","message":" Incoming Request \u001b[32mGET\u001b[39m \u001b[32m200\u001b[39m \u001b[35m/api/v1/signal/types\u001b[39m \u001b[93m9 ms\u001b[39m","size":"860","timestamp":"2026-08-22 12:50:15"}
{"level":"info","message":" Incoming Request \u001b[32mGET\u001b[39m \u001b[34m304\u001b[39m \u001b[35m/api/v1/signal/types\u001b[39m \u001b[93m23 ms\u001b[39m","size":0,"timestamp":"2026-08-22 12:50:22"}
{"level":"info","message":" Incoming Request \u001b[32mGET\u001b[39m \u001b[34m304\u001b[39m \u001b[35m/api/v1/user/my-profile\u001b[39m \u001b[93m27 ms\u001b[39m","size":0,"timestamp":"2026-08-22 12:50:22"}
{"level":"info","message":" Incoming Request \u001b[32mGET\u001b[39m \u001b[32m200\u001b[39m \u001b[35m/api/v1/signal\u001b[39m \u001b[93m40 ms\u001b[39m","size":"4655","timestamp":"2026-08-22 12:50:22"}
{"level":"info","message":" Incoming Request \u001b[32mGET\u001b[39m \u001b[32m200\u001b[39m \u001b[35m/api/v1/signal?status=Draft\u001b[39m \u001b[93m5 ms\u001b[39m","size":"86","timestamp":"2026-08-22 12:50:38"}
{"level":"info","message":" Incoming Request \u001b[32mGET\u001b[39m \u001b[32m200\u001b[39m \u001b[35m/api/v1/signal?status=Scheduled\u001b[39m \u001b[93m4 ms\u001b[39m","size":"86","timestamp":"2026-08-22 12:50:39"}
{"level":"info","message":" Incoming Request \u001b[32mGET\u001b[39m \u001b[32m200\u001b[39m \u001b[35m/api/v1/signal?status=Active\u001b[39m \u001b[93m9 ms\u001b[39m","size":"3147","timestamp":"2026-08-22 12:50:41"}
{"level":"info","message":" Incoming Request \u001b[32mGET\u001b[39m \u001b[34m304\u001b[39m \u001b[35m/api/v1/signal?status=Closed\u001b[39m \u001b[93m11 ms\u001b[39m","size":0,"timestamp":"2026-08-22 12:50:44"}
{"level":"info","message":" Incoming Request \u001b[32mGET\u001b[39m \u001b[34m304\u001b[39m \u001b[35m/api/v1/signal?status=Scheduled\u001b[39m \u001b[93m5 ms\u001b[39m","size":0,"timestamp":"2026-08-22 12:52:06"}
{"level":"info","message":" Incoming Request \u001b[32mGET\u001b[39m \u001b[34m304\u001b[39m \u001b[35m/api/v1/user/my-profile\u001b[39m \u001b[93m7 ms\u001b[39m","size":0,"timestamp":"2026-08-22 14:30:34"}
{"level":"info","message":" Incoming Request \u001b[32mGET\u001b[39m \u001b[34m304\u001b[39m \u001b[35m/api/v1/signal/types\u001b[39m \u001b[93m12 ms\u001b[39m","size":0,"timestamp":"2026-08-22 14:30:34"}
{"level":"info","message":" Incoming Request \u001b[32mGET\u001b[39m \u001b[34m304\u001b[39m \u001b[35m/api/v1/signal\u001b[39m \u001b[93m19 ms\u001b[39m","size":0,"timestamp":"2026-08-22 14:30:34"}
{"level":"info","message":" Incoming Request \u001b[32mGET\u001b[39m \u001b[34m304\u001b[39m \u001b[35m/api/v1/user/my-profile\u001b[39m \u001b[93m27 ms\u001b[39m","size":0,"timestamp":"2026-08-22 16:10:45"}
{"level":"info","message":" Incoming Request \u001b[32mGET\u001b[39m \u001b[34m304\u001b[39m \u001b[35m/api/v1/signal/types\u001b[39m \u001b[93m40 ms\u001b[39m","size":0,"timestamp":"2026-08-22 16:10:45"}
{"level":"info","message":" Incoming Request \u001b[32mGET\u001b[39m \u001b[34m304\u001b[39m \u001b[35m/api/v1/signal\u001b[39m \u001b[93m79 ms\u001b[39m","size":0,"timestamp":"2026-08-22 16:10:45"}
{"level":"info","message":" Incoming Request \u001b[32mGET\u001b[39m \u001b[34m304\u001b[39m \u001b[35m/api/v1/user/my-profile\u001b[39m \u001b[93m21 ms\u001b[39m","size":0,"timestamp":"2026-08-22 17:50:56"}
{"level":"info","message":" Incoming Request \u001b[32mGET\u001b[39m \u001b[34m304\u001b[39m \u001b[35m/api/v1/signal/types\u001b[39m \u001b[93m44 ms\u001b[39m","size":0,"timestamp":"2026-08-22 17:50:56"}
{"level":"info","message":" Incoming Request \u001b[32mGET\u001b[39m \u001b[34m304\u001b[39m \u001b[35m/api/v1/signal\u001b[39m \u001b[93m44 ms\u001b[39m","size":0,"timestamp":"2026-08-22 17:50:56"}
{"level":"info","message":" Incoming Request \u001b[32mGET\u001b[39m \u001b[34m304\u001b[39m \u001b[35m/api/v1/user/my-profile\u001b[39m \u001b[93m8 ms\u001b[39m","size":0,"timestamp":"2026-08-22 19:31:07"}
{"level":"info","message":" Incoming Request \u001b[32mGET\u001b[39m \u001b[34m304\u001b[39m \u001b[35m/api/v1/signal/types\u001b[39m \u001b[93m14 ms\u001b[39m","size":0,"timestamp":"2026-08-22 19:31:07"}
{"level":"info","message":" Incoming Request \u001b[32mGET\u001b[39m \u001b[34m304\u001b[39m \u001b[35m/api/v1/signal\u001b[39m \u001b[93m16 ms\u001b[39m","size":0,"timestamp":"2026-08-22 19:31:07"}
{"level":"info","message":" Incoming Request \u001b[32mGET\u001b[39m \u001b[34m304\u001b[39m \u001b[35m/api/v1/signal/types\u001b[39m \u001b[93m13 ms\u001b[39m","size":0,"timestamp":"2026-08-22 21:11:18"}
{"level":"info","message":" Incoming Request \u001b[32mGET\u001b[39m \u001b[34m304\u001b[39m \u001b[35m/api/v1/signal\u001b[39m \u001b[93m18 ms\u001b[39m","size":0,"timestamp":"2026-08-22 21:11:18"}
{"level":"info","message":" Incoming Request \u001b[32mGET\u001b[39m \u001b[34m304\u001b[39m \u001b[35m/api/v1/user/my-profile\u001b[39m \u001b[93m18 ms\u001b[39m","size":0,"timestamp":"2026-08-22 21:11:18"}
{"level":"info","message":" Incoming Request \u001b[32mGET\u001b[39m \u001b[34m304\u001b[39m \u001b[35m/api/v1/user/my-profile\u001b[39m \u001b[93m8 ms\u001b[39m","size":0,"timestamp":"2026-08-22 22:51:31"}
{"level":"info","message":" Incoming Request \u001b[32mGET\u001b[39m \u001b[34m304\u001b[39m \u001b[35m/api/v1/signal\u001b[39m \u001b[93m10 ms\u001b[39m","size":0,"timestamp":"2026-08-22 22:51:31"}
{"level":"info","message":" Incoming Request \u001b[32mGET\u001b[39m \u001b[34m304\u001b[39m \u001b[35m/api/v1/signal/types\u001b[39m \u001b[93m5 ms\u001b[39m","size":0,"timestamp":"2026-08-22 22:51:31"}
