{"level":"info","message":" Incoming Request \u001b[32mGET\u001b[39m \u001b[34m304\u001b[39m \u001b[35m/api/v1/signal/types\u001b[39m \u001b[93m5 ms\u001b[39m","size":0,"timestamp":"2026-08-09 08:22:43"}
{"level":"info","message":" Incoming Request \u001b[32mGET\u001b[39m \u001b[34m304\u001b[39m \u001b[35m/api/v1/user/my-profile\u001b[39m \u001b[93m6 ms\u001b[39m","size":0,"timestamp":"2026-08-09 08:22:43"}
{"level":"info","message":" Incoming Request \u001b[32mGET\u001b[39m \u001b[34m304\u001b[39m \u001b[35m/api/v1/signal\u001b[39m \u001b[93m7 ms\u001b[39m","size":0,"timestamp":"2026-08-09 08:22:44"}
{"level":"info","message":" Incoming Request \u001b[34mPOST\u001b[39m \u001b[32m200\u001b[39m \u001b[35m/api/v1/user/login\u001b[39m \u001b[93m216 ms\u001b[39m","size":"712","timestamp":"2026-08-09 08:33:38"}
{"level":"info","message":" Incoming Request \u001b[32mGET\u001b[39m \u001b[32m200\u001b[39m \u001b[35m/api/v1/user/my-profile\u001b[39m \u001b[93m9 ms\u001b[39m","size":"492","timestamp":"2026-08-09 08:33:38"}
{"level":"info","message":" Incoming Request \u001b[32mGET\u001b[39m \u001b[32m200\u001b[39m \u001b[35m/api/v1/signal/types\u001b[39m \u001b[93m8 ms\u001b[39m","size":"860","timestamp":"2026-08-09 08:33:38"}
{"level":"info","message":" Incoming Request \u001b[32mGET\u001b[39m \u001b[32m200\u001b[39m \u001b[35m/api/v1/notification/audience-stats\u001b[39m \u001b[93m7 ms\u001b[39m","size":"139","timestamp":"2026-08-09 08:33:38"}
{"level":"info","message":" Incoming Request \u001b[32mGET\u001b[39m \u001b[32m200\u001b[39m \u001b[35m/api/v1/dashboard/stats?range=6M\u001b[39m \u001b[93m34 ms\u001b[39m","size":"1796","timestamp":"2026-08-09 08:33:38"}
{"level":"info","message":" Incoming Request \u001b[32mGET\u001b[39m \u001b[32m200\u001b[39m \u001b[35m/api/v1/signal\u001b[39m \u001b[93m5 ms\u001b[39m","size":"4450","timestamp":"2026-08-09 08:33:55"}
{"level":"info","message":" Incoming Request \u001b[34mPOST\u001b[39m \u001b[32m201\u001b[39m \u001b[35m/api/v1/signal/types\u001b[39m \u001b[93m12 ms\u001b[39m","size":"237","timestamp":"2026-08-09 08:34:43"}
{"level":"info","message":" Incoming Request \u001b[32mGET\u001b[39m \u001b[32m200\u001b[39m \u001b[35m/api/v1/signal/types\u001b[39m \u001b[93m4 ms\u001b[39m","size":"1012","timestamp":"2026-08-09 08:34:43"}
{"level":"info","message":" Incoming Request \u001b[31mDELETE\u001b[39m \u001b[32m200\u001b[39m \u001b[35m/api/v1/signal/types/6a77e743714f0e25c8f556a2\u001b[39m \u001b[93m11 ms\u001b[39m","size":"90","timestamp":"2026-08-09 08:34:47"}
{"level":"info","message":" Incoming Request \u001b[32mGET\u001b[39m \u001b[32m200\u001b[39m \u001b[35m/api/v1/signal/types\u001b[39m \u001b[93m8 ms\u001b[39m","size":"860","timestamp":"2026-08-09 08:34:47"}
{"level":"info","message":" Incoming Request \u001b[32mGET\u001b[39m \u001b[32m200\u001b[39m \u001b[35m/api/v1/post\u001b[39m \u001b[93m6 ms\u001b[39m","size":"4909","timestamp":"2026-08-09 08:34:50"}
{"level":"info","message":" Incoming Request \u001b[32mGET\u001b[39m \u001b[32m200\u001b[39m \u001b[35m/api/v1/notification\u001b[39m \u001b[93m9 ms\u001b[39m","size":"1166","timestamp":"2026-08-09 08:35:33"}
{"level":"info","message":" Incoming Request \u001b[32mGET\u001b[39m \u001b[34m304\u001b[39m \u001b[35m/api/v1/notification/audience-stats\u001b[39m \u001b[93m6 ms\u001b[39m","size":0,"timestamp":"2026-08-09 08:35:33"}
{"level":"info","message":" Incoming Request \u001b[34mPOST\u001b[39m \u001b[33m500\u001b[39m \u001b[35m/api/v1/notification/send\u001b[39m \u001b[93m6 ms\u001b[39m","size":"216","timestamp":"2026-08-09 08:35:37"}
{"level":"info","message":" Incoming Request \u001b[32mGET\u001b[39m \u001b[34m304\u001b[39m \u001b[35m/api/v1/notification/audience-stats\u001b[39m \u001b[93m10 ms\u001b[39m","size":0,"timestamp":"2026-08-09 08:35:37"}
{"level":"info","message":" Incoming Request \u001b[32mGET\u001b[39m \u001b[34m304\u001b[39m \u001b[35m/api/v1/notification\u001b[39m \u001b[93m13 ms\u001b[39m","size":0,"timestamp":"2026-08-09 08:35:37"}
{"level":"info","message":" Incoming Request \u001b[32mGET\u001b[39m \u001b[32m200\u001b[39m \u001b[35m/api/v1/subscription?includeDisabled=true\u001b[39m \u001b[93m5 ms\u001b[39m","size":"2406","timestamp":"2026-08-09 08:35:38"}
{"level":"info","message":" Incoming Request \u001b[32mGET\u001b[39m \u001b[32m200\u001b[39m \u001b[35m/api/v1/subscription/trial-config\u001b[39m \u001b[93m13 ms\u001b[39m","size":"412","timestamp":"2026-08-09 08:35:38"}
{"level":"info","message":" Incoming Request \u001b[32mGET\u001b[39m \u001b[32m200\u001b[39m \u001b[35m/api/v1/subscription\u001b[39m \u001b[93m3 ms\u001b[39m","size":"2406","timestamp":"2026-08-09 08:35:41"}
{"level":"info","message":" Incoming Request \u001b[32mGET\u001b[39m \u001b[32m200\u001b[39m \u001b[35m/api/v1/user/all-user?page=1&limit=10\u001b[39m \u001b[93m4 ms\u001b[39m","size":"717","timestamp":"2026-08-09 08:35:56"}
{"level":"info","message":" Incoming Request \u001b[34mPOST\u001b[39m \u001b[32m200\u001b[39m \u001b[35m/api/v1/user/extend-subscription\u001b[39m \u001b[93m15 ms\u001b[39m","size":"638","timestamp":"2026-08-09 08:36:06"}
{"level":"info","message":" Incoming Request \u001b[32mGET\u001b[39m \u001b[32m200\u001b[39m \u001b[35m/api/v1/user/all-user?page=1&limit=10\u001b[39m \u001b[93m10 ms\u001b[39m","size":"717","timestamp":"2026-08-09 08:36:07"}
{"level":"info","message":" Incoming Request \u001b[32mGET\u001b[39m \u001b[32m200\u001b[39m \u001b[35m/api/v1/coupon\u001b[39m \u001b[93m8 ms\u001b[39m","size":"403","timestamp":"2026-08-09 08:36:11"}
{"level":"info","message":" Incoming Request \u001b[32mGET\u001b[39m \u001b[32m200\u001b[39m \u001b[35m/api/v1/management/privacy\u001b[39m \u001b[93m6 ms\u001b[39m","size":"236","timestamp":"2026-08-09 08:36:21"}
{"level":"info","message":" Incoming Request \u001b[32mGET\u001b[39m \u001b[32m200\u001b[39m \u001b[35m/api/v1/management/terms\u001b[39m \u001b[93m3 ms\u001b[39m","size":"99","timestamp":"2026-08-09 08:36:23"}
{"level":"info","message":" Incoming Request \u001b[32mGET\u001b[39m \u001b[32m200\u001b[39m \u001b[35m/api/v1/management/about\u001b[39m \u001b[93m2 ms\u001b[39m","size":"99","timestamp":"2026-08-09 08:36:24"}
{"level":"info","message":" Incoming Request \u001b[32mGET\u001b[39m \u001b[34m304\u001b[39m \u001b[35m/api/v1/notification/audience-stats\u001b[39m \u001b[93m7 ms\u001b[39m","size":0,"timestamp":"2026-08-09 08:36:49"}
{"level":"info","message":" Incoming Request \u001b[32mGET\u001b[39m \u001b[34m304\u001b[39m \u001b[35m/api/v1/dashboard/stats?range=6M\u001b[39m \u001b[93m39 ms\u001b[39m","size":0,"timestamp":"2026-08-09 08:36:50"}
{"level":"info","message":" Incoming Request \u001b[34mPOST\u001b[39m \u001b[32m200\u001b[39m \u001b[35m/stripe/webhook\u001b[39m \u001b[93m2 ms\u001b[39m","size":"17","timestamp":"2026-08-09 12:01:40"}
{"level":"info","message":" Incoming Request \u001b[34mPOST\u001b[39m \u001b[32m200\u001b[39m \u001b[35m/stripe/webhook\u001b[39m \u001b[93m1 ms\u001b[39m","size":"17","timestamp":"2026-08-09 12:09:03"}
