{"level":"info","message":" Incoming Request \u001b[32mGET\u001b[39m \u001b[34m304\u001b[39m \u001b[35m/api/v1/signal/types\u001b[39m \u001b[93m6 ms\u001b[39m","size":0,"timestamp":"2026-08-24 01:27:37"}
{"level":"info","message":" Incoming Request \u001b[32mGET\u001b[39m \u001b[34m304\u001b[39m \u001b[35m/api/v1/user/my-profile\u001b[39m \u001b[93m5 ms\u001b[39m","size":0,"timestamp":"2026-08-24 01:27:37"}
{"level":"info","message":" Incoming Request \u001b[32mGET\u001b[39m \u001b[34m304\u001b[39m \u001b[35m/api/v1/signal\u001b[39m \u001b[93m5 ms\u001b[39m","size":0,"timestamp":"2026-08-24 01:27:37"}
{"level":"info","message":" Incoming Request \u001b[32mGET\u001b[39m \u001b[34m304\u001b[39m \u001b[35m/api/v1/signal\u001b[39m \u001b[93m24 ms\u001b[39m","size":0,"timestamp":"2026-08-24 03:07:48"}
{"level":"info","message":" Incoming Request \u001b[32mGET\u001b[39m \u001b[34m304\u001b[39m \u001b[35m/api/v1/user/my-profile\u001b[39m \u001b[93m23 ms\u001b[39m","size":0,"timestamp":"2026-08-24 03:07:48"}
{"level":"info","message":" Incoming Request \u001b[32mGET\u001b[39m \u001b[34m304\u001b[39m \u001b[35m/api/v1/signal/types\u001b[39m \u001b[93m24 ms\u001b[39m","size":0,"timestamp":"2026-08-24 03:07:48"}
{"level":"info","message":" Incoming Request \u001b[32mGET\u001b[39m \u001b[34m304\u001b[39m \u001b[35m/api/v1/signal\u001b[39m \u001b[93m14 ms\u001b[39m","size":0,"timestamp":"2026-08-24 04:47:59"}
{"level":"info","message":" Incoming Request \u001b[32mGET\u001b[39m \u001b[34m304\u001b[39m \u001b[35m/api/v1/user/my-profile\u001b[39m \u001b[93m6 ms\u001b[39m","size":0,"timestamp":"2026-08-24 04:47:59"}
{"level":"info","message":" Incoming Request \u001b[32mGET\u001b[39m \u001b[34m304\u001b[39m \u001b[35m/api/v1/signal/types\u001b[39m \u001b[93m4 ms\u001b[39m","size":0,"timestamp":"2026-08-24 04:47:59"}
{"level":"info","message":" Incoming Request \u001b[32mGET\u001b[39m \u001b[34m304\u001b[39m \u001b[35m/api/v1/signal/types\u001b[39m \u001b[93m10 ms\u001b[39m","size":0,"timestamp":"2026-08-24 06:28:10"}
{"level":"info","message":" Incoming Request \u001b[32mGET\u001b[39m \u001b[34m304\u001b[39m \u001b[35m/api/v1/signal\u001b[39m \u001b[93m12 ms\u001b[39m","size":0,"timestamp":"2026-08-24 06:28:10"}
{"level":"info","message":" Incoming Request \u001b[32mGET\u001b[39m \u001b[34m304\u001b[39m \u001b[35m/api/v1/user/my-profile\u001b[39m \u001b[93m12 ms\u001b[39m","size":0,"timestamp":"2026-08-24 06:28:10"}
{"level":"info","message":" Incoming Request \u001b[34mPOST\u001b[39m \u001b[32m200\u001b[39m \u001b[35m/stripe/webhook\u001b[39m \u001b[93m23 ms\u001b[39m","size":"17","timestamp":"2026-08-24 07:44:43"}
{"level":"info","message":" Incoming Request \u001b[32mGET\u001b[39m \u001b[34m304\u001b[39m \u001b[35m/api/v1/signal/types\u001b[39m \u001b[93m7 ms\u001b[39m","size":0,"timestamp":"2026-08-24 08:08:21"}
{"level":"info","message":" Incoming Request \u001b[32mGET\u001b[39m \u001b[34m304\u001b[39m \u001b[35m/api/v1/user/my-profile\u001b[39m \u001b[93m6 ms\u001b[39m","size":0,"timestamp":"2026-08-24 08:08:21"}
{"level":"info","message":" Incoming Request \u001b[32mGET\u001b[39m \u001b[34m304\u001b[39m \u001b[35m/api/v1/signal\u001b[39m \u001b[93m11 ms\u001b[39m","size":0,"timestamp":"2026-08-24 08:08:21"}
{"level":"info","message":" Incoming Request \u001b[32mGET\u001b[39m \u001b[34m304\u001b[39m \u001b[35m/api/v1/user/my-profile\u001b[39m \u001b[93m36 ms\u001b[39m","size":0,"timestamp":"2026-08-24 09:48:31"}
{"level":"info","message":" Incoming Request \u001b[32mGET\u001b[39m \u001b[34m304\u001b[39m \u001b[35m/api/v1/signal/types\u001b[39m \u001b[93m64 ms\u001b[39m","size":0,"timestamp":"2026-08-24 09:48:31"}
{"level":"info","message":" Incoming Request \u001b[32mGET\u001b[39m \u001b[34m304\u001b[39m \u001b[35m/api/v1/signal\u001b[39m \u001b[93m55 ms\u001b[39m","size":0,"timestamp":"2026-08-24 09:48:31"}
{"level":"info","message":" Incoming Request \u001b[32mGET\u001b[39m \u001b[34m304\u001b[39m \u001b[35m/api/v1/signal\u001b[39m \u001b[93m42 ms\u001b[39m","size":0,"timestamp":"2026-08-24 10:57:28"}
{"level":"info","message":" Incoming Request \u001b[32mGET\u001b[39m \u001b[34m304\u001b[39m \u001b[35m/api/v1/signal/types\u001b[39m \u001b[93m18 ms\u001b[39m","size":0,"timestamp":"2026-08-24 10:57:28"}
{"level":"info","message":" Incoming Request \u001b[32mGET\u001b[39m \u001b[34m304\u001b[39m \u001b[35m/api/v1/user/my-profile\u001b[39m \u001b[93m4 ms\u001b[39m","size":0,"timestamp":"2026-08-24 10:57:28"}
{"level":"info","message":" Incoming Request \u001b[32mGET\u001b[39m \u001b[34m304\u001b[39m \u001b[35m/api/v1/signal?status=Active\u001b[39m \u001b[93m86 ms\u001b[39m","size":0,"timestamp":"2026-08-24 14:32:22"}
{"level":"info","message":" Incoming Request \u001b[32mGET\u001b[39m \u001b[34m304\u001b[39m \u001b[35m/api/v1/signal?status=Draft\u001b[39m \u001b[93m6 ms\u001b[39m","size":0,"timestamp":"2026-08-24 14:32:23"}
{"level":"info","message":" Incoming Request \u001b[32mGET\u001b[39m \u001b[34m304\u001b[39m \u001b[35m/api/v1/signal?status=Scheduled\u001b[39m \u001b[93m9 ms\u001b[39m","size":0,"timestamp":"2026-08-24 14:32:24"}
{"level":"info","message":" Incoming Request \u001b[32mGET\u001b[39m \u001b[34m304\u001b[39m \u001b[35m/api/v1/signal?status=Closed\u001b[39m \u001b[93m13 ms\u001b[39m","size":0,"timestamp":"2026-08-24 14:32:25"}
{"level":"info","message":" Incoming Request \u001b[32mGET\u001b[39m \u001b[34m304\u001b[39m \u001b[35m/api/v1/signal?status=Active\u001b[39m \u001b[93m5 ms\u001b[39m","size":0,"timestamp":"2026-08-24 14:33:24"}
{"level":"info","message":" Incoming Request \u001b[32mGET\u001b[39m \u001b[34m304\u001b[39m \u001b[35m/api/v1/signal?status=Draft\u001b[39m \u001b[93m14 ms\u001b[39m","size":0,"timestamp":"2026-08-24 14:33:26"}
{"level":"info","message":" Incoming Request \u001b[32mGET\u001b[39m \u001b[34m304\u001b[39m \u001b[35m/api/v1/signal?status=Scheduled\u001b[39m \u001b[93m9 ms\u001b[39m","size":0,"timestamp":"2026-08-24 14:33:27"}
{"level":"info","message":" Incoming Request \u001b[32mGET\u001b[39m \u001b[34m304\u001b[39m \u001b[35m/api/v1/signal\u001b[39m \u001b[93m20 ms\u001b[39m","size":0,"timestamp":"2026-08-24 14:33:35"}
{"level":"info","message":" Incoming Request \u001b[32mGET\u001b[39m \u001b[32m200\u001b[39m \u001b[35m/api/v1/signal?status=Closed&toDate=2026-08-27\u001b[39m \u001b[93m129 ms\u001b[39m","size":"1593","timestamp":"2026-08-24 16:59:38"}
{"level":"info","message":" Incoming Request \u001b[32mGET\u001b[39m \u001b[32m200\u001b[39m \u001b[35m/api/v1/signal?status=Closed&fromDate=2026-08-19&toDate=2026-08-27\u001b[39m \u001b[93m9 ms\u001b[39m","size":"86","timestamp":"2026-08-24 16:59:42"}
{"level":"info","message":" Incoming Request \u001b[32mGET\u001b[39m \u001b[34m304\u001b[39m \u001b[35m/api/v1/post\u001b[39m \u001b[93m24 ms\u001b[39m","size":0,"timestamp":"2026-08-24 16:59:48"}
{"level":"info","message":" Incoming Request \u001b[32mGET\u001b[39m \u001b[32m200\u001b[39m \u001b[35m/api/v1/notification\u001b[39m \u001b[93m20 ms\u001b[39m","size":"1985","timestamp":"2026-08-24 16:59:49"}
{"level":"info","message":" Incoming Request \u001b[32mGET\u001b[39m \u001b[34m304\u001b[39m \u001b[35m/api/v1/notification/audience-stats\u001b[39m \u001b[93m47 ms\u001b[39m","size":0,"timestamp":"2026-08-24 16:59:49"}
{"level":"info","message":" Incoming Request \u001b[32mGET\u001b[39m \u001b[34m304\u001b[39m \u001b[35m/api/v1/subscription?includeDisabled=true\u001b[39m \u001b[93m20 ms\u001b[39m","size":0,"timestamp":"2026-08-24 16:59:51"}
{"level":"info","message":" Incoming Request \u001b[32mGET\u001b[39m \u001b[34m304\u001b[39m \u001b[35m/api/v1/subscription/trial-config\u001b[39m \u001b[93m34 ms\u001b[39m","size":0,"timestamp":"2026-08-24 16:59:51"}
