{"level":"info","message":" Incoming Request \u001b[32mGET\u001b[39m \u001b[34m304\u001b[39m \u001b[35m/api/v1/notification/audience-stats\u001b[39m \u001b[93m65 ms\u001b[39m","size":0,"timestamp":"2026-08-10 08:15:58"}
{"level":"info","message":" Incoming Request \u001b[32mGET\u001b[39m \u001b[34m304\u001b[39m \u001b[35m/api/v1/signal/types\u001b[39m \u001b[93m111 ms\u001b[39m","size":0,"timestamp":"2026-08-10 08:15:58"}
{"level":"info","message":" Incoming Request \u001b[32mGET\u001b[39m \u001b[34m304\u001b[39m \u001b[35m/api/v1/user/my-profile\u001b[39m \u001b[93m143 ms\u001b[39m","size":0,"timestamp":"2026-08-10 08:15:58"}
{"level":"info","message":" Incoming Request \u001b[32mGET\u001b[39m \u001b[32m200\u001b[39m \u001b[35m/api/v1/dashboard/stats?range=6M\u001b[39m \u001b[93m312 ms\u001b[39m","size":"1790","timestamp":"2026-08-10 08:15:58"}
{"level":"info","message":" Incoming Request \u001b[32mGET\u001b[39m \u001b[34m304\u001b[39m \u001b[35m/api/v1/user/my-profile\u001b[39m \u001b[93m13 ms\u001b[39m","size":0,"timestamp":"2026-08-10 08:16:21"}
{"level":"info","message":" Incoming Request \u001b[32mGET\u001b[39m \u001b[34m304\u001b[39m \u001b[35m/api/v1/notification/audience-stats\u001b[39m \u001b[93m19 ms\u001b[39m","size":0,"timestamp":"2026-08-10 08:16:21"}
{"level":"info","message":" Incoming Request \u001b[32mGET\u001b[39m \u001b[34m304\u001b[39m \u001b[35m/api/v1/signal/types\u001b[39m \u001b[93m17 ms\u001b[39m","size":0,"timestamp":"2026-08-10 08:16:21"}
{"level":"info","message":" Incoming Request \u001b[32mGET\u001b[39m \u001b[34m304\u001b[39m \u001b[35m/api/v1/dashboard/stats?range=6M\u001b[39m \u001b[93m100 ms\u001b[39m","size":0,"timestamp":"2026-08-10 08:16:21"}
{"level":"info","message":" Incoming Request \u001b[32mGET\u001b[39m \u001b[34m304\u001b[39m \u001b[35m/api/v1/notification/audience-stats\u001b[39m \u001b[93m25 ms\u001b[39m","size":0,"timestamp":"2026-08-10 08:16:35"}
{"level":"info","message":" Incoming Request \u001b[32mGET\u001b[39m \u001b[34m304\u001b[39m \u001b[35m/api/v1/signal/types\u001b[39m \u001b[93m28 ms\u001b[39m","size":0,"timestamp":"2026-08-10 08:16:35"}
{"level":"info","message":" Incoming Request \u001b[32mGET\u001b[39m \u001b[34m304\u001b[39m \u001b[35m/api/v1/user/my-profile\u001b[39m \u001b[93m17 ms\u001b[39m","size":0,"timestamp":"2026-08-10 08:16:35"}
{"level":"info","message":" Incoming Request \u001b[32mGET\u001b[39m \u001b[32m200\u001b[39m \u001b[35m/api/v1/dashboard/stats?range=6M\u001b[39m \u001b[93m150 ms\u001b[39m","size":"1790","timestamp":"2026-08-10 08:16:35"}
{"level":"info","message":" Incoming Request \u001b[32mGET\u001b[39m \u001b[32m200\u001b[39m \u001b[35m/api/v1/signal\u001b[39m \u001b[93m20 ms\u001b[39m","size":"4450","timestamp":"2026-08-10 08:17:05"}
{"level":"info","message":" Incoming Request \u001b[32mGET\u001b[39m \u001b[32m200\u001b[39m \u001b[35m/api/v1/post\u001b[39m \u001b[93m12 ms\u001b[39m","size":"4909","timestamp":"2026-08-10 08:17:56"}
{"level":"info","message":" Incoming Request \u001b[32mGET\u001b[39m \u001b[32m200\u001b[39m \u001b[35m/api/v1/notification\u001b[39m \u001b[93m5 ms\u001b[39m","size":"1166","timestamp":"2026-08-10 08:18:10"}
{"level":"info","message":" Incoming Request \u001b[32mGET\u001b[39m \u001b[34m304\u001b[39m \u001b[35m/api/v1/notification/audience-stats\u001b[39m \u001b[93m6 ms\u001b[39m","size":0,"timestamp":"2026-08-10 08:18:10"}
{"level":"info","message":" Incoming Request \u001b[32mGET\u001b[39m \u001b[32m200\u001b[39m \u001b[35m/api/v1/subscription?includeDisabled=true\u001b[39m \u001b[93m3 ms\u001b[39m","size":"2406","timestamp":"2026-08-10 08:18:16"}
{"level":"info","message":" Incoming Request \u001b[32mGET\u001b[39m \u001b[32m200\u001b[39m \u001b[35m/api/v1/subscription/trial-config\u001b[39m \u001b[93m10 ms\u001b[39m","size":"412","timestamp":"2026-08-10 08:18:16"}
{"level":"info","message":" Incoming Request \u001b[32mGET\u001b[39m \u001b[32m200\u001b[39m \u001b[35m/api/v1/user/all-user?page=1&limit=10\u001b[39m \u001b[93m10 ms\u001b[39m","size":"717","timestamp":"2026-08-10 08:18:21"}
{"level":"info","message":" Incoming Request \u001b[32mGET\u001b[39m \u001b[32m200\u001b[39m \u001b[35m/api/v1/coupon\u001b[39m \u001b[93m3 ms\u001b[39m","size":"403","timestamp":"2026-08-10 08:18:26"}
{"level":"info","message":" Incoming Request \u001b[32mGET\u001b[39m \u001b[34m304\u001b[39m \u001b[35m/api/v1/dashboard/stats?range=6M\u001b[39m \u001b[93m61 ms\u001b[39m","size":0,"timestamp":"2026-08-10 08:18:35"}
{"level":"info","message":" Incoming Request \u001b[32mGET\u001b[39m \u001b[34m304\u001b[39m \u001b[35m/api/v1/notification\u001b[39m \u001b[93m9 ms\u001b[39m","size":0,"timestamp":"2026-08-10 08:21:33"}
{"level":"info","message":" Incoming Request \u001b[32mGET\u001b[39m \u001b[34m304\u001b[39m \u001b[35m/api/v1/notification/audience-stats\u001b[39m \u001b[93m17 ms\u001b[39m","size":0,"timestamp":"2026-08-10 09:06:53"}
{"level":"info","message":" Incoming Request \u001b[32mGET\u001b[39m \u001b[34m304\u001b[39m \u001b[35m/api/v1/notification\u001b[39m \u001b[93m10 ms\u001b[39m","size":0,"timestamp":"2026-08-10 09:06:53"}
{"level":"info","message":" Incoming Request \u001b[32mGET\u001b[39m \u001b[34m304\u001b[39m \u001b[35m/api/v1/user/my-profile\u001b[39m \u001b[93m12 ms\u001b[39m","size":0,"timestamp":"2026-08-10 09:06:53"}
{"level":"info","message":" Incoming Request \u001b[32mGET\u001b[39m \u001b[34m304\u001b[39m \u001b[35m/api/v1/user/my-profile\u001b[39m \u001b[93m33 ms\u001b[39m","size":0,"timestamp":"2026-08-10 09:08:13"}
{"level":"info","message":" Incoming Request \u001b[32mGET\u001b[39m \u001b[34m304\u001b[39m \u001b[35m/api/v1/notification/audience-stats\u001b[39m \u001b[93m32 ms\u001b[39m","size":0,"timestamp":"2026-08-10 09:08:13"}
{"level":"info","message":" Incoming Request \u001b[32mGET\u001b[39m \u001b[34m304\u001b[39m \u001b[35m/api/v1/notification\u001b[39m \u001b[93m75 ms\u001b[39m","size":0,"timestamp":"2026-08-10 09:08:13"}
{"level":"info","message":" Incoming Request \u001b[32mGET\u001b[39m \u001b[32m200\u001b[39m \u001b[35m/api/v1/subscription?includeDisabled=true\u001b[39m \u001b[93m20 ms\u001b[39m","size":"2469","timestamp":"2026-08-10 09:11:13"}
{"level":"info","message":" Incoming Request \u001b[32mGET\u001b[39m \u001b[34m304\u001b[39m \u001b[35m/api/v1/subscription/trial-config\u001b[39m \u001b[93m50 ms\u001b[39m","size":0,"timestamp":"2026-08-10 09:11:13"}
{"level":"info","message":" Incoming Request \u001b[32mGET\u001b[39m \u001b[32m200\u001b[39m \u001b[35m/api/v1/subscription\u001b[39m \u001b[93m6 ms\u001b[39m","size":"2469","timestamp":"2026-08-10 09:11:16"}
{"level":"info","message":" Incoming Request \u001b[32mGET\u001b[39m \u001b[34m304\u001b[39m \u001b[35m/api/v1/signal/types\u001b[39m \u001b[93m15 ms\u001b[39m","size":0,"timestamp":"2026-08-10 09:11:16"}
{"level":"info","message":" Incoming Request \u001b[32mGET\u001b[39m \u001b[34m304\u001b[39m \u001b[35m/api/v1/signal/types\u001b[39m \u001b[93m9 ms\u001b[39m","size":0,"timestamp":"2026-08-10 09:16:20"}
{"level":"info","message":" Incoming Request \u001b[32mGET\u001b[39m \u001b[34m304\u001b[39m \u001b[35m/api/v1/signal\u001b[39m \u001b[93m31 ms\u001b[39m","size":0,"timestamp":"2026-08-10 09:16:20"}
{"level":"info","message":" Incoming Request \u001b[32mGET\u001b[39m \u001b[34m304\u001b[39m \u001b[35m/api/v1/signal\u001b[39m \u001b[93m8 ms\u001b[39m","size":0,"timestamp":"2026-08-10 09:16:39"}
{"level":"info","message":" Incoming Request \u001b[32mGET\u001b[39m \u001b[34m304\u001b[39m \u001b[35m/api/v1/signal\u001b[39m \u001b[93m18 ms\u001b[39m","size":0,"timestamp":"2026-08-10 09:16:41"}
{"level":"info","message":" Incoming Request \u001b[32mGET\u001b[39m \u001b[34m304\u001b[39m \u001b[35m/api/v1/signal\u001b[39m \u001b[93m12 ms\u001b[39m","size":0,"timestamp":"2026-08-10 09:16:41"}
{"level":"info","message":" Incoming Request \u001b[32mGET\u001b[39m \u001b[34m304\u001b[39m \u001b[35m/api/v1/signal\u001b[39m \u001b[93m9 ms\u001b[39m","size":0,"timestamp":"2026-08-10 09:16:42"}
{"level":"info","message":" Incoming Request \u001b[32mGET\u001b[39m \u001b[34m304\u001b[39m \u001b[35m/api/v1/notification/audience-stats\u001b[39m \u001b[93m17 ms\u001b[39m","size":0,"timestamp":"2026-08-10 09:16:48"}
{"level":"info","message":" Incoming Request \u001b[32mGET\u001b[39m \u001b[34m304\u001b[39m \u001b[35m/api/v1/notification\u001b[39m \u001b[93m16 ms\u001b[39m","size":0,"timestamp":"2026-08-10 09:16:48"}
{"level":"info","message":" Incoming Request \u001b[32mGET\u001b[39m \u001b[34m304\u001b[39m \u001b[35m/api/v1/post\u001b[39m \u001b[93m4 ms\u001b[39m","size":0,"timestamp":"2026-08-10 09:16:48"}
{"level":"info","message":" Incoming Request \u001b[32mGET\u001b[39m \u001b[34m304\u001b[39m \u001b[35m/api/v1/user/all-user?page=1&limit=10\u001b[39m \u001b[93m11 ms\u001b[39m","size":0,"timestamp":"2026-08-10 09:16:50"}
{"level":"info","message":" Incoming Request \u001b[32mGET\u001b[39m \u001b[34m304\u001b[39m \u001b[35m/api/v1/coupon\u001b[39m \u001b[93m5 ms\u001b[39m","size":0,"timestamp":"2026-08-10 09:16:51"}
{"level":"info","message":" Incoming Request \u001b[32mGET\u001b[39m \u001b[34m304\u001b[39m \u001b[35m/api/v1/dashboard/stats?range=6M\u001b[39m \u001b[93m169 ms\u001b[39m","size":0,"timestamp":"2026-08-10 09:16:54"}
{"level":"info","message":" Incoming Request \u001b[32mGET\u001b[39m \u001b[32m200\u001b[39m \u001b[35m/api/v1/signal/app?category=All&sort=-publishedAt&page=1&limit=10\u001b[39m \u001b[93m15 ms\u001b[39m","size":"456","timestamp":"2026-08-10 09:18:33"}
{"level":"info","message":" Incoming Request \u001b[32mGET\u001b[39m \u001b[32m200\u001b[39m \u001b[35m/api/v1/signal/app/market-hours\u001b[39m \u001b[93m5 ms\u001b[39m","size":"680","timestamp":"2026-08-10 09:18:39"}
{"level":"info","message":" Incoming Request \u001b[32mGET\u001b[39m \u001b[34m304\u001b[39m \u001b[35m/api/v1/post\u001b[39m \u001b[93m17 ms\u001b[39m","size":0,"timestamp":"2026-08-10 09:18:49"}
{"level":"info","message":" Incoming Request \u001b[32mGET\u001b[39m \u001b[34m304\u001b[39m \u001b[35m/api/v1/signal\u001b[39m \u001b[93m6 ms\u001b[39m","size":0,"timestamp":"2026-08-10 09:18:49"}
{"level":"info","message":" Incoming Request \u001b[32mGET\u001b[39m \u001b[34m304\u001b[39m \u001b[35m/api/v1/signal\u001b[39m \u001b[93m9 ms\u001b[39m","size":0,"timestamp":"2026-08-10 09:18:52"}
{"level":"info","message":" Incoming Request \u001b[32mGET\u001b[39m \u001b[34m304\u001b[39m \u001b[35m/api/v1/signal\u001b[39m \u001b[93m10 ms\u001b[39m","size":0,"timestamp":"2026-08-10 09:18:53"}
{"level":"info","message":" Incoming Request \u001b[32mGET\u001b[39m \u001b[34m304\u001b[39m \u001b[35m/api/v1/signal\u001b[39m \u001b[93m7 ms\u001b[39m","size":0,"timestamp":"2026-08-10 09:18:53"}
{"level":"info","message":" Incoming Request \u001b[32mGET\u001b[39m \u001b[34m304\u001b[39m \u001b[35m/api/v1/signal\u001b[39m \u001b[93m9 ms\u001b[39m","size":0,"timestamp":"2026-08-10 09:18:53"}
{"level":"info","message":" Incoming Request \u001b[32mGET\u001b[39m \u001b[34m304\u001b[39m \u001b[35m/api/v1/signal\u001b[39m \u001b[93m11 ms\u001b[39m","size":0,"timestamp":"2026-08-10 09:18:53"}
{"level":"info","message":" Incoming Request \u001b[32mGET\u001b[39m \u001b[34m304\u001b[39m \u001b[35m/api/v1/signal\u001b[39m \u001b[93m8 ms\u001b[39m","size":0,"timestamp":"2026-08-10 09:18:53"}
{"level":"info","message":" Incoming Request \u001b[32mGET\u001b[39m \u001b[32m200\u001b[39m \u001b[35m/api/v1/signal/app?sort=-publishedAt&page=1&limit=10\u001b[39m \u001b[93m9 ms\u001b[39m","size":"456","timestamp":"2026-08-10 09:19:50"}
{"level":"info","message":" Incoming Request \u001b[32mGET\u001b[39m \u001b[32m200\u001b[39m \u001b[35m/api/v1/signal/app\u001b[39m \u001b[93m7 ms\u001b[39m","size":"456","timestamp":"2026-08-10 09:20:00"}
{"level":"info","message":" Incoming Request \u001b[32mGET\u001b[39m \u001b[32m200\u001b[39m \u001b[35m/api/v1/subscription/user/current\u001b[39m \u001b[93m12 ms\u001b[39m","size":"1412","timestamp":"2026-08-10 09:20:22"}
{"level":"info","message":" Incoming Request \u001b[32mGET\u001b[39m \u001b[32m200\u001b[39m \u001b[35m/api/v1/signal/app\u001b[39m \u001b[93m9 ms\u001b[39m","size":"456","timestamp":"2026-08-10 09:20:53"}
{"level":"info","message":" Incoming Request \u001b[32mGET\u001b[39m \u001b[32m200\u001b[39m \u001b[35m/api/v1/signal\u001b[39m \u001b[93m77 ms\u001b[39m","size":"5498","timestamp":"2026-08-10 09:23:24"}
{"level":"info","message":" Incoming Request \u001b[32mGET\u001b[39m \u001b[34m304\u001b[39m \u001b[35m/api/v1/signal/types\u001b[39m \u001b[93m65 ms\u001b[39m","size":0,"timestamp":"2026-08-10 09:23:24"}
{"level":"info","message":" Incoming Request \u001b[32mGET\u001b[39m \u001b[34m304\u001b[39m \u001b[35m/api/v1/user/my-profile\u001b[39m \u001b[93m60 ms\u001b[39m","size":0,"timestamp":"2026-08-10 09:23:24"}
{"level":"info","message":" Incoming Request \u001b[32mGET\u001b[39m \u001b[34m304\u001b[39m \u001b[35m/api/v1/user/my-profile\u001b[39m \u001b[93m21 ms\u001b[39m","size":0,"timestamp":"2026-08-10 09:39:08"}
{"level":"info","message":" Incoming Request \u001b[32mGET\u001b[39m \u001b[34m304\u001b[39m \u001b[35m/api/v1/signal/types\u001b[39m \u001b[93m23 ms\u001b[39m","size":0,"timestamp":"2026-08-10 09:39:08"}
{"level":"info","message":" Incoming Request \u001b[32mGET\u001b[39m \u001b[34m304\u001b[39m \u001b[35m/api/v1/notification/audience-stats\u001b[39m \u001b[93m30 ms\u001b[39m","size":0,"timestamp":"2026-08-10 09:39:08"}
{"level":"info","message":" Incoming Request \u001b[32mGET\u001b[39m \u001b[32m200\u001b[39m \u001b[35m/api/v1/dashboard/stats?range=6M\u001b[39m \u001b[93m87 ms\u001b[39m","size":"1817","timestamp":"2026-08-10 09:39:08"}
{"level":"info","message":" Incoming Request \u001b[32mGET\u001b[39m \u001b[34m304\u001b[39m \u001b[35m/api/v1/signal/types\u001b[39m \u001b[93m19 ms\u001b[39m","size":0,"timestamp":"2026-08-10 09:53:16"}
{"level":"info","message":" Incoming Request \u001b[32mGET\u001b[39m \u001b[34m304\u001b[39m \u001b[35m/api/v1/user/my-profile\u001b[39m \u001b[93m33 ms\u001b[39m","size":0,"timestamp":"2026-08-10 09:53:16"}
{"level":"info","message":" Incoming Request \u001b[32mGET\u001b[39m \u001b[34m304\u001b[39m \u001b[35m/api/v1/notification/audience-stats\u001b[39m \u001b[93m26 ms\u001b[39m","size":0,"timestamp":"2026-08-10 09:53:16"}
{"level":"info","message":" Incoming Request \u001b[32mGET\u001b[39m \u001b[32m200\u001b[39m \u001b[35m/api/v1/dashboard/stats?range=6M\u001b[39m \u001b[93m124 ms\u001b[39m","size":"1817","timestamp":"2026-08-10 09:53:16"}
{"level":"info","message":" Incoming Request \u001b[32mGET\u001b[39m \u001b[32m200\u001b[39m \u001b[35m/api/v1/signal/app\u001b[39m \u001b[93m17 ms\u001b[39m","size":"3231","timestamp":"2026-08-10 09:53:20"}
{"level":"info","message":" Incoming Request \u001b[32mGET\u001b[39m \u001b[32m200\u001b[39m \u001b[35m/api/v1/signal\u001b[39m \u001b[93m11 ms\u001b[39m","size":"6100","timestamp":"2026-08-10 09:54:58"}
{"level":"info","message":" Incoming Request \u001b[32mGET\u001b[39m \u001b[34m304\u001b[39m \u001b[35m/api/v1/user/my-profile\u001b[39m \u001b[93m9 ms\u001b[39m","size":0,"timestamp":"2026-08-10 10:02:25"}
{"level":"info","message":" Incoming Request \u001b[32mGET\u001b[39m \u001b[34m304\u001b[39m \u001b[35m/api/v1/signal/types\u001b[39m \u001b[93m11 ms\u001b[39m","size":0,"timestamp":"2026-08-10 10:02:25"}
{"level":"info","message":" Incoming Request \u001b[32mGET\u001b[39m \u001b[34m304\u001b[39m \u001b[35m/api/v1/signal\u001b[39m \u001b[93m14 ms\u001b[39m","size":0,"timestamp":"2026-08-10 10:02:25"}
{"level":"info","message":" Incoming Request \u001b[34mPOST\u001b[39m \u001b[32m200\u001b[39m \u001b[35m/stripe/webhook\u001b[39m \u001b[93m12 ms\u001b[39m","size":"17","timestamp":"2026-08-10 10:33:10"}
{"level":"info","message":" Incoming Request \u001b[34mPOST\u001b[39m \u001b[32m200\u001b[39m \u001b[35m/stripe/webhook\u001b[39m \u001b[93m0 ms\u001b[39m","size":"17","timestamp":"2026-08-10 10:33:10"}
{"level":"info","message":" Incoming Request \u001b[34mPOST\u001b[39m \u001b[32m200\u001b[39m \u001b[35m/stripe/webhook\u001b[39m \u001b[93m1 ms\u001b[39m","size":"17","timestamp":"2026-08-10 10:33:10"}
{"level":"info","message":" Incoming Request \u001b[32mGET\u001b[39m \u001b[32m200\u001b[39m \u001b[35m/api/v1/signal\u001b[39m \u001b[93m87 ms\u001b[39m","size":"5848","timestamp":"2026-08-10 11:24:25"}
{"level":"info","message":" Incoming Request \u001b[32mGET\u001b[39m \u001b[34m304\u001b[39m \u001b[35m/api/v1/signal/types\u001b[39m \u001b[93m84 ms\u001b[39m","size":0,"timestamp":"2026-08-10 11:24:25"}
{"level":"info","message":" Incoming Request \u001b[32mGET\u001b[39m \u001b[34m304\u001b[39m \u001b[35m/api/v1/signal/types\u001b[39m \u001b[93m13 ms\u001b[39m","size":0,"timestamp":"2026-08-10 11:24:27"}
{"level":"info","message":" Incoming Request \u001b[32mGET\u001b[39m \u001b[34m304\u001b[39m \u001b[35m/api/v1/signal\u001b[39m \u001b[93m30 ms\u001b[39m","size":0,"timestamp":"2026-08-10 11:24:27"}
{"level":"info","message":" Incoming Request \u001b[32mGET\u001b[39m \u001b[34m304\u001b[39m \u001b[35m/api/v1/user/my-profile\u001b[39m \u001b[93m13 ms\u001b[39m","size":0,"timestamp":"2026-08-10 11:24:27"}
{"level":"info","message":" Incoming Request \u001b[32mGET\u001b[39m \u001b[32m200\u001b[39m \u001b[35m/api/v1/signal/app\u001b[39m \u001b[93m19 ms\u001b[39m","size":"3229","timestamp":"2026-08-10 11:24:44"}
{"level":"info","message":" Incoming Request \u001b[34mPOST\u001b[39m \u001b[32m200\u001b[39m \u001b[35m/stripe/webhook\u001b[39m \u001b[93m1 ms\u001b[39m","size":"17","timestamp":"2026-08-10 11:33:39"}
{"level":"info","message":" Incoming Request \u001b[32mGET\u001b[39m \u001b[34m304\u001b[39m \u001b[35m/api/v1/user/my-profile\u001b[39m \u001b[93m34 ms\u001b[39m","size":0,"timestamp":"2026-08-10 12:23:11"}
{"level":"info","message":" Incoming Request \u001b[32mGET\u001b[39m \u001b[34m304\u001b[39m \u001b[35m/api/v1/signal/types\u001b[39m \u001b[93m84 ms\u001b[39m","size":0,"timestamp":"2026-08-10 12:23:12"}
{"level":"info","message":" Incoming Request \u001b[32mGET\u001b[39m \u001b[34m304\u001b[39m \u001b[35m/api/v1/signal\u001b[39m \u001b[93m119 ms\u001b[39m","size":0,"timestamp":"2026-08-10 12:23:12"}
{"level":"info","message":" Incoming Request \u001b[34mPOST\u001b[39m \u001b[32m200\u001b[39m \u001b[35m/api/v1/user/login\u001b[39m \u001b[93m353 ms\u001b[39m","size":"869","timestamp":"2026-08-10 12:48:01"}
{"level":"info","message":" Incoming Request \u001b[32mGET\u001b[39m \u001b[32m200\u001b[39m \u001b[35m/api/v1/signal/app?category=All&searchTerm=&sort=-publishedAt&page=1&limit=10\u001b[39m \u001b[93m162 ms\u001b[39m","size":"3228","timestamp":"2026-08-10 12:48:02"}
{"level":"info","message":" Incoming Request \u001b[32mGET\u001b[39m \u001b[32m200\u001b[39m \u001b[35m/api/v1/signal/app?category=Forex&searchTerm=&sort=-publishedAt&page=1&limit=10\u001b[39m \u001b[93m18 ms\u001b[39m","size":"1382","timestamp":"2026-08-10 12:48:06"}
{"level":"info","message":" Incoming Request \u001b[32mGET\u001b[39m \u001b[32m200\u001b[39m \u001b[35m/api/v1/signal/app?category=Crypto&searchTerm=&sort=-publishedAt&page=1&limit=10\u001b[39m \u001b[93m10 ms\u001b[39m","size":"1386","timestamp":"2026-08-10 12:48:06"}
{"level":"info","message":" Incoming Request \u001b[32mGET\u001b[39m \u001b[32m200\u001b[39m \u001b[35m/api/v1/signal/app?category=Gold&searchTerm=&sort=-publishedAt&page=1&limit=10\u001b[39m \u001b[93m27 ms\u001b[39m","size":"922","timestamp":"2026-08-10 12:48:07"}
{"level":"info","message":" Incoming Request \u001b[34mPOST\u001b[39m \u001b[32m200\u001b[39m \u001b[35m/api/v1/user/login\u001b[39m \u001b[93m233 ms\u001b[39m","size":"869","timestamp":"2026-08-10 12:51:17"}
{"level":"info","message":" Incoming Request \u001b[32mGET\u001b[39m \u001b[32m200\u001b[39m \u001b[35m/api/v1/signal/app?category=All&searchTerm=&sort=-publishedAt&page=1&limit=10\u001b[39m \u001b[93m33 ms\u001b[39m","size":"3228","timestamp":"2026-08-10 12:51:18"}
{"level":"info","message":" Incoming Request \u001b[32mGET\u001b[39m \u001b[32m200\u001b[39m \u001b[35m/api/v1/signal/app?category=Crypto&searchTerm=&sort=-publishedAt&page=1&limit=10\u001b[39m \u001b[93m26 ms\u001b[39m","size":"1386","timestamp":"2026-08-10 12:51:24"}
{"level":"info","message":" Incoming Request \u001b[32mGET\u001b[39m \u001b[32m200\u001b[39m \u001b[35m/api/v1/signal/app?category=Forex&searchTerm=&sort=-publishedAt&page=1&limit=10\u001b[39m \u001b[93m36 ms\u001b[39m","size":"1382","timestamp":"2026-08-10 12:51:25"}
{"level":"info","message":" Incoming Request \u001b[32mGET\u001b[39m \u001b[32m200\u001b[39m \u001b[35m/api/v1/signal/app?category=All&searchTerm=&sort=-publishedAt&page=1&limit=10\u001b[39m \u001b[93m25 ms\u001b[39m","size":"3228","timestamp":"2026-08-10 12:51:25"}
{"level":"info","message":" Incoming Request \u001b[32mGET\u001b[39m \u001b[32m200\u001b[39m \u001b[35m/api/v1/signal/app?category=Forex&searchTerm=&sort=-publishedAt&page=1&limit=10\u001b[39m \u001b[93m19 ms\u001b[39m","size":"1382","timestamp":"2026-08-10 12:51:26"}
{"level":"info","message":" Incoming Request \u001b[32mGET\u001b[39m \u001b[32m200\u001b[39m \u001b[35m/api/v1/signal/app?category=Gold&searchTerm=&sort=-publishedAt&page=1&limit=10\u001b[39m \u001b[93m30 ms\u001b[39m","size":"922","timestamp":"2026-08-10 12:51:27"}
{"level":"info","message":" Incoming Request \u001b[32mGET\u001b[39m \u001b[32m200\u001b[39m \u001b[35m/api/v1/signal/app?category=Crypto&searchTerm=&sort=-publishedAt&page=1&limit=10\u001b[39m \u001b[93m19 ms\u001b[39m","size":"1386","timestamp":"2026-08-10 12:51:28"}
{"level":"info","message":" Incoming Request \u001b[32mGET\u001b[39m \u001b[32m200\u001b[39m \u001b[35m/api/v1/signal/app?category=Crypto&searchTerm=&sort=-publishedAt&page=1&limit=10\u001b[39m \u001b[93m22 ms\u001b[39m","size":"1386","timestamp":"2026-08-10 12:51:30"}
{"level":"info","message":" Incoming Request \u001b[32mGET\u001b[39m \u001b[32m200\u001b[39m \u001b[35m/api/v1/signal/app?category=All&searchTerm=&sort=-publishedAt&page=1&limit=10\u001b[39m \u001b[93m29 ms\u001b[39m","size":"3228","timestamp":"2026-08-10 12:51:52"}
{"level":"info","message":" Incoming Request \u001b[32mGET\u001b[39m \u001b[32m200\u001b[39m \u001b[35m/api/v1/signal/app?category=All&searchTerm=&sort=-publishedAt&page=1&limit=10\u001b[39m \u001b[93m22 ms\u001b[39m","size":"3228","timestamp":"2026-08-10 12:54:46"}
{"level":"info","message":" Incoming Request \u001b[32mGET\u001b[39m \u001b[34m304\u001b[39m \u001b[35m/api/v1/subscription?includeDisabled=true\u001b[39m \u001b[93m22 ms\u001b[39m","size":0,"timestamp":"2026-08-10 14:35:25"}
{"level":"info","message":" Incoming Request \u001b[32mGET\u001b[39m \u001b[34m304\u001b[39m \u001b[35m/api/v1/user/my-profile\u001b[39m \u001b[93m56 ms\u001b[39m","size":0,"timestamp":"2026-08-10 14:35:25"}
{"level":"info","message":" Incoming Request \u001b[32mGET\u001b[39m \u001b[34m304\u001b[39m \u001b[35m/api/v1/subscription/trial-config\u001b[39m \u001b[93m67 ms\u001b[39m","size":0,"timestamp":"2026-08-10 14:35:25"}
{"level":"info","message":" Incoming Request \u001b[32mGET\u001b[39m \u001b[34m304\u001b[39m \u001b[35m/api/v1/signal\u001b[39m \u001b[93m133 ms\u001b[39m","size":0,"timestamp":"2026-08-10 14:35:58"}
{"level":"info","message":" Incoming Request \u001b[32mGET\u001b[39m \u001b[34m304\u001b[39m \u001b[35m/api/v1/signal/types\u001b[39m \u001b[93m131 ms\u001b[39m","size":0,"timestamp":"2026-08-10 14:35:58"}
{"level":"info","message":" Incoming Request \u001b[32mGET\u001b[39m \u001b[34m304\u001b[39m \u001b[35m/api/v1/post\u001b[39m \u001b[93m29 ms\u001b[39m","size":0,"timestamp":"2026-08-10 14:38:06"}
{"level":"info","message":" Incoming Request \u001b[32mGET\u001b[39m \u001b[34m304\u001b[39m \u001b[35m/api/v1/signal/types\u001b[39m \u001b[93m12 ms\u001b[39m","size":0,"timestamp":"2026-08-10 14:40:05"}
{"level":"info","message":" Incoming Request \u001b[32mGET\u001b[39m \u001b[34m304\u001b[39m \u001b[35m/api/v1/signal\u001b[39m \u001b[93m11 ms\u001b[39m","size":0,"timestamp":"2026-08-10 14:40:05"}
{"level":"info","message":" Incoming Request \u001b[32mGET\u001b[39m \u001b[34m304\u001b[39m \u001b[35m/api/v1/signal/types\u001b[39m \u001b[93m13 ms\u001b[39m","size":0,"timestamp":"2026-08-10 14:42:43"}
{"level":"info","message":" Incoming Request \u001b[32mGET\u001b[39m \u001b[32m200\u001b[39m \u001b[35m/api/v1/signal\u001b[39m \u001b[93m30 ms\u001b[39m","size":"6568","timestamp":"2026-08-10 14:42:43"}
{"level":"info","message":" Incoming Request \u001b[32mGET\u001b[39m \u001b[34m304\u001b[39m \u001b[35m/api/v1/user/my-profile\u001b[39m \u001b[93m27 ms\u001b[39m","size":0,"timestamp":"2026-08-10 14:42:43"}
{"level":"info","message":" Incoming Request \u001b[32mGET\u001b[39m \u001b[34m304\u001b[39m \u001b[35m/api/v1/post\u001b[39m \u001b[93m13 ms\u001b[39m","size":0,"timestamp":"2026-08-10 14:43:37"}
{"level":"info","message":" Incoming Request \u001b[32mGET\u001b[39m \u001b[34m304\u001b[39m \u001b[35m/api/v1/notification\u001b[39m \u001b[93m14 ms\u001b[39m","size":0,"timestamp":"2026-08-10 14:43:44"}
{"level":"info","message":" Incoming Request \u001b[32mGET\u001b[39m \u001b[34m304\u001b[39m \u001b[35m/api/v1/notification/audience-stats\u001b[39m \u001b[93m14 ms\u001b[39m","size":0,"timestamp":"2026-08-10 14:43:44"}
{"level":"info","message":" Incoming Request \u001b[32mGET\u001b[39m \u001b[34m304\u001b[39m \u001b[35m/api/v1/notification\u001b[39m \u001b[93m9 ms\u001b[39m","size":0,"timestamp":"2026-08-10 14:43:45"}
{"level":"info","message":" Incoming Request \u001b[32mGET\u001b[39m \u001b[34m304\u001b[39m \u001b[35m/api/v1/notification\u001b[39m \u001b[93m7 ms\u001b[39m","size":0,"timestamp":"2026-08-10 14:43:53"}
{"level":"info","message":" Incoming Request \u001b[32mGET\u001b[39m \u001b[34m304\u001b[39m \u001b[35m/api/v1/notification\u001b[39m \u001b[93m7 ms\u001b[39m","size":0,"timestamp":"2026-08-10 14:43:53"}
{"level":"info","message":" Incoming Request \u001b[32mGET\u001b[39m \u001b[34m304\u001b[39m \u001b[35m/api/v1/notification\u001b[39m \u001b[93m5 ms\u001b[39m","size":0,"timestamp":"2026-08-10 14:43:53"}
{"level":"info","message":" Incoming Request \u001b[32mGET\u001b[39m \u001b[34m304\u001b[39m \u001b[35m/api/v1/notification\u001b[39m \u001b[93m4 ms\u001b[39m","size":0,"timestamp":"2026-08-10 14:43:54"}
{"level":"info","message":" Incoming Request \u001b[32mGET\u001b[39m \u001b[34m304\u001b[39m \u001b[35m/api/v1/subscription?includeDisabled=true\u001b[39m \u001b[93m4 ms\u001b[39m","size":0,"timestamp":"2026-08-10 14:43:55"}
{"level":"info","message":" Incoming Request \u001b[32mGET\u001b[39m \u001b[34m304\u001b[39m \u001b[35m/api/v1/subscription/trial-config\u001b[39m \u001b[93m14 ms\u001b[39m","size":0,"timestamp":"2026-08-10 14:43:56"}
{"level":"info","message":" Incoming Request \u001b[32mGET\u001b[39m \u001b[34m304\u001b[39m \u001b[35m/api/v1/coupon\u001b[39m \u001b[93m8 ms\u001b[39m","size":0,"timestamp":"2026-08-10 14:43:59"}
{"level":"info","message":" Incoming Request \u001b[32mGET\u001b[39m \u001b[32m200\u001b[39m \u001b[35m/api/v1/management/privacy\u001b[39m \u001b[93m4 ms\u001b[39m","size":"236","timestamp":"2026-08-10 14:44:00"}
{"level":"info","message":" Incoming Request \u001b[32mGET\u001b[39m \u001b[32m200\u001b[39m \u001b[35m/api/v1/management/terms\u001b[39m \u001b[93m5 ms\u001b[39m","size":"99","timestamp":"2026-08-10 14:44:01"}
{"level":"info","message":" Incoming Request \u001b[32mGET\u001b[39m \u001b[32m200\u001b[39m \u001b[35m/api/v1/management/about\u001b[39m \u001b[93m5 ms\u001b[39m","size":"99","timestamp":"2026-08-10 14:44:01"}
{"level":"info","message":" Incoming Request \u001b[32mGET\u001b[39m \u001b[34m304\u001b[39m \u001b[35m/api/v1/signal/types\u001b[39m \u001b[93m10 ms\u001b[39m","size":0,"timestamp":"2026-08-10 14:44:50"}
{"level":"info","message":" Incoming Request \u001b[32mGET\u001b[39m \u001b[32m200\u001b[39m \u001b[35m/api/v1/dashboard/stats?range=6M\u001b[39m \u001b[93m94 ms\u001b[39m","size":"1813","timestamp":"2026-08-10 14:44:50"}
{"level":"info","message":" Incoming Request \u001b[32mGET\u001b[39m \u001b[34m304\u001b[39m \u001b[35m/api/v1/subscription?includeDisabled=true\u001b[39m \u001b[93m4 ms\u001b[39m","size":0,"timestamp":"2026-08-10 14:47:08"}
{"level":"info","message":" Incoming Request \u001b[32mGET\u001b[39m \u001b[34m304\u001b[39m \u001b[35m/api/v1/subscription/trial-config\u001b[39m \u001b[93m12 ms\u001b[39m","size":0,"timestamp":"2026-08-10 14:47:08"}
{"level":"info","message":" Incoming Request \u001b[33mPATCH\u001b[39m \u001b[32m200\u001b[39m \u001b[35m/api/v1/subscription/6a7568297cf6b6d7cbf527d4\u001b[39m \u001b[93m21 ms\u001b[39m","size":"845","timestamp":"2026-08-10 14:47:14"}
{"level":"info","message":" Incoming Request \u001b[32mGET\u001b[39m \u001b[32m200\u001b[39m \u001b[35m/api/v1/subscription?includeDisabled=true\u001b[39m \u001b[93m7 ms\u001b[39m","size":"2470","timestamp":"2026-08-10 14:47:14"}
{"level":"info","message":" Incoming Request \u001b[32mGET\u001b[39m \u001b[34m304\u001b[39m \u001b[35m/api/v1/subscription/trial-config\u001b[39m \u001b[93m12 ms\u001b[39m","size":0,"timestamp":"2026-08-10 14:47:14"}
{"level":"info","message":" Incoming Request \u001b[33mPATCH\u001b[39m \u001b[32m200\u001b[39m \u001b[35m/api/v1/subscription/6a7568297cf6b6d7cbf527d4\u001b[39m \u001b[93m4 ms\u001b[39m","size":"844","timestamp":"2026-08-10 14:47:24"}
{"level":"info","message":" Incoming Request \u001b[32mGET\u001b[39m \u001b[32m200\u001b[39m \u001b[35m/api/v1/subscription?includeDisabled=true\u001b[39m \u001b[93m3 ms\u001b[39m","size":"2469","timestamp":"2026-08-10 14:47:24"}
{"level":"info","message":" Incoming Request \u001b[32mGET\u001b[39m \u001b[34m304\u001b[39m \u001b[35m/api/v1/subscription/trial-config\u001b[39m \u001b[93m9 ms\u001b[39m","size":0,"timestamp":"2026-08-10 14:47:24"}
{"level":"info","message":" Incoming Request \u001b[32mGET\u001b[39m \u001b[34m304\u001b[39m \u001b[35m/api/v1/management/privacy\u001b[39m \u001b[93m3 ms\u001b[39m","size":0,"timestamp":"2026-08-10 14:47:44"}
{"level":"info","message":" Incoming Request \u001b[32mGET\u001b[39m \u001b[34m304\u001b[39m \u001b[35m/api/v1/management/terms\u001b[39m \u001b[93m4 ms\u001b[39m","size":0,"timestamp":"2026-08-10 14:47:45"}
{"level":"info","message":" Incoming Request \u001b[32mGET\u001b[39m \u001b[34m304\u001b[39m \u001b[35m/api/v1/management/about\u001b[39m \u001b[93m3 ms\u001b[39m","size":0,"timestamp":"2026-08-10 14:47:45"}
{"level":"info","message":" Incoming Request \u001b[32mGET\u001b[39m \u001b[34m304\u001b[39m \u001b[35m/api/v1/signal\u001b[39m \u001b[93m6 ms\u001b[39m","size":0,"timestamp":"2026-08-10 14:47:51"}
{"level":"info","message":" Incoming Request \u001b[32mGET\u001b[39m \u001b[32m200\u001b[39m \u001b[35m/api/v1/signal?status=Active\u001b[39m \u001b[93m6 ms\u001b[39m","size":"2817","timestamp":"2026-08-10 14:47:53"}
{"level":"info","message":" Incoming Request \u001b[32mGET\u001b[39m \u001b[32m200\u001b[39m \u001b[35m/api/v1/signal?status=Draft\u001b[39m \u001b[93m9 ms\u001b[39m","size":"769","timestamp":"2026-08-10 14:47:54"}
{"level":"info","message":" Incoming Request \u001b[32mGET\u001b[39m \u001b[32m200\u001b[39m \u001b[35m/api/v1/signal?status=Scheduled\u001b[39m \u001b[93m7 ms\u001b[39m","size":"848","timestamp":"2026-08-10 14:47:55"}
{"level":"info","message":" Incoming Request \u001b[32mGET\u001b[39m \u001b[32m200\u001b[39m \u001b[35m/api/v1/signal?status=Closed\u001b[39m \u001b[93m8 ms\u001b[39m","size":"2389","timestamp":"2026-08-10 14:47:55"}
{"level":"info","message":" Incoming Request \u001b[32mGET\u001b[39m \u001b[34m304\u001b[39m \u001b[35m/api/v1/post\u001b[39m \u001b[93m6 ms\u001b[39m","size":0,"timestamp":"2026-08-10 14:53:50"}
{"level":"info","message":" Incoming Request \u001b[32mGET\u001b[39m \u001b[34m304\u001b[39m \u001b[35m/api/v1/notification\u001b[39m \u001b[93m7 ms\u001b[39m","size":0,"timestamp":"2026-08-10 14:53:50"}
{"level":"info","message":" Incoming Request \u001b[32mGET\u001b[39m \u001b[34m304\u001b[39m \u001b[35m/api/v1/notification/audience-stats\u001b[39m \u001b[93m10 ms\u001b[39m","size":0,"timestamp":"2026-08-10 14:53:50"}
{"level":"info","message":" Incoming Request \u001b[32mGET\u001b[39m \u001b[34m304\u001b[39m \u001b[35m/api/v1/subscription?includeDisabled=true\u001b[39m \u001b[93m3 ms\u001b[39m","size":0,"timestamp":"2026-08-10 14:53:51"}
{"level":"info","message":" Incoming Request \u001b[32mGET\u001b[39m \u001b[34m304\u001b[39m \u001b[35m/api/v1/subscription/trial-config\u001b[39m \u001b[93m9 ms\u001b[39m","size":0,"timestamp":"2026-08-10 14:53:51"}
{"level":"info","message":" Incoming Request \u001b[32mGET\u001b[39m \u001b[34m304\u001b[39m \u001b[35m/api/v1/user/all-user?page=1&limit=10\u001b[39m \u001b[93m10 ms\u001b[39m","size":0,"timestamp":"2026-08-10 14:54:05"}
{"level":"info","message":" Incoming Request \u001b[32mGET\u001b[39m \u001b[34m304\u001b[39m \u001b[35m/api/v1/coupon\u001b[39m \u001b[93m4 ms\u001b[39m","size":0,"timestamp":"2026-08-10 14:54:06"}
{"level":"info","message":" Incoming Request \u001b[32mGET\u001b[39m \u001b[34m304\u001b[39m \u001b[35m/api/v1/notification\u001b[39m \u001b[93m25 ms\u001b[39m","size":0,"timestamp":"2026-08-10 16:25:14"}
{"level":"info","message":" Incoming Request \u001b[32mGET\u001b[39m \u001b[34m304\u001b[39m \u001b[35m/api/v1/notification/audience-stats\u001b[39m \u001b[93m44 ms\u001b[39m","size":0,"timestamp":"2026-08-10 16:25:14"}
{"level":"info","message":" Incoming Request \u001b[34mPOST\u001b[39m \u001b[33m500\u001b[39m \u001b[35m/api/v1/notification/send\u001b[39m \u001b[93m30 ms\u001b[39m","size":"216","timestamp":"2026-08-10 16:56:29"}
{"level":"info","message":" Incoming Request \u001b[32mGET\u001b[39m \u001b[34m304\u001b[39m \u001b[35m/api/v1/notification\u001b[39m \u001b[93m77 ms\u001b[39m","size":0,"timestamp":"2026-08-10 16:56:29"}
{"level":"info","message":" Incoming Request \u001b[32mGET\u001b[39m \u001b[34m304\u001b[39m \u001b[35m/api/v1/notification/audience-stats\u001b[39m \u001b[93m74 ms\u001b[39m","size":0,"timestamp":"2026-08-10 16:56:29"}
{"level":"info","message":" Incoming Request \u001b[34mPOST\u001b[39m \u001b[33m500\u001b[39m \u001b[35m/api/v1/notification/send\u001b[39m \u001b[93m13 ms\u001b[39m","size":"216","timestamp":"2026-08-10 16:56:30"}
{"level":"info","message":" Incoming Request \u001b[32mGET\u001b[39m \u001b[34m304\u001b[39m \u001b[35m/api/v1/notification\u001b[39m \u001b[93m12 ms\u001b[39m","size":0,"timestamp":"2026-08-10 16:56:30"}
{"level":"info","message":" Incoming Request \u001b[32mGET\u001b[39m \u001b[34m304\u001b[39m \u001b[35m/api/v1/notification/audience-stats\u001b[39m \u001b[93m14 ms\u001b[39m","size":0,"timestamp":"2026-08-10 16:56:30"}
{"level":"info","message":" Incoming Request \u001b[34mPOST\u001b[39m \u001b[33m500\u001b[39m \u001b[35m/api/v1/notification/send\u001b[39m \u001b[93m16 ms\u001b[39m","size":"216","timestamp":"2026-08-10 16:56:32"}
{"level":"info","message":" Incoming Request \u001b[32mGET\u001b[39m \u001b[34m304\u001b[39m \u001b[35m/api/v1/notification/audience-stats\u001b[39m \u001b[93m14 ms\u001b[39m","size":0,"timestamp":"2026-08-10 16:56:32"}
{"level":"info","message":" Incoming Request \u001b[32mGET\u001b[39m \u001b[34m304\u001b[39m \u001b[35m/api/v1/notification\u001b[39m \u001b[93m18 ms\u001b[39m","size":0,"timestamp":"2026-08-10 16:56:32"}
{"level":"info","message":" Incoming Request \u001b[34mPOST\u001b[39m \u001b[33m500\u001b[39m \u001b[35m/api/v1/notification/send\u001b[39m \u001b[93m13 ms\u001b[39m","size":"216","timestamp":"2026-08-10 16:56:32"}
{"level":"info","message":" Incoming Request \u001b[32mGET\u001b[39m \u001b[34m304\u001b[39m \u001b[35m/api/v1/notification/audience-stats\u001b[39m \u001b[93m9 ms\u001b[39m","size":0,"timestamp":"2026-08-10 16:56:32"}
{"level":"info","message":" Incoming Request \u001b[32mGET\u001b[39m \u001b[34m304\u001b[39m \u001b[35m/api/v1/notification\u001b[39m \u001b[93m13 ms\u001b[39m","size":0,"timestamp":"2026-08-10 16:56:32"}
{"level":"info","message":" Incoming Request \u001b[34mPOST\u001b[39m \u001b[33m500\u001b[39m \u001b[35m/api/v1/notification/send\u001b[39m \u001b[93m9 ms\u001b[39m","size":"216","timestamp":"2026-08-10 16:56:33"}
{"level":"info","message":" Incoming Request \u001b[32mGET\u001b[39m \u001b[34m304\u001b[39m \u001b[35m/api/v1/notification/audience-stats\u001b[39m \u001b[93m10 ms\u001b[39m","size":0,"timestamp":"2026-08-10 16:56:33"}
{"level":"info","message":" Incoming Request \u001b[32mGET\u001b[39m \u001b[34m304\u001b[39m \u001b[35m/api/v1/notification\u001b[39m \u001b[93m11 ms\u001b[39m","size":0,"timestamp":"2026-08-10 16:56:33"}
{"level":"info","message":" Incoming Request \u001b[34mPOST\u001b[39m \u001b[33m500\u001b[39m \u001b[35m/api/v1/notification/send\u001b[39m \u001b[93m6 ms\u001b[39m","size":"216","timestamp":"2026-08-10 16:56:33"}
{"level":"info","message":" Incoming Request \u001b[32mGET\u001b[39m \u001b[34m304\u001b[39m \u001b[35m/api/v1/notification\u001b[39m \u001b[93m9 ms\u001b[39m","size":0,"timestamp":"2026-08-10 16:56:33"}
{"level":"info","message":" Incoming Request \u001b[32mGET\u001b[39m \u001b[34m304\u001b[39m \u001b[35m/api/v1/notification/audience-stats\u001b[39m \u001b[93m10 ms\u001b[39m","size":0,"timestamp":"2026-08-10 16:56:33"}
{"level":"info","message":" Incoming Request \u001b[34mPOST\u001b[39m \u001b[33m500\u001b[39m \u001b[35m/api/v1/notification/send\u001b[39m \u001b[93m9 ms\u001b[39m","size":"216","timestamp":"2026-08-10 16:56:33"}
{"level":"info","message":" Incoming Request \u001b[32mGET\u001b[39m \u001b[34m304\u001b[39m \u001b[35m/api/v1/notification/audience-stats\u001b[39m \u001b[93m9 ms\u001b[39m","size":0,"timestamp":"2026-08-10 16:56:33"}
{"level":"info","message":" Incoming Request \u001b[32mGET\u001b[39m \u001b[34m304\u001b[39m \u001b[35m/api/v1/notification\u001b[39m \u001b[93m6 ms\u001b[39m","size":0,"timestamp":"2026-08-10 16:56:33"}
{"level":"info","message":" Incoming Request \u001b[34mPOST\u001b[39m \u001b[33m500\u001b[39m \u001b[35m/api/v1/notification/send\u001b[39m \u001b[93m8 ms\u001b[39m","size":"216","timestamp":"2026-08-10 16:56:33"}
{"level":"info","message":" Incoming Request \u001b[32mGET\u001b[39m \u001b[34m304\u001b[39m \u001b[35m/api/v1/notification\u001b[39m \u001b[93m10 ms\u001b[39m","size":0,"timestamp":"2026-08-10 16:56:33"}
{"level":"info","message":" Incoming Request \u001b[32mGET\u001b[39m \u001b[34m304\u001b[39m \u001b[35m/api/v1/notification/audience-stats\u001b[39m \u001b[93m9 ms\u001b[39m","size":0,"timestamp":"2026-08-10 16:56:33"}
{"level":"info","message":" Incoming Request \u001b[34mPOST\u001b[39m \u001b[33m500\u001b[39m \u001b[35m/api/v1/notification/send\u001b[39m \u001b[93m10 ms\u001b[39m","size":"216","timestamp":"2026-08-10 16:56:34"}
{"level":"info","message":" Incoming Request \u001b[32mGET\u001b[39m \u001b[34m304\u001b[39m \u001b[35m/api/v1/notification\u001b[39m \u001b[93m10 ms\u001b[39m","size":0,"timestamp":"2026-08-10 16:56:34"}
{"level":"info","message":" Incoming Request \u001b[32mGET\u001b[39m \u001b[34m304\u001b[39m \u001b[35m/api/v1/notification/audience-stats\u001b[39m \u001b[93m9 ms\u001b[39m","size":0,"timestamp":"2026-08-10 16:56:34"}
{"level":"info","message":" Incoming Request \u001b[34mPOST\u001b[39m \u001b[33m500\u001b[39m \u001b[35m/api/v1/notification/send\u001b[39m \u001b[93m12 ms\u001b[39m","size":"216","timestamp":"2026-08-10 16:56:34"}
{"level":"info","message":" Incoming Request \u001b[32mGET\u001b[39m \u001b[34m304\u001b[39m \u001b[35m/api/v1/notification\u001b[39m \u001b[93m13 ms\u001b[39m","size":0,"timestamp":"2026-08-10 16:56:34"}
{"level":"info","message":" Incoming Request \u001b[32mGET\u001b[39m \u001b[34m304\u001b[39m \u001b[35m/api/v1/notification/audience-stats\u001b[39m \u001b[93m14 ms\u001b[39m","size":0,"timestamp":"2026-08-10 16:56:34"}
{"level":"info","message":" Incoming Request \u001b[34mPOST\u001b[39m \u001b[33m500\u001b[39m \u001b[35m/api/v1/notification/send\u001b[39m \u001b[93m8 ms\u001b[39m","size":"216","timestamp":"2026-08-10 16:56:34"}
{"level":"info","message":" Incoming Request \u001b[32mGET\u001b[39m \u001b[34m304\u001b[39m \u001b[35m/api/v1/notification\u001b[39m \u001b[93m5 ms\u001b[39m","size":0,"timestamp":"2026-08-10 16:56:34"}
{"level":"info","message":" Incoming Request \u001b[32mGET\u001b[39m \u001b[34m304\u001b[39m \u001b[35m/api/v1/notification/audience-stats\u001b[39m \u001b[93m8 ms\u001b[39m","size":0,"timestamp":"2026-08-10 16:56:34"}
{"level":"info","message":" Incoming Request \u001b[34mPOST\u001b[39m \u001b[33m500\u001b[39m \u001b[35m/api/v1/notification/send\u001b[39m \u001b[93m12 ms\u001b[39m","size":"216","timestamp":"2026-08-10 16:56:34"}
{"level":"info","message":" Incoming Request \u001b[32mGET\u001b[39m \u001b[34m304\u001b[39m \u001b[35m/api/v1/notification/audience-stats\u001b[39m \u001b[93m8 ms\u001b[39m","size":0,"timestamp":"2026-08-10 16:56:34"}
{"level":"info","message":" Incoming Request \u001b[32mGET\u001b[39m \u001b[34m304\u001b[39m \u001b[35m/api/v1/notification\u001b[39m \u001b[93m10 ms\u001b[39m","size":0,"timestamp":"2026-08-10 16:56:34"}
{"level":"info","message":" Incoming Request \u001b[34mPOST\u001b[39m \u001b[33m500\u001b[39m \u001b[35m/api/v1/notification/send\u001b[39m \u001b[93m10 ms\u001b[39m","size":"216","timestamp":"2026-08-10 16:56:35"}
{"level":"info","message":" Incoming Request \u001b[32mGET\u001b[39m \u001b[34m304\u001b[39m \u001b[35m/api/v1/notification\u001b[39m \u001b[93m9 ms\u001b[39m","size":0,"timestamp":"2026-08-10 16:56:35"}
{"level":"info","message":" Incoming Request \u001b[32mGET\u001b[39m \u001b[34m304\u001b[39m \u001b[35m/api/v1/notification/audience-stats\u001b[39m \u001b[93m9 ms\u001b[39m","size":0,"timestamp":"2026-08-10 16:56:35"}
{"level":"info","message":" Incoming Request \u001b[34mPOST\u001b[39m \u001b[33m500\u001b[39m \u001b[35m/api/v1/notification/send\u001b[39m \u001b[93m9 ms\u001b[39m","size":"216","timestamp":"2026-08-10 16:56:35"}
{"level":"info","message":" Incoming Request \u001b[32mGET\u001b[39m \u001b[34m304\u001b[39m \u001b[35m/api/v1/notification\u001b[39m \u001b[93m11 ms\u001b[39m","size":0,"timestamp":"2026-08-10 16:56:35"}
{"level":"info","message":" Incoming Request \u001b[32mGET\u001b[39m \u001b[34m304\u001b[39m \u001b[35m/api/v1/notification/audience-stats\u001b[39m \u001b[93m9 ms\u001b[39m","size":0,"timestamp":"2026-08-10 16:56:35"}
{"level":"info","message":" Incoming Request \u001b[34mPOST\u001b[39m \u001b[33m500\u001b[39m \u001b[35m/api/v1/notification/send\u001b[39m \u001b[93m9 ms\u001b[39m","size":"216","timestamp":"2026-08-10 16:56:35"}
{"level":"info","message":" Incoming Request \u001b[32mGET\u001b[39m \u001b[34m304\u001b[39m \u001b[35m/api/v1/notification/audience-stats\u001b[39m \u001b[93m9 ms\u001b[39m","size":0,"timestamp":"2026-08-10 16:56:35"}
{"level":"info","message":" Incoming Request \u001b[32mGET\u001b[39m \u001b[34m304\u001b[39m \u001b[35m/api/v1/notification\u001b[39m \u001b[93m9 ms\u001b[39m","size":0,"timestamp":"2026-08-10 16:56:35"}
{"level":"info","message":" Incoming Request \u001b[34mPOST\u001b[39m \u001b[33m500\u001b[39m \u001b[35m/api/v1/notification/send\u001b[39m \u001b[93m9 ms\u001b[39m","size":"216","timestamp":"2026-08-10 16:56:35"}
{"level":"info","message":" Incoming Request \u001b[32mGET\u001b[39m \u001b[34m304\u001b[39m \u001b[35m/api/v1/notification\u001b[39m \u001b[93m10 ms\u001b[39m","size":0,"timestamp":"2026-08-10 16:56:35"}
{"level":"info","message":" Incoming Request \u001b[32mGET\u001b[39m \u001b[34m304\u001b[39m \u001b[35m/api/v1/notification/audience-stats\u001b[39m \u001b[93m10 ms\u001b[39m","size":0,"timestamp":"2026-08-10 16:56:35"}
{"level":"info","message":" Incoming Request \u001b[34mPOST\u001b[39m \u001b[33m500\u001b[39m \u001b[35m/api/v1/notification/send\u001b[39m \u001b[93m9 ms\u001b[39m","size":"216","timestamp":"2026-08-10 16:56:35"}
{"level":"info","message":" Incoming Request \u001b[32mGET\u001b[39m \u001b[34m304\u001b[39m \u001b[35m/api/v1/notification/audience-stats\u001b[39m \u001b[93m14 ms\u001b[39m","size":0,"timestamp":"2026-08-10 16:56:35"}
{"level":"info","message":" Incoming Request \u001b[32mGET\u001b[39m \u001b[34m304\u001b[39m \u001b[35m/api/v1/notification\u001b[39m \u001b[93m19 ms\u001b[39m","size":0,"timestamp":"2026-08-10 16:56:35"}
{"level":"info","message":" Incoming Request \u001b[34mPOST\u001b[39m \u001b[33m500\u001b[39m \u001b[35m/api/v1/notification/send\u001b[39m \u001b[93m12 ms\u001b[39m","size":"216","timestamp":"2026-08-10 16:56:36"}
{"level":"info","message":" Incoming Request \u001b[32mGET\u001b[39m \u001b[34m304\u001b[39m \u001b[35m/api/v1/notification/audience-stats\u001b[39m \u001b[93m10 ms\u001b[39m","size":0,"timestamp":"2026-08-10 16:56:36"}
{"level":"info","message":" Incoming Request \u001b[32mGET\u001b[39m \u001b[34m304\u001b[39m \u001b[35m/api/v1/notification\u001b[39m \u001b[93m11 ms\u001b[39m","size":0,"timestamp":"2026-08-10 16:56:36"}
{"level":"info","message":" Incoming Request \u001b[34mPOST\u001b[39m \u001b[33m500\u001b[39m \u001b[35m/api/v1/notification/send\u001b[39m \u001b[93m9 ms\u001b[39m","size":"216","timestamp":"2026-08-10 16:56:36"}
{"level":"info","message":" Incoming Request \u001b[32mGET\u001b[39m \u001b[34m304\u001b[39m \u001b[35m/api/v1/notification/audience-stats\u001b[39m \u001b[93m10 ms\u001b[39m","size":0,"timestamp":"2026-08-10 16:56:36"}
{"level":"info","message":" Incoming Request \u001b[32mGET\u001b[39m \u001b[34m304\u001b[39m \u001b[35m/api/v1/notification\u001b[39m \u001b[93m9 ms\u001b[39m","size":0,"timestamp":"2026-08-10 16:56:36"}
{"level":"info","message":" Incoming Request \u001b[34mPOST\u001b[39m \u001b[33m500\u001b[39m \u001b[35m/api/v1/notification/send\u001b[39m \u001b[93m10 ms\u001b[39m","size":"216","timestamp":"2026-08-10 16:56:36"}
{"level":"info","message":" Incoming Request \u001b[32mGET\u001b[39m \u001b[34m304\u001b[39m \u001b[35m/api/v1/notification\u001b[39m \u001b[93m7 ms\u001b[39m","size":0,"timestamp":"2026-08-10 16:56:36"}
{"level":"info","message":" Incoming Request \u001b[32mGET\u001b[39m \u001b[34m304\u001b[39m \u001b[35m/api/v1/notification/audience-stats\u001b[39m \u001b[93m9 ms\u001b[39m","size":0,"timestamp":"2026-08-10 16:56:36"}
{"level":"info","message":" Incoming Request \u001b[34mPOST\u001b[39m \u001b[33m500\u001b[39m \u001b[35m/api/v1/notification/send\u001b[39m \u001b[93m9 ms\u001b[39m","size":"216","timestamp":"2026-08-10 16:56:36"}
{"level":"info","message":" Incoming Request \u001b[32mGET\u001b[39m \u001b[34m304\u001b[39m \u001b[35m/api/v1/notification/audience-stats\u001b[39m \u001b[93m9 ms\u001b[39m","size":0,"timestamp":"2026-08-10 16:56:36"}
{"level":"info","message":" Incoming Request \u001b[32mGET\u001b[39m \u001b[34m304\u001b[39m \u001b[35m/api/v1/notification\u001b[39m \u001b[93m9 ms\u001b[39m","size":0,"timestamp":"2026-08-10 16:56:36"}
{"level":"info","message":" Incoming Request \u001b[34mPOST\u001b[39m \u001b[33m500\u001b[39m \u001b[35m/api/v1/notification/send\u001b[39m \u001b[93m5 ms\u001b[39m","size":"216","timestamp":"2026-08-10 16:56:36"}
{"level":"info","message":" Incoming Request \u001b[32mGET\u001b[39m \u001b[34m304\u001b[39m \u001b[35m/api/v1/notification\u001b[39m \u001b[93m10 ms\u001b[39m","size":0,"timestamp":"2026-08-10 16:56:36"}
{"level":"info","message":" Incoming Request \u001b[32mGET\u001b[39m \u001b[34m304\u001b[39m \u001b[35m/api/v1/notification/audience-stats\u001b[39m \u001b[93m8 ms\u001b[39m","size":0,"timestamp":"2026-08-10 16:56:36"}
{"level":"info","message":" Incoming Request \u001b[34mPOST\u001b[39m \u001b[33m500\u001b[39m \u001b[35m/api/v1/notification/send\u001b[39m \u001b[93m5 ms\u001b[39m","size":"216","timestamp":"2026-08-10 16:56:43"}
{"level":"info","message":" Incoming Request \u001b[32mGET\u001b[39m \u001b[34m304\u001b[39m \u001b[35m/api/v1/notification\u001b[39m \u001b[93m5 ms\u001b[39m","size":0,"timestamp":"2026-08-10 16:56:43"}
{"level":"info","message":" Incoming Request \u001b[32mGET\u001b[39m \u001b[34m304\u001b[39m \u001b[35m/api/v1/notification/audience-stats\u001b[39m \u001b[93m8 ms\u001b[39m","size":0,"timestamp":"2026-08-10 16:56:43"}
{"level":"info","message":" Incoming Request \u001b[34mPOST\u001b[39m \u001b[33m500\u001b[39m \u001b[35m/api/v1/notification/send\u001b[39m \u001b[93m7 ms\u001b[39m","size":"216","timestamp":"2026-08-10 16:56:43"}
{"level":"info","message":" Incoming Request \u001b[32mGET\u001b[39m \u001b[34m304\u001b[39m \u001b[35m/api/v1/notification/audience-stats\u001b[39m \u001b[93m8 ms\u001b[39m","size":0,"timestamp":"2026-08-10 16:56:43"}
{"level":"info","message":" Incoming Request \u001b[32mGET\u001b[39m \u001b[34m304\u001b[39m \u001b[35m/api/v1/notification\u001b[39m \u001b[93m10 ms\u001b[39m","size":0,"timestamp":"2026-08-10 16:56:43"}
{"level":"info","message":" Incoming Request \u001b[34mPOST\u001b[39m \u001b[33m500\u001b[39m \u001b[35m/api/v1/notification/send\u001b[39m \u001b[93m10 ms\u001b[39m","size":"216","timestamp":"2026-08-10 16:56:43"}
{"level":"info","message":" Incoming Request \u001b[32mGET\u001b[39m \u001b[34m304\u001b[39m \u001b[35m/api/v1/notification\u001b[39m \u001b[93m9 ms\u001b[39m","size":0,"timestamp":"2026-08-10 16:56:43"}
{"level":"info","message":" Incoming Request \u001b[32mGET\u001b[39m \u001b[34m304\u001b[39m \u001b[35m/api/v1/notification/audience-stats\u001b[39m \u001b[93m11 ms\u001b[39m","size":0,"timestamp":"2026-08-10 16:56:43"}
{"level":"info","message":" Incoming Request \u001b[34mPOST\u001b[39m \u001b[33m500\u001b[39m \u001b[35m/api/v1/notification/send\u001b[39m \u001b[93m6 ms\u001b[39m","size":"216","timestamp":"2026-08-10 16:56:43"}
{"level":"info","message":" Incoming Request \u001b[32mGET\u001b[39m \u001b[34m304\u001b[39m \u001b[35m/api/v1/notification/audience-stats\u001b[39m \u001b[93m9 ms\u001b[39m","size":0,"timestamp":"2026-08-10 16:56:43"}
{"level":"info","message":" Incoming Request \u001b[32mGET\u001b[39m \u001b[34m304\u001b[39m \u001b[35m/api/v1/notification\u001b[39m \u001b[93m11 ms\u001b[39m","size":0,"timestamp":"2026-08-10 16:56:43"}
{"level":"info","message":" Incoming Request \u001b[34mPOST\u001b[39m \u001b[33m500\u001b[39m \u001b[35m/api/v1/notification/send\u001b[39m \u001b[93m9 ms\u001b[39m","size":"216","timestamp":"2026-08-10 16:56:44"}
{"level":"info","message":" Incoming Request \u001b[32mGET\u001b[39m \u001b[34m304\u001b[39m \u001b[35m/api/v1/notification\u001b[39m \u001b[93m10 ms\u001b[39m","size":0,"timestamp":"2026-08-10 16:56:44"}
{"level":"info","message":" Incoming Request \u001b[32mGET\u001b[39m \u001b[34m304\u001b[39m \u001b[35m/api/v1/notification/audience-stats\u001b[39m \u001b[93m9 ms\u001b[39m","size":0,"timestamp":"2026-08-10 16:56:44"}
{"level":"info","message":" Incoming Request \u001b[34mPOST\u001b[39m \u001b[33m500\u001b[39m \u001b[35m/api/v1/notification/send\u001b[39m \u001b[93m9 ms\u001b[39m","size":"216","timestamp":"2026-08-10 16:56:44"}
{"level":"info","message":" Incoming Request \u001b[32mGET\u001b[39m \u001b[34m304\u001b[39m \u001b[35m/api/v1/notification\u001b[39m \u001b[93m7 ms\u001b[39m","size":0,"timestamp":"2026-08-10 16:56:44"}
{"level":"info","message":" Incoming Request \u001b[32mGET\u001b[39m \u001b[34m304\u001b[39m \u001b[35m/api/v1/notification/audience-stats\u001b[39m \u001b[93m7 ms\u001b[39m","size":0,"timestamp":"2026-08-10 16:56:44"}
{"level":"info","message":" Incoming Request \u001b[34mPOST\u001b[39m \u001b[33m500\u001b[39m \u001b[35m/api/v1/notification/send\u001b[39m \u001b[93m13 ms\u001b[39m","size":"216","timestamp":"2026-08-10 16:56:44"}
{"level":"info","message":" Incoming Request \u001b[32mGET\u001b[39m \u001b[34m304\u001b[39m \u001b[35m/api/v1/notification\u001b[39m \u001b[93m11 ms\u001b[39m","size":0,"timestamp":"2026-08-10 16:56:44"}
{"level":"info","message":" Incoming Request \u001b[32mGET\u001b[39m \u001b[34m304\u001b[39m \u001b[35m/api/v1/notification/audience-stats\u001b[39m \u001b[93m11 ms\u001b[39m","size":0,"timestamp":"2026-08-10 16:56:44"}
{"level":"info","message":" Incoming Request \u001b[34mPOST\u001b[39m \u001b[33m500\u001b[39m \u001b[35m/api/v1/notification/send\u001b[39m \u001b[93m14 ms\u001b[39m","size":"216","timestamp":"2026-08-10 16:56:44"}
{"level":"info","message":" Incoming Request \u001b[32mGET\u001b[39m \u001b[34m304\u001b[39m \u001b[35m/api/v1/notification/audience-stats\u001b[39m \u001b[93m8 ms\u001b[39m","size":0,"timestamp":"2026-08-10 16:56:44"}
{"level":"info","message":" Incoming Request \u001b[32mGET\u001b[39m \u001b[34m304\u001b[39m \u001b[35m/api/v1/notification\u001b[39m \u001b[93m8 ms\u001b[39m","size":0,"timestamp":"2026-08-10 16:56:44"}
{"level":"info","message":" Incoming Request \u001b[34mPOST\u001b[39m \u001b[33m500\u001b[39m \u001b[35m/api/v1/notification/send\u001b[39m \u001b[93m12 ms\u001b[39m","size":"216","timestamp":"2026-08-10 16:56:45"}
{"level":"info","message":" Incoming Request \u001b[32mGET\u001b[39m \u001b[34m304\u001b[39m \u001b[35m/api/v1/notification/audience-stats\u001b[39m \u001b[93m12 ms\u001b[39m","size":0,"timestamp":"2026-08-10 16:56:45"}
{"level":"info","message":" Incoming Request \u001b[32mGET\u001b[39m \u001b[34m304\u001b[39m \u001b[35m/api/v1/notification\u001b[39m \u001b[93m13 ms\u001b[39m","size":0,"timestamp":"2026-08-10 16:56:45"}
{"level":"info","message":" Incoming Request \u001b[34mPOST\u001b[39m \u001b[33m500\u001b[39m \u001b[35m/api/v1/notification/send\u001b[39m \u001b[93m6 ms\u001b[39m","size":"216","timestamp":"2026-08-10 16:56:45"}
{"level":"info","message":" Incoming Request \u001b[32mGET\u001b[39m \u001b[34m304\u001b[39m \u001b[35m/api/v1/notification/audience-stats\u001b[39m \u001b[93m9 ms\u001b[39m","size":0,"timestamp":"2026-08-10 16:56:45"}
{"level":"info","message":" Incoming Request \u001b[32mGET\u001b[39m \u001b[34m304\u001b[39m \u001b[35m/api/v1/notification\u001b[39m \u001b[93m10 ms\u001b[39m","size":0,"timestamp":"2026-08-10 16:56:45"}
{"level":"info","message":" Incoming Request \u001b[34mPOST\u001b[39m \u001b[33m500\u001b[39m \u001b[35m/api/v1/notification/send\u001b[39m \u001b[93m11 ms\u001b[39m","size":"216","timestamp":"2026-08-10 16:56:45"}
{"level":"info","message":" Incoming Request \u001b[32mGET\u001b[39m \u001b[34m304\u001b[39m \u001b[35m/api/v1/notification\u001b[39m \u001b[93m8 ms\u001b[39m","size":0,"timestamp":"2026-08-10 16:56:45"}
{"level":"info","message":" Incoming Request \u001b[32mGET\u001b[39m \u001b[34m304\u001b[39m \u001b[35m/api/v1/notification/audience-stats\u001b[39m \u001b[93m8 ms\u001b[39m","size":0,"timestamp":"2026-08-10 16:56:45"}
{"level":"info","message":" Incoming Request \u001b[34mPOST\u001b[39m \u001b[33m500\u001b[39m \u001b[35m/api/v1/notification/send\u001b[39m \u001b[93m8 ms\u001b[39m","size":"216","timestamp":"2026-08-10 16:56:45"}
{"level":"info","message":" Incoming Request \u001b[32mGET\u001b[39m \u001b[34m304\u001b[39m \u001b[35m/api/v1/notification\u001b[39m \u001b[93m10 ms\u001b[39m","size":0,"timestamp":"2026-08-10 16:56:45"}
{"level":"info","message":" Incoming Request \u001b[32mGET\u001b[39m \u001b[34m304\u001b[39m \u001b[35m/api/v1/notification/audience-stats\u001b[39m \u001b[93m10 ms\u001b[39m","size":0,"timestamp":"2026-08-10 16:56:45"}
{"level":"info","message":" Incoming Request \u001b[34mPOST\u001b[39m \u001b[33m500\u001b[39m \u001b[35m/api/v1/notification/send\u001b[39m \u001b[93m10 ms\u001b[39m","size":"216","timestamp":"2026-08-10 16:56:45"}
{"level":"info","message":" Incoming Request \u001b[32mGET\u001b[39m \u001b[34m304\u001b[39m \u001b[35m/api/v1/notification/audience-stats\u001b[39m \u001b[93m10 ms\u001b[39m","size":0,"timestamp":"2026-08-10 16:56:45"}
{"level":"info","message":" Incoming Request \u001b[32mGET\u001b[39m \u001b[34m304\u001b[39m \u001b[35m/api/v1/notification\u001b[39m \u001b[93m12 ms\u001b[39m","size":0,"timestamp":"2026-08-10 16:56:45"}
{"level":"info","message":" Incoming Request \u001b[34mPOST\u001b[39m \u001b[33m500\u001b[39m \u001b[35m/api/v1/notification/send\u001b[39m \u001b[93m8 ms\u001b[39m","size":"216","timestamp":"2026-08-10 16:56:46"}
{"level":"info","message":" Incoming Request \u001b[32mGET\u001b[39m \u001b[34m304\u001b[39m \u001b[35m/api/v1/notification\u001b[39m \u001b[93m10 ms\u001b[39m","size":0,"timestamp":"2026-08-10 16:56:46"}
{"level":"info","message":" Incoming Request \u001b[32mGET\u001b[39m \u001b[34m304\u001b[39m \u001b[35m/api/v1/notification/audience-stats\u001b[39m \u001b[93m11 ms\u001b[39m","size":0,"timestamp":"2026-08-10 16:56:46"}
{"level":"info","message":" Incoming Request \u001b[34mPOST\u001b[39m \u001b[33m500\u001b[39m \u001b[35m/api/v1/notification/send\u001b[39m \u001b[93m15 ms\u001b[39m","size":"216","timestamp":"2026-08-10 16:56:46"}
{"level":"info","message":" Incoming Request \u001b[32mGET\u001b[39m \u001b[34m304\u001b[39m \u001b[35m/api/v1/notification\u001b[39m \u001b[93m9 ms\u001b[39m","size":0,"timestamp":"2026-08-10 16:56:46"}
{"level":"info","message":" Incoming Request \u001b[32mGET\u001b[39m \u001b[34m304\u001b[39m \u001b[35m/api/v1/notification/audience-stats\u001b[39m \u001b[93m9 ms\u001b[39m","size":0,"timestamp":"2026-08-10 16:56:46"}
{"level":"info","message":" Incoming Request \u001b[34mPOST\u001b[39m \u001b[33m500\u001b[39m \u001b[35m/api/v1/notification/send\u001b[39m \u001b[93m11 ms\u001b[39m","size":"216","timestamp":"2026-08-10 16:56:46"}
{"level":"info","message":" Incoming Request \u001b[32mGET\u001b[39m \u001b[34m304\u001b[39m \u001b[35m/api/v1/notification\u001b[39m \u001b[93m9 ms\u001b[39m","size":0,"timestamp":"2026-08-10 16:56:46"}
{"level":"info","message":" Incoming Request \u001b[32mGET\u001b[39m \u001b[34m304\u001b[39m \u001b[35m/api/v1/notification/audience-stats\u001b[39m \u001b[93m13 ms\u001b[39m","size":0,"timestamp":"2026-08-10 16:56:46"}
{"level":"info","message":" Incoming Request \u001b[34mPOST\u001b[39m \u001b[33m500\u001b[39m \u001b[35m/api/v1/notification/send\u001b[39m \u001b[93m10 ms\u001b[39m","size":"216","timestamp":"2026-08-10 16:56:46"}
{"level":"info","message":" Incoming Request \u001b[32mGET\u001b[39m \u001b[34m304\u001b[39m \u001b[35m/api/v1/notification\u001b[39m \u001b[93m7 ms\u001b[39m","size":0,"timestamp":"2026-08-10 16:56:46"}
{"level":"info","message":" Incoming Request \u001b[32mGET\u001b[39m \u001b[34m304\u001b[39m \u001b[35m/api/v1/notification/audience-stats\u001b[39m \u001b[93m8 ms\u001b[39m","size":0,"timestamp":"2026-08-10 16:56:46"}
{"level":"info","message":" Incoming Request \u001b[34mPOST\u001b[39m \u001b[33m500\u001b[39m \u001b[35m/api/v1/notification/send\u001b[39m \u001b[93m6 ms\u001b[39m","size":"216","timestamp":"2026-08-10 16:56:46"}
{"level":"info","message":" Incoming Request \u001b[32mGET\u001b[39m \u001b[34m304\u001b[39m \u001b[35m/api/v1/notification/audience-stats\u001b[39m \u001b[93m8 ms\u001b[39m","size":0,"timestamp":"2026-08-10 16:56:46"}
{"level":"info","message":" Incoming Request \u001b[32mGET\u001b[39m \u001b[34m304\u001b[39m \u001b[35m/api/v1/notification\u001b[39m \u001b[93m11 ms\u001b[39m","size":0,"timestamp":"2026-08-10 16:56:46"}
{"level":"info","message":" Incoming Request \u001b[34mPOST\u001b[39m \u001b[33m500\u001b[39m \u001b[35m/api/v1/notification/send\u001b[39m \u001b[93m7 ms\u001b[39m","size":"216","timestamp":"2026-08-10 16:56:47"}
{"level":"info","message":" Incoming Request \u001b[32mGET\u001b[39m \u001b[34m304\u001b[39m \u001b[35m/api/v1/notification/audience-stats\u001b[39m \u001b[93m10 ms\u001b[39m","size":0,"timestamp":"2026-08-10 16:56:47"}
{"level":"info","message":" Incoming Request \u001b[32mGET\u001b[39m \u001b[34m304\u001b[39m \u001b[35m/api/v1/notification\u001b[39m \u001b[93m9 ms\u001b[39m","size":0,"timestamp":"2026-08-10 16:56:47"}
{"level":"info","message":" Incoming Request \u001b[34mPOST\u001b[39m \u001b[33m500\u001b[39m \u001b[35m/api/v1/notification/send\u001b[39m \u001b[93m8 ms\u001b[39m","size":"216","timestamp":"2026-08-10 16:56:47"}
{"level":"info","message":" Incoming Request \u001b[32mGET\u001b[39m \u001b[34m304\u001b[39m \u001b[35m/api/v1/notification\u001b[39m \u001b[93m7 ms\u001b[39m","size":0,"timestamp":"2026-08-10 16:56:47"}
{"level":"info","message":" Incoming Request \u001b[32mGET\u001b[39m \u001b[34m304\u001b[39m \u001b[35m/api/v1/notification/audience-stats\u001b[39m \u001b[93m9 ms\u001b[39m","size":0,"timestamp":"2026-08-10 16:56:47"}
{"level":"info","message":" Incoming Request \u001b[34mPOST\u001b[39m \u001b[33m500\u001b[39m \u001b[35m/api/v1/notification/send\u001b[39m \u001b[93m10 ms\u001b[39m","size":"216","timestamp":"2026-08-10 16:56:58"}
{"level":"info","message":" Incoming Request \u001b[32mGET\u001b[39m \u001b[34m304\u001b[39m \u001b[35m/api/v1/notification\u001b[39m \u001b[93m14 ms\u001b[39m","size":0,"timestamp":"2026-08-10 16:56:58"}
{"level":"info","message":" Incoming Request \u001b[32mGET\u001b[39m \u001b[34m304\u001b[39m \u001b[35m/api/v1/notification/audience-stats\u001b[39m \u001b[93m15 ms\u001b[39m","size":0,"timestamp":"2026-08-10 16:56:58"}
{"level":"info","message":" Incoming Request \u001b[34mPOST\u001b[39m \u001b[33m500\u001b[39m \u001b[35m/api/v1/notification/send\u001b[39m \u001b[93m12 ms\u001b[39m","size":"216","timestamp":"2026-08-10 16:56:59"}
{"level":"info","message":" Incoming Request \u001b[32mGET\u001b[39m \u001b[34m304\u001b[39m \u001b[35m/api/v1/notification\u001b[39m \u001b[93m9 ms\u001b[39m","size":0,"timestamp":"2026-08-10 16:56:59"}
{"level":"info","message":" Incoming Request \u001b[32mGET\u001b[39m \u001b[34m304\u001b[39m \u001b[35m/api/v1/notification/audience-stats\u001b[39m \u001b[93m12 ms\u001b[39m","size":0,"timestamp":"2026-08-10 16:56:59"}
{"level":"info","message":" Incoming Request \u001b[34mPOST\u001b[39m \u001b[33m500\u001b[39m \u001b[35m/api/v1/notification/send\u001b[39m \u001b[93m9 ms\u001b[39m","size":"216","timestamp":"2026-08-10 16:57:00"}
{"level":"info","message":" Incoming Request \u001b[32mGET\u001b[39m \u001b[34m304\u001b[39m \u001b[35m/api/v1/notification/audience-stats\u001b[39m \u001b[93m12 ms\u001b[39m","size":0,"timestamp":"2026-08-10 16:57:00"}
{"level":"info","message":" Incoming Request \u001b[32mGET\u001b[39m \u001b[34m304\u001b[39m \u001b[35m/api/v1/notification\u001b[39m \u001b[93m17 ms\u001b[39m","size":0,"timestamp":"2026-08-10 16:57:00"}
{"level":"info","message":" Incoming Request \u001b[34mPOST\u001b[39m \u001b[33m500\u001b[39m \u001b[35m/api/v1/notification/send\u001b[39m \u001b[93m7 ms\u001b[39m","size":"216","timestamp":"2026-08-10 16:57:01"}
{"level":"info","message":" Incoming Request \u001b[32mGET\u001b[39m \u001b[34m304\u001b[39m \u001b[35m/api/v1/notification/audience-stats\u001b[39m \u001b[93m11 ms\u001b[39m","size":0,"timestamp":"2026-08-10 16:57:01"}
{"level":"info","message":" Incoming Request \u001b[32mGET\u001b[39m \u001b[34m304\u001b[39m \u001b[35m/api/v1/notification\u001b[39m \u001b[93m14 ms\u001b[39m","size":0,"timestamp":"2026-08-10 16:57:01"}
{"level":"info","message":" Incoming Request \u001b[34mPOST\u001b[39m \u001b[33m500\u001b[39m \u001b[35m/api/v1/notification/send\u001b[39m \u001b[93m7 ms\u001b[39m","size":"216","timestamp":"2026-08-10 16:57:07"}
{"level":"info","message":" Incoming Request \u001b[32mGET\u001b[39m \u001b[34m304\u001b[39m \u001b[35m/api/v1/notification/audience-stats\u001b[39m \u001b[93m14 ms\u001b[39m","size":0,"timestamp":"2026-08-10 16:57:07"}
{"level":"info","message":" Incoming Request \u001b[32mGET\u001b[39m \u001b[34m304\u001b[39m \u001b[35m/api/v1/notification\u001b[39m \u001b[93m17 ms\u001b[39m","size":0,"timestamp":"2026-08-10 16:57:07"}
{"level":"info","message":" Incoming Request \u001b[34mPOST\u001b[39m \u001b[33m500\u001b[39m \u001b[35m/api/v1/notification/send\u001b[39m \u001b[93m8 ms\u001b[39m","size":"216","timestamp":"2026-08-10 16:57:08"}
{"level":"info","message":" Incoming Request \u001b[32mGET\u001b[39m \u001b[34m304\u001b[39m \u001b[35m/api/v1/notification\u001b[39m \u001b[93m9 ms\u001b[39m","size":0,"timestamp":"2026-08-10 16:57:08"}
{"level":"info","message":" Incoming Request \u001b[32mGET\u001b[39m \u001b[34m304\u001b[39m \u001b[35m/api/v1/notification/audience-stats\u001b[39m \u001b[93m11 ms\u001b[39m","size":0,"timestamp":"2026-08-10 16:57:08"}
{"level":"info","message":" Incoming Request \u001b[34mPOST\u001b[39m \u001b[33m500\u001b[39m \u001b[35m/api/v1/notification/send\u001b[39m \u001b[93m18 ms\u001b[39m","size":"216","timestamp":"2026-08-10 16:57:10"}
{"level":"info","message":" Incoming Request \u001b[32mGET\u001b[39m \u001b[34m304\u001b[39m \u001b[35m/api/v1/notification\u001b[39m \u001b[93m9 ms\u001b[39m","size":0,"timestamp":"2026-08-10 16:57:10"}
{"level":"info","message":" Incoming Request \u001b[32mGET\u001b[39m \u001b[34m304\u001b[39m \u001b[35m/api/v1/notification/audience-stats\u001b[39m \u001b[93m14 ms\u001b[39m","size":0,"timestamp":"2026-08-10 16:57:10"}
{"level":"info","message":" Incoming Request \u001b[34mPOST\u001b[39m \u001b[33m500\u001b[39m \u001b[35m/api/v1/notification/send\u001b[39m \u001b[93m7 ms\u001b[39m","size":"216","timestamp":"2026-08-10 16:57:11"}
{"level":"info","message":" Incoming Request \u001b[32mGET\u001b[39m \u001b[34m304\u001b[39m \u001b[35m/api/v1/notification/audience-stats\u001b[39m \u001b[93m10 ms\u001b[39m","size":0,"timestamp":"2026-08-10 16:57:11"}
{"level":"info","message":" Incoming Request \u001b[32mGET\u001b[39m \u001b[34m304\u001b[39m \u001b[35m/api/v1/notification\u001b[39m \u001b[93m10 ms\u001b[39m","size":0,"timestamp":"2026-08-10 16:57:11"}
{"level":"info","message":" Incoming Request \u001b[34mPOST\u001b[39m \u001b[33m500\u001b[39m \u001b[35m/api/v1/notification/send\u001b[39m \u001b[93m8 ms\u001b[39m","size":"216","timestamp":"2026-08-10 16:57:14"}
{"level":"info","message":" Incoming Request \u001b[32mGET\u001b[39m \u001b[34m304\u001b[39m \u001b[35m/api/v1/notification/audience-stats\u001b[39m \u001b[93m14 ms\u001b[39m","size":0,"timestamp":"2026-08-10 16:57:14"}
{"level":"info","message":" Incoming Request \u001b[32mGET\u001b[39m \u001b[34m304\u001b[39m \u001b[35m/api/v1/notification\u001b[39m \u001b[93m15 ms\u001b[39m","size":0,"timestamp":"2026-08-10 16:57:14"}
{"level":"info","message":" Incoming Request \u001b[34mPOST\u001b[39m \u001b[33m500\u001b[39m \u001b[35m/api/v1/notification/send\u001b[39m \u001b[93m10 ms\u001b[39m","size":"216","timestamp":"2026-08-10 16:57:15"}
{"level":"info","message":" Incoming Request \u001b[32mGET\u001b[39m \u001b[34m304\u001b[39m \u001b[35m/api/v1/notification/audience-stats\u001b[39m \u001b[93m4 ms\u001b[39m","size":0,"timestamp":"2026-08-10 16:57:15"}
{"level":"info","message":" Incoming Request \u001b[32mGET\u001b[39m \u001b[34m304\u001b[39m \u001b[35m/api/v1/notification\u001b[39m \u001b[93m6 ms\u001b[39m","size":0,"timestamp":"2026-08-10 16:57:15"}
{"level":"info","message":" Incoming Request \u001b[34mPOST\u001b[39m \u001b[33m500\u001b[39m \u001b[35m/api/v1/notification/send\u001b[39m \u001b[93m20 ms\u001b[39m","size":"216","timestamp":"2026-08-10 16:57:15"}
{"level":"info","message":" Incoming Request \u001b[32mGET\u001b[39m \u001b[34m304\u001b[39m \u001b[35m/api/v1/notification/audience-stats\u001b[39m \u001b[93m16 ms\u001b[39m","size":0,"timestamp":"2026-08-10 16:57:15"}
{"level":"info","message":" Incoming Request \u001b[32mGET\u001b[39m \u001b[34m304\u001b[39m \u001b[35m/api/v1/notification\u001b[39m \u001b[93m19 ms\u001b[39m","size":0,"timestamp":"2026-08-10 16:57:15"}
{"level":"info","message":" Incoming Request \u001b[34mPOST\u001b[39m \u001b[33m500\u001b[39m \u001b[35m/api/v1/notification/send\u001b[39m \u001b[93m21 ms\u001b[39m","size":"216","timestamp":"2026-08-10 16:57:16"}
{"level":"info","message":" Incoming Request \u001b[32mGET\u001b[39m \u001b[34m304\u001b[39m \u001b[35m/api/v1/notification/audience-stats\u001b[39m \u001b[93m10 ms\u001b[39m","size":0,"timestamp":"2026-08-10 16:57:16"}
{"level":"info","message":" Incoming Request \u001b[32mGET\u001b[39m \u001b[34m304\u001b[39m \u001b[35m/api/v1/notification\u001b[39m \u001b[93m11 ms\u001b[39m","size":0,"timestamp":"2026-08-10 16:57:16"}
{"level":"info","message":" Incoming Request \u001b[34mPOST\u001b[39m \u001b[33m500\u001b[39m \u001b[35m/api/v1/notification/send\u001b[39m \u001b[93m9 ms\u001b[39m","size":"216","timestamp":"2026-08-10 16:57:17"}
{"level":"info","message":" Incoming Request \u001b[32mGET\u001b[39m \u001b[34m304\u001b[39m \u001b[35m/api/v1/notification\u001b[39m \u001b[93m11 ms\u001b[39m","size":0,"timestamp":"2026-08-10 16:57:17"}
{"level":"info","message":" Incoming Request \u001b[32mGET\u001b[39m \u001b[34m304\u001b[39m \u001b[35m/api/v1/notification/audience-stats\u001b[39m \u001b[93m13 ms\u001b[39m","size":0,"timestamp":"2026-08-10 16:57:17"}
{"level":"info","message":" Incoming Request \u001b[34mPOST\u001b[39m \u001b[33m500\u001b[39m \u001b[35m/api/v1/notification/send\u001b[39m \u001b[93m11 ms\u001b[39m","size":"216","timestamp":"2026-08-10 16:57:17"}
{"level":"info","message":" Incoming Request \u001b[32mGET\u001b[39m \u001b[34m304\u001b[39m \u001b[35m/api/v1/notification/audience-stats\u001b[39m \u001b[93m13 ms\u001b[39m","size":0,"timestamp":"2026-08-10 16:57:17"}
{"level":"info","message":" Incoming Request \u001b[32mGET\u001b[39m \u001b[34m304\u001b[39m \u001b[35m/api/v1/notification\u001b[39m \u001b[93m14 ms\u001b[39m","size":0,"timestamp":"2026-08-10 16:57:17"}
{"level":"info","message":" Incoming Request \u001b[34mPOST\u001b[39m \u001b[33m500\u001b[39m \u001b[35m/api/v1/notification/send\u001b[39m \u001b[93m10 ms\u001b[39m","size":"216","timestamp":"2026-08-10 16:57:18"}
{"level":"info","message":" Incoming Request \u001b[32mGET\u001b[39m \u001b[34m304\u001b[39m \u001b[35m/api/v1/notification\u001b[39m \u001b[93m8 ms\u001b[39m","size":0,"timestamp":"2026-08-10 16:57:18"}
{"level":"info","message":" Incoming Request \u001b[32mGET\u001b[39m \u001b[34m304\u001b[39m \u001b[35m/api/v1/notification/audience-stats\u001b[39m \u001b[93m10 ms\u001b[39m","size":0,"timestamp":"2026-08-10 16:57:18"}
