{"level":"info","message":" Incoming Request \u001b[32mGET\u001b[39m \u001b[31m401\u001b[39m \u001b[35m/api/v1/dashboard/stats?range=6M\u001b[39m \u001b[93m18 ms\u001b[39m","size":"164","timestamp":"2026-08-15 08:36:18"}
{"level":"info","message":" Incoming Request \u001b[32mGET\u001b[39m \u001b[31m401\u001b[39m \u001b[35m/api/v1/notification/audience-stats\u001b[39m \u001b[93m12 ms\u001b[39m","size":"164","timestamp":"2026-08-15 08:36:18"}
{"level":"info","message":" Incoming Request \u001b[32mGET\u001b[39m \u001b[31m401\u001b[39m \u001b[35m/api/v1/signal/types\u001b[39m \u001b[93m12 ms\u001b[39m","size":"164","timestamp":"2026-08-15 08:36:18"}
{"level":"info","message":" Incoming Request \u001b[32mGET\u001b[39m \u001b[31m401\u001b[39m \u001b[35m/api/v1/user/my-profile\u001b[39m \u001b[93m6 ms\u001b[39m","size":"164","timestamp":"2026-08-15 08:36:18"}
{"level":"info","message":" Incoming Request \u001b[34mPOST\u001b[39m \u001b[32m200\u001b[39m \u001b[35m/api/v1/user/login\u001b[39m \u001b[93m232 ms\u001b[39m","size":"694","timestamp":"2026-08-15 08:36:50"}
{"level":"info","message":" Incoming Request \u001b[32mGET\u001b[39m \u001b[32m200\u001b[39m \u001b[35m/api/v1/user/my-profile\u001b[39m \u001b[93m107 ms\u001b[39m","size":"474","timestamp":"2026-08-15 08:36:50"}
{"level":"info","message":" Incoming Request \u001b[32mGET\u001b[39m \u001b[32m200\u001b[39m \u001b[35m/api/v1/signal/types\u001b[39m \u001b[93m45 ms\u001b[39m","size":"860","timestamp":"2026-08-15 08:36:50"}
{"level":"info","message":" Incoming Request \u001b[32mGET\u001b[39m \u001b[32m200\u001b[39m \u001b[35m/api/v1/notification/audience-stats\u001b[39m \u001b[93m48 ms\u001b[39m","size":"139","timestamp":"2026-08-15 08:36:50"}
{"level":"info","message":" Incoming Request \u001b[32mGET\u001b[39m \u001b[32m200\u001b[39m \u001b[35m/api/v1/dashboard/stats?range=6M\u001b[39m \u001b[93m289 ms\u001b[39m","size":"1806","timestamp":"2026-08-15 08:36:51"}
{"level":"info","message":" Incoming Request \u001b[32mGET\u001b[39m \u001b[34m304\u001b[39m \u001b[35m/api/v1/user/my-profile\u001b[39m \u001b[93m47 ms\u001b[39m","size":0,"timestamp":"2026-08-15 10:16:44"}
{"level":"info","message":" Incoming Request \u001b[32mGET\u001b[39m \u001b[34m304\u001b[39m \u001b[35m/api/v1/signal/types\u001b[39m \u001b[93m122 ms\u001b[39m","size":0,"timestamp":"2026-08-15 10:16:44"}
{"level":"info","message":" Incoming Request \u001b[32mGET\u001b[39m \u001b[34m304\u001b[39m \u001b[35m/api/v1/notification/audience-stats\u001b[39m \u001b[93m79 ms\u001b[39m","size":0,"timestamp":"2026-08-15 10:16:44"}
{"level":"info","message":" Incoming Request \u001b[32mGET\u001b[39m \u001b[34m304\u001b[39m \u001b[35m/api/v1/dashboard/stats?range=6M\u001b[39m \u001b[93m164 ms\u001b[39m","size":0,"timestamp":"2026-08-15 10:16:44"}
{"level":"info","message":" Incoming Request \u001b[32mGET\u001b[39m \u001b[32m200\u001b[39m \u001b[35m/api/v1/signal\u001b[39m \u001b[93m219 ms\u001b[39m","size":"5463","timestamp":"2026-08-15 12:13:50"}
{"level":"info","message":" Incoming Request \u001b[32mGET\u001b[39m \u001b[32m200\u001b[39m \u001b[35m/api/v1/post\u001b[39m \u001b[93m56 ms\u001b[39m","size":"2701","timestamp":"2026-08-15 12:13:56"}
{"level":"info","message":" Incoming Request \u001b[32mGET\u001b[39m \u001b[32m200\u001b[39m \u001b[35m/api/v1/signal?status=Active\u001b[39m \u001b[93m21 ms\u001b[39m","size":"2798","timestamp":"2026-08-15 12:14:00"}
{"level":"info","message":" Incoming Request \u001b[32mGET\u001b[39m \u001b[32m200\u001b[39m \u001b[35m/api/v1/signal?status=Draft\u001b[39m \u001b[93m35 ms\u001b[39m","size":"86","timestamp":"2026-08-15 12:14:01"}
{"level":"info","message":" Incoming Request \u001b[32mGET\u001b[39m \u001b[32m200\u001b[39m \u001b[35m/api/v1/signal?status=Scheduled\u001b[39m \u001b[93m17 ms\u001b[39m","size":"86","timestamp":"2026-08-15 12:14:01"}
{"level":"info","message":" Incoming Request \u001b[32mGET\u001b[39m \u001b[32m200\u001b[39m \u001b[35m/api/v1/signal?status=Closed\u001b[39m \u001b[93m17 ms\u001b[39m","size":"2750","timestamp":"2026-08-15 12:14:02"}
{"level":"info","message":" Incoming Request \u001b[32mGET\u001b[39m \u001b[34m304\u001b[39m \u001b[35m/api/v1/signal\u001b[39m \u001b[93m47 ms\u001b[39m","size":0,"timestamp":"2026-08-15 12:14:14"}
{"level":"info","message":" Incoming Request \u001b[32mGET\u001b[39m \u001b[34m304\u001b[39m \u001b[35m/api/v1/user/my-profile\u001b[39m \u001b[93m100 ms\u001b[39m","size":0,"timestamp":"2026-08-15 12:16:48"}
{"level":"info","message":" Incoming Request \u001b[32mGET\u001b[39m \u001b[32m200\u001b[39m \u001b[35m/api/v1/signal\u001b[39m \u001b[93m178 ms\u001b[39m","size":"5463","timestamp":"2026-08-15 12:16:48"}
{"level":"info","message":" Incoming Request \u001b[32mGET\u001b[39m \u001b[34m304\u001b[39m \u001b[35m/api/v1/signal/types\u001b[39m \u001b[93m150 ms\u001b[39m","size":0,"timestamp":"2026-08-15 12:16:48"}
{"level":"info","message":" Incoming Request \u001b[32mGET\u001b[39m \u001b[32m200\u001b[39m \u001b[35m/api/v1/signal?fromDate=2026-08-15\u001b[39m \u001b[93m21 ms\u001b[39m","size":"86","timestamp":"2026-08-15 12:17:09"}
{"level":"info","message":" Incoming Request \u001b[32mGET\u001b[39m \u001b[32m200\u001b[39m \u001b[35m/api/v1/signal?fromDate=2026-08-14\u001b[39m \u001b[93m5 ms\u001b[39m","size":"86","timestamp":"2026-08-15 12:17:13"}
{"level":"info","message":" Incoming Request \u001b[32mGET\u001b[39m \u001b[32m200\u001b[39m \u001b[35m/api/v1/signal?fromDate=2026-08-13\u001b[39m \u001b[93m8 ms\u001b[39m","size":"86","timestamp":"2026-08-15 12:17:16"}
{"level":"info","message":" Incoming Request \u001b[32mGET\u001b[39m \u001b[32m200\u001b[39m \u001b[35m/api/v1/signal?fromDate=2026-08-12\u001b[39m \u001b[93m6 ms\u001b[39m","size":"1450","timestamp":"2026-08-15 12:17:23"}
{"level":"info","message":" Incoming Request \u001b[32mGET\u001b[39m \u001b[32m200\u001b[39m \u001b[35m/api/v1/signal?fromDate=2026-08-11\u001b[39m \u001b[93m12 ms\u001b[39m","size":"2798","timestamp":"2026-08-15 12:17:26"}
{"level":"info","message":" Incoming Request \u001b[32mGET\u001b[39m \u001b[32m200\u001b[39m \u001b[35m/api/v1/signal?fromDate=2026-08-11&toDate=2026-08-15\u001b[39m \u001b[93m26 ms\u001b[39m","size":"2798","timestamp":"2026-08-15 12:17:33"}
{"level":"info","message":" Incoming Request \u001b[32mGET\u001b[39m \u001b[32m200\u001b[39m \u001b[35m/api/v1/signal?fromDate=2026-08-14&toDate=2026-08-15\u001b[39m \u001b[93m13 ms\u001b[39m","size":"86","timestamp":"2026-08-15 12:17:38"}
{"level":"info","message":" Incoming Request \u001b[32mGET\u001b[39m \u001b[32m200\u001b[39m \u001b[35m/api/v1/signal?status=Active\u001b[39m \u001b[93m23 ms\u001b[39m","size":"2798","timestamp":"2026-08-15 12:17:42"}
{"level":"info","message":" Incoming Request \u001b[32mGET\u001b[39m \u001b[34m304\u001b[39m \u001b[35m/api/v1/signal?status=Draft\u001b[39m \u001b[93m16 ms\u001b[39m","size":0,"timestamp":"2026-08-15 12:17:43"}
{"level":"info","message":" Incoming Request \u001b[32mGET\u001b[39m \u001b[34m304\u001b[39m \u001b[35m/api/v1/signal?status=Scheduled\u001b[39m \u001b[93m12 ms\u001b[39m","size":0,"timestamp":"2026-08-15 12:17:43"}
{"level":"info","message":" Incoming Request \u001b[32mGET\u001b[39m \u001b[32m200\u001b[39m \u001b[35m/api/v1/signal?status=Closed\u001b[39m \u001b[93m18 ms\u001b[39m","size":"2750","timestamp":"2026-08-15 12:17:44"}
{"level":"info","message":" Incoming Request \u001b[32mGET\u001b[39m \u001b[34m304\u001b[39m \u001b[35m/api/v1/signal?status=Closed\u001b[39m \u001b[93m12 ms\u001b[39m","size":0,"timestamp":"2026-08-15 12:17:47"}
{"level":"info","message":" Incoming Request \u001b[32mGET\u001b[39m \u001b[34m304\u001b[39m \u001b[35m/api/v1/signal/types\u001b[39m \u001b[93m319 ms\u001b[39m","size":0,"timestamp":"2026-08-15 14:50:24"}
{"level":"info","message":" Incoming Request \u001b[32mGET\u001b[39m \u001b[34m304\u001b[39m \u001b[35m/api/v1/signal\u001b[39m \u001b[93m257 ms\u001b[39m","size":0,"timestamp":"2026-08-15 14:50:24"}
{"level":"info","message":" Incoming Request \u001b[32mGET\u001b[39m \u001b[34m304\u001b[39m \u001b[35m/api/v1/user/my-profile\u001b[39m \u001b[93m306 ms\u001b[39m","size":0,"timestamp":"2026-08-15 14:50:25"}
{"level":"info","message":" Incoming Request \u001b[32mGET\u001b[39m \u001b[34m304\u001b[39m \u001b[35m/api/v1/post\u001b[39m \u001b[93m39 ms\u001b[39m","size":0,"timestamp":"2026-08-15 14:50:33"}
{"level":"info","message":" Incoming Request \u001b[32mGET\u001b[39m \u001b[32m200\u001b[39m \u001b[35m/api/v1/notification\u001b[39m \u001b[93m79 ms\u001b[39m","size":"1796","timestamp":"2026-08-15 14:50:35"}
{"level":"info","message":" Incoming Request \u001b[32mGET\u001b[39m \u001b[34m304\u001b[39m \u001b[35m/api/v1/notification/audience-stats\u001b[39m \u001b[93m101 ms\u001b[39m","size":0,"timestamp":"2026-08-15 14:50:35"}
{"level":"info","message":" Incoming Request \u001b[32mGET\u001b[39m \u001b[32m200\u001b[39m \u001b[35m/api/v1/subscription?includeDisabled=true\u001b[39m \u001b[93m78 ms\u001b[39m","size":"2608","timestamp":"2026-08-15 14:50:37"}
{"level":"info","message":" Incoming Request \u001b[32mGET\u001b[39m \u001b[32m200\u001b[39m \u001b[35m/api/v1/subscription/trial-config\u001b[39m \u001b[93m101 ms\u001b[39m","size":"434","timestamp":"2026-08-15 14:50:37"}
{"level":"info","message":" Incoming Request \u001b[32mGET\u001b[39m \u001b[32m200\u001b[39m \u001b[35m/api/v1/user/all-user?page=1&limit=10\u001b[39m \u001b[93m59 ms\u001b[39m","size":"3497","timestamp":"2026-08-15 14:50:38"}
{"level":"info","message":" Incoming Request \u001b[32mGET\u001b[39m \u001b[32m200\u001b[39m \u001b[35m/api/v1/coupon\u001b[39m \u001b[93m23 ms\u001b[39m","size":"1731","timestamp":"2026-08-15 14:50:39"}
{"level":"info","message":" Incoming Request \u001b[32mGET\u001b[39m \u001b[32m200\u001b[39m \u001b[35m/api/v1/management/privacy\u001b[39m \u001b[93m20 ms\u001b[39m","size":"101","timestamp":"2026-08-15 14:50:44"}
{"level":"info","message":" Incoming Request \u001b[32mGET\u001b[39m \u001b[32m200\u001b[39m \u001b[35m/api/v1/management/terms\u001b[39m \u001b[93m96 ms\u001b[39m","size":"99","timestamp":"2026-08-15 15:00:17"}
{"level":"info","message":" Incoming Request \u001b[32mGET\u001b[39m \u001b[32m200\u001b[39m \u001b[35m/api/v1/management/about\u001b[39m \u001b[93m16 ms\u001b[39m","size":"99","timestamp":"2026-08-15 15:00:17"}
{"level":"info","message":"Root endpoint hit","timestamp":"2026-08-15 15:15:41"}
{"level":"info","message":" Incoming Request \u001b[32mGET\u001b[39m \u001b[32m200\u001b[39m \u001b[35m/\u001b[39m \u001b[93m35 ms\u001b[39m","size":"109","timestamp":"2026-08-15 15:15:41"}
{"level":"info","message":" Incoming Request \u001b[32mGET\u001b[39m \u001b[31m404\u001b[39m \u001b[35m/favicon.ico\u001b[39m \u001b[93m24 ms\u001b[39m","size":"166","timestamp":"2026-08-15 15:15:41"}
{"level":"info","message":"Root endpoint hit","timestamp":"2026-08-15 15:15:55"}
{"level":"info","message":" Incoming Request \u001b[32mGET\u001b[39m \u001b[32m200\u001b[39m \u001b[35m/\u001b[39m \u001b[93m2 ms\u001b[39m","size":"109","timestamp":"2026-08-15 15:15:55"}
{"level":"info","message":" Incoming Request \u001b[32mGET\u001b[39m \u001b[31m404\u001b[39m \u001b[35m/favicon.ico\u001b[39m \u001b[93m1 ms\u001b[39m","size":"166","timestamp":"2026-08-15 15:15:55"}
{"level":"info","message":"Root endpoint hit","timestamp":"2026-08-15 15:15:56"}
{"level":"info","message":" Incoming Request \u001b[31mHEAD\u001b[39m \u001b[32m200\u001b[39m \u001b[35m/\u001b[39m \u001b[93m1 ms\u001b[39m","size":"109","timestamp":"2026-08-15 15:15:56"}
{"level":"info","message":" Incoming Request \u001b[34mPOST\u001b[39m \u001b[32m200\u001b[39m \u001b[35m/api/v1/user/login\u001b[39m \u001b[93m287 ms\u001b[39m","size":"855","timestamp":"2026-08-15 15:16:56"}
{"level":"info","message":" Incoming Request \u001b[34mPOST\u001b[39m \u001b[32m200\u001b[39m \u001b[35m/api/v1/user/login\u001b[39m \u001b[93m453 ms\u001b[39m","size":"855","timestamp":"2026-08-15 15:33:07"}
{"level":"info","message":" Incoming Request \u001b[32mGET\u001b[39m \u001b[32m200\u001b[39m \u001b[35m/api/v1/subscription\u001b[39m \u001b[93m71 ms\u001b[39m","size":"2608","timestamp":"2026-08-15 15:33:07"}
{"level":"info","message":" Incoming Request \u001b[32mGET\u001b[39m \u001b[32m200\u001b[39m \u001b[35m/api/v1/subscription/user/trial-status\u001b[39m \u001b[93m136 ms\u001b[39m","size":"256","timestamp":"2026-08-15 15:33:08"}
{"level":"info","message":" Incoming Request \u001b[32mGET\u001b[39m \u001b[34m304\u001b[39m \u001b[35m/api/v1/subscription?includeDisabled=true\u001b[39m \u001b[93m9 ms\u001b[39m","size":0,"timestamp":"2026-08-15 15:33:27"}
{"level":"info","message":" Incoming Request \u001b[32mGET\u001b[39m \u001b[34m304\u001b[39m \u001b[35m/api/v1/subscription/trial-config\u001b[39m \u001b[93m50 ms\u001b[39m","size":0,"timestamp":"2026-08-15 15:33:27"}
{"level":"info","message":" Incoming Request \u001b[34mPOST\u001b[39m \u001b[31m400\u001b[39m \u001b[35m/api/v1/subscription/purchase/initiate\u001b[39m \u001b[93m28 ms\u001b[39m","size":"276","timestamp":"2026-08-15 15:33:47"}
{"level":"info","message":" Incoming Request \u001b[34mPOST\u001b[39m \u001b[31m400\u001b[39m \u001b[35m/api/v1/subscription/purchase/initiate\u001b[39m \u001b[93m28 ms\u001b[39m","size":"276","timestamp":"2026-08-15 15:34:20"}
{"level":"info","message":" Incoming Request \u001b[34mPOST\u001b[39m \u001b[31m400\u001b[39m \u001b[35m/api/v1/subscription/purchase/initiate\u001b[39m \u001b[93m109 ms\u001b[39m","size":"276","timestamp":"2026-08-15 16:04:39"}
{"level":"info","message":" Incoming Request \u001b[32mGET\u001b[39m \u001b[34m304\u001b[39m \u001b[35m/api/v1/subscription?includeDisabled=true\u001b[39m \u001b[93m77 ms\u001b[39m","size":0,"timestamp":"2026-08-15 16:43:51"}
{"level":"info","message":" Incoming Request \u001b[32mGET\u001b[39m \u001b[34m304\u001b[39m \u001b[35m/api/v1/user/my-profile\u001b[39m \u001b[93m83 ms\u001b[39m","size":0,"timestamp":"2026-08-15 16:43:51"}
{"level":"info","message":" Incoming Request \u001b[32mGET\u001b[39m \u001b[34m304\u001b[39m \u001b[35m/api/v1/subscription/trial-config\u001b[39m \u001b[93m95 ms\u001b[39m","size":0,"timestamp":"2026-08-15 16:43:51"}
{"level":"info","message":" Incoming Request \u001b[34mPOST\u001b[39m \u001b[32m200\u001b[39m \u001b[35m/api/v1/user/login\u001b[39m \u001b[93m254 ms\u001b[39m","size":"855","timestamp":"2026-08-15 16:45:47"}
{"level":"info","message":" Incoming Request \u001b[32mGET\u001b[39m \u001b[32m200\u001b[39m \u001b[35m/api/v1/subscription\u001b[39m \u001b[93m6 ms\u001b[39m","size":"2608","timestamp":"2026-08-15 16:45:48"}
{"level":"info","message":" Incoming Request \u001b[32mGET\u001b[39m \u001b[32m200\u001b[39m \u001b[35m/api/v1/subscription/user/trial-status\u001b[39m \u001b[93m50 ms\u001b[39m","size":"256","timestamp":"2026-08-15 16:45:48"}
{"level":"info","message":" Incoming Request \u001b[34mPOST\u001b[39m \u001b[32m201\u001b[39m \u001b[35m/api/v1/subscription/purchase/initiate\u001b[39m \u001b[93m2599 ms\u001b[39m","size":"2104","timestamp":"2026-08-15 16:46:00"}
{"level":"info","message":"Root endpoint hit","timestamp":"2026-08-15 17:57:23"}
{"level":"info","message":" Incoming Request \u001b[32mGET\u001b[39m \u001b[32m200\u001b[39m \u001b[35m/\u001b[39m \u001b[93m22 ms\u001b[39m","size":"109","timestamp":"2026-08-15 17:57:23"}
{"level":"info","message":" Incoming Request \u001b[32mGET\u001b[39m \u001b[31m404\u001b[39m \u001b[35m/favicon.ico\u001b[39m \u001b[93m9 ms\u001b[39m","size":"166","timestamp":"2026-08-15 17:57:23"}
{"level":"info","message":" Incoming Request \u001b[32mGET\u001b[39m \u001b[34m304\u001b[39m \u001b[35m/api/v1/subscription?includeDisabled=true\u001b[39m \u001b[93m22 ms\u001b[39m","size":0,"timestamp":"2026-08-15 18:24:01"}
{"level":"info","message":" Incoming Request \u001b[32mGET\u001b[39m \u001b[34m304\u001b[39m \u001b[35m/api/v1/user/my-profile\u001b[39m \u001b[93m73 ms\u001b[39m","size":0,"timestamp":"2026-08-15 18:24:01"}
{"level":"info","message":" Incoming Request \u001b[32mGET\u001b[39m \u001b[34m304\u001b[39m \u001b[35m/api/v1/subscription/trial-config\u001b[39m \u001b[93m126 ms\u001b[39m","size":0,"timestamp":"2026-08-15 18:24:01"}
