{"level":"info","message":"Root endpoint hit","timestamp":"2026-08-07 10:09:28"}
{"level":"info","message":" Incoming Request \u001b[32mGET\u001b[39m \u001b[32m200\u001b[39m \u001b[35m/\u001b[39m \u001b[93m5 ms\u001b[39m","size":"109","timestamp":"2026-08-07 10:09:28"}
{"level":"info","message":" Incoming Request \u001b[32mGET\u001b[39m \u001b[31m404\u001b[39m \u001b[35m/favicon.ico\u001b[39m \u001b[93m4 ms\u001b[39m","size":"1508","timestamp":"2026-08-07 10:09:29"}
{"level":"info","message":"Root endpoint hit","timestamp":"2026-08-07 11:22:58"}
{"level":"info","message":" Incoming Request \u001b[32mGET\u001b[39m \u001b[32m200\u001b[39m \u001b[35m/\u001b[39m \u001b[93m11 ms\u001b[39m","size":"109","timestamp":"2026-08-07 11:22:58"}
{"level":"info","message":" Incoming Request \u001b[34mPOST\u001b[39m \u001b[32m200\u001b[39m \u001b[35m/api/v1/user/login\u001b[39m \u001b[93m216 ms\u001b[39m","size":"1054","timestamp":"2026-08-07 11:32:52"}
{"level":"info","message":" Incoming Request \u001b[32mGET\u001b[39m \u001b[32m200\u001b[39m \u001b[35m/api/v1/user/my-profile\u001b[39m \u001b[93m12 ms\u001b[39m","size":"450","timestamp":"2026-08-07 11:32:52"}
{"level":"info","message":"Root endpoint hit","timestamp":"2026-08-07 12:12:37"}
{"level":"info","message":" Incoming Request \u001b[32mGET\u001b[39m \u001b[32m200\u001b[39m \u001b[35m/\u001b[39m \u001b[93m12 ms\u001b[39m","size":"109","timestamp":"2026-08-07 12:12:37"}
{"level":"info","message":"Root endpoint hit","timestamp":"2026-08-07 12:16:07"}
{"level":"info","message":" Incoming Request \u001b[32mGET\u001b[39m \u001b[32m200\u001b[39m \u001b[35m/\u001b[39m \u001b[93m2 ms\u001b[39m","size":"109","timestamp":"2026-08-07 12:16:07"}
{"level":"info","message":"Root endpoint hit","timestamp":"2026-08-07 12:16:43"}
{"level":"info","message":" Incoming Request \u001b[32mGET\u001b[39m \u001b[32m200\u001b[39m \u001b[35m/\u001b[39m \u001b[93m1 ms\u001b[39m","size":"109","timestamp":"2026-08-07 12:16:43"}
{"level":"info","message":" Incoming Request \u001b[34mPOST\u001b[39m \u001b[32m200\u001b[39m \u001b[35m/api/v1/user/login\u001b[39m \u001b[93m222 ms\u001b[39m","size":"1054","timestamp":"2026-08-07 14:59:00"}
{"level":"info","message":" Incoming Request \u001b[34mPOST\u001b[39m \u001b[32m200\u001b[39m \u001b[35m/api/v1/user/login\u001b[39m \u001b[93m212 ms\u001b[39m","size":"1054","timestamp":"2026-08-07 15:02:07"}
{"level":"info","message":" Incoming Request \u001b[32mGET\u001b[39m \u001b[32m200\u001b[39m \u001b[35m/api/v1/user/my-profile\u001b[39m \u001b[93m11 ms\u001b[39m","size":"450","timestamp":"2026-08-07 15:02:07"}
{"level":"info","message":" Incoming Request \u001b[32mGET\u001b[39m \u001b[34m304\u001b[39m \u001b[35m/api/v1/user/my-profile\u001b[39m \u001b[93m22 ms\u001b[39m","size":0,"timestamp":"2026-08-07 15:02:19"}
{"level":"info","message":" Incoming Request \u001b[32mGET\u001b[39m \u001b[34m304\u001b[39m \u001b[35m/api/v1/user/my-profile\u001b[39m \u001b[93m10 ms\u001b[39m","size":0,"timestamp":"2026-08-07 15:02:25"}
{"level":"info","message":" Incoming Request \u001b[32mGET\u001b[39m \u001b[34m304\u001b[39m \u001b[35m/api/v1/user/my-profile\u001b[39m \u001b[93m8 ms\u001b[39m","size":0,"timestamp":"2026-08-07 15:02:34"}
{"level":"info","message":" Incoming Request \u001b[32mGET\u001b[39m \u001b[34m304\u001b[39m \u001b[35m/api/v1/user/my-profile\u001b[39m \u001b[93m13 ms\u001b[39m","size":0,"timestamp":"2026-08-07 15:02:55"}
{"level":"info","message":" Incoming Request \u001b[32mGET\u001b[39m \u001b[34m304\u001b[39m \u001b[35m/api/v1/user/my-profile\u001b[39m \u001b[93m17 ms\u001b[39m","size":0,"timestamp":"2026-08-07 15:03:44"}
{"level":"info","message":" Incoming Request \u001b[32mGET\u001b[39m \u001b[34m304\u001b[39m \u001b[35m/api/v1/user/my-profile\u001b[39m \u001b[93m21 ms\u001b[39m","size":0,"timestamp":"2026-08-07 15:07:13"}
{"level":"info","message":" Incoming Request \u001b[32mGET\u001b[39m \u001b[34m304\u001b[39m \u001b[35m/api/v1/user/my-profile\u001b[39m \u001b[93m12 ms\u001b[39m","size":0,"timestamp":"2026-08-07 15:08:18"}
{"level":"info","message":" Incoming Request \u001b[32mGET\u001b[39m \u001b[34m304\u001b[39m \u001b[35m/api/v1/user/my-profile\u001b[39m \u001b[93m14 ms\u001b[39m","size":0,"timestamp":"2026-08-07 15:09:15"}
{"level":"info","message":" Incoming Request \u001b[32mGET\u001b[39m \u001b[32m200\u001b[39m \u001b[35m/api/v1/user/all-user\u001b[39m \u001b[93m30 ms\u001b[39m","size":"182","timestamp":"2026-08-07 15:09:18"}
{"level":"info","message":" Incoming Request \u001b[32mGET\u001b[39m \u001b[34m304\u001b[39m \u001b[35m/api/v1/user/my-profile\u001b[39m \u001b[93m15 ms\u001b[39m","size":0,"timestamp":"2026-08-07 15:13:57"}
{"level":"info","message":" Incoming Request \u001b[32mGET\u001b[39m \u001b[34m304\u001b[39m \u001b[35m/api/v1/user/my-profile\u001b[39m \u001b[93m7 ms\u001b[39m","size":0,"timestamp":"2026-08-07 15:14:46"}
{"level":"info","message":" Incoming Request \u001b[32mGET\u001b[39m \u001b[34m304\u001b[39m \u001b[35m/api/v1/user/my-profile\u001b[39m \u001b[93m16 ms\u001b[39m","size":0,"timestamp":"2026-08-07 15:14:53"}
{"level":"info","message":" Incoming Request \u001b[32mGET\u001b[39m \u001b[34m304\u001b[39m \u001b[35m/api/v1/user/my-profile\u001b[39m \u001b[93m6 ms\u001b[39m","size":0,"timestamp":"2026-08-07 15:16:13"}
{"level":"info","message":" Incoming Request \u001b[32mGET\u001b[39m \u001b[34m304\u001b[39m \u001b[35m/api/v1/user/my-profile\u001b[39m \u001b[93m7 ms\u001b[39m","size":0,"timestamp":"2026-08-07 15:16:20"}
{"level":"info","message":" Incoming Request \u001b[32mGET\u001b[39m \u001b[34m304\u001b[39m \u001b[35m/api/v1/user/my-profile\u001b[39m \u001b[93m17 ms\u001b[39m","size":0,"timestamp":"2026-08-07 15:17:13"}
{"level":"info","message":" Incoming Request \u001b[32mGET\u001b[39m \u001b[34m304\u001b[39m \u001b[35m/api/v1/user/my-profile\u001b[39m \u001b[93m6 ms\u001b[39m","size":0,"timestamp":"2026-08-07 15:17:59"}
{"level":"info","message":" Incoming Request \u001b[32mGET\u001b[39m \u001b[34m304\u001b[39m \u001b[35m/api/v1/user/my-profile\u001b[39m \u001b[93m13 ms\u001b[39m","size":0,"timestamp":"2026-08-07 15:19:12"}
{"level":"info","message":" Incoming Request \u001b[32mGET\u001b[39m \u001b[34m304\u001b[39m \u001b[35m/api/v1/user/my-profile\u001b[39m \u001b[93m6 ms\u001b[39m","size":0,"timestamp":"2026-08-07 15:19:20"}
{"level":"info","message":" Incoming Request \u001b[32mGET\u001b[39m \u001b[31m404\u001b[39m \u001b[35m/api/v1/api/v1/user/my-profile\u001b[39m \u001b[93m3 ms\u001b[39m","size":"202","timestamp":"2026-08-07 15:19:23"}
{"level":"info","message":" Incoming Request \u001b[34mPOST\u001b[39m \u001b[31m404\u001b[39m \u001b[35m/api/v1/api/v1/user/login\u001b[39m \u001b[93m0 ms\u001b[39m","size":"192","timestamp":"2026-08-07 15:20:07"}
{"level":"info","message":" Incoming Request \u001b[32mGET\u001b[39m \u001b[31m401\u001b[39m \u001b[35m/api/v1/user/my-profile\u001b[39m \u001b[93m2 ms\u001b[39m","size":"174","timestamp":"2026-08-07 15:21:27"}
{"level":"info","message":" Incoming Request \u001b[34mPOST\u001b[39m \u001b[32m200\u001b[39m \u001b[35m/api/v1/user/login\u001b[39m \u001b[93m228 ms\u001b[39m","size":"1054","timestamp":"2026-08-07 15:22:18"}
{"level":"info","message":" Incoming Request \u001b[32mGET\u001b[39m \u001b[34m304\u001b[39m \u001b[35m/api/v1/user/my-profile\u001b[39m \u001b[93m15 ms\u001b[39m","size":0,"timestamp":"2026-08-07 15:22:18"}
{"level":"info","message":" Incoming Request \u001b[32mGET\u001b[39m \u001b[31m401\u001b[39m \u001b[35m/api/v1/user/my-profile\u001b[39m \u001b[93m1 ms\u001b[39m","size":"174","timestamp":"2026-08-07 15:22:26"}
{"level":"info","message":"Root endpoint hit","timestamp":"2026-08-07 15:23:20"}
{"level":"info","message":" Incoming Request \u001b[32mGET\u001b[39m \u001b[32m200\u001b[39m \u001b[35m/\u001b[39m \u001b[93m1 ms\u001b[39m","size":"109","timestamp":"2026-08-07 15:23:20"}
{"level":"info","message":" Incoming Request \u001b[34mPOST\u001b[39m \u001b[32m200\u001b[39m \u001b[35m/api/v1/user/login\u001b[39m \u001b[93m219 ms\u001b[39m","size":"1054","timestamp":"2026-08-07 15:23:43"}
{"level":"info","message":" Incoming Request \u001b[32mGET\u001b[39m \u001b[34m304\u001b[39m \u001b[35m/api/v1/user/my-profile\u001b[39m \u001b[93m10 ms\u001b[39m","size":0,"timestamp":"2026-08-07 15:23:43"}
{"level":"info","message":" Incoming Request \u001b[32mGET\u001b[39m \u001b[34m304\u001b[39m \u001b[35m/api/v1/user/my-profile\u001b[39m \u001b[93m6 ms\u001b[39m","size":0,"timestamp":"2026-08-07 15:23:55"}
{"level":"info","message":" Incoming Request \u001b[32mGET\u001b[39m \u001b[34m304\u001b[39m \u001b[35m/api/v1/user/my-profile\u001b[39m \u001b[93m15 ms\u001b[39m","size":0,"timestamp":"2026-08-07 15:24:00"}
{"level":"info","message":" Incoming Request \u001b[32mGET\u001b[39m \u001b[34m304\u001b[39m \u001b[35m/api/v1/user/my-profile\u001b[39m \u001b[93m7 ms\u001b[39m","size":0,"timestamp":"2026-08-07 15:25:01"}
{"level":"info","message":" Incoming Request \u001b[32mGET\u001b[39m \u001b[34m304\u001b[39m \u001b[35m/api/v1/user/my-profile\u001b[39m \u001b[93m7 ms\u001b[39m","size":0,"timestamp":"2026-08-07 15:25:20"}
{"level":"info","message":" Incoming Request \u001b[32mGET\u001b[39m \u001b[34m304\u001b[39m \u001b[35m/api/v1/user/my-profile\u001b[39m \u001b[93m16 ms\u001b[39m","size":0,"timestamp":"2026-08-07 15:25:52"}
{"level":"info","message":" Incoming Request \u001b[32mGET\u001b[39m \u001b[34m304\u001b[39m \u001b[35m/api/v1/user/my-profile\u001b[39m \u001b[93m4 ms\u001b[39m","size":0,"timestamp":"2026-08-07 15:25:57"}
{"level":"info","message":" Incoming Request \u001b[32mGET\u001b[39m \u001b[34m304\u001b[39m \u001b[35m/api/v1/user/my-profile\u001b[39m \u001b[93m6 ms\u001b[39m","size":0,"timestamp":"2026-08-07 15:26:04"}
{"level":"info","message":" Incoming Request \u001b[32mGET\u001b[39m \u001b[34m304\u001b[39m \u001b[35m/api/v1/user/my-profile\u001b[39m \u001b[93m8 ms\u001b[39m","size":0,"timestamp":"2026-08-07 15:26:08"}
{"level":"info","message":" Incoming Request \u001b[32mGET\u001b[39m \u001b[34m304\u001b[39m \u001b[35m/api/v1/user/my-profile\u001b[39m \u001b[93m6 ms\u001b[39m","size":0,"timestamp":"2026-08-07 15:27:03"}
{"level":"info","message":" Incoming Request \u001b[32mGET\u001b[39m \u001b[34m304\u001b[39m \u001b[35m/api/v1/user/my-profile\u001b[39m \u001b[93m4 ms\u001b[39m","size":0,"timestamp":"2026-08-07 15:27:08"}
{"level":"info","message":" Incoming Request \u001b[32mGET\u001b[39m \u001b[34m304\u001b[39m \u001b[35m/api/v1/user/my-profile\u001b[39m \u001b[93m6 ms\u001b[39m","size":0,"timestamp":"2026-08-07 15:27:33"}
{"level":"info","message":" Incoming Request \u001b[32mGET\u001b[39m \u001b[34m304\u001b[39m \u001b[35m/api/v1/user/my-profile\u001b[39m \u001b[93m11 ms\u001b[39m","size":0,"timestamp":"2026-08-07 15:28:36"}
{"level":"info","message":" Incoming Request \u001b[32mGET\u001b[39m \u001b[32m200\u001b[39m \u001b[35m/api/v1/management/privacy\u001b[39m \u001b[93m6 ms\u001b[39m","size":"101","timestamp":"2026-08-07 15:29:00"}
{"level":"info","message":" Incoming Request \u001b[32mGET\u001b[39m \u001b[32m200\u001b[39m \u001b[35m/api/v1/management/terms\u001b[39m \u001b[93m3 ms\u001b[39m","size":"99","timestamp":"2026-08-07 15:29:00"}
{"level":"info","message":" Incoming Request \u001b[32mGET\u001b[39m \u001b[32m200\u001b[39m \u001b[35m/api/v1/management/about\u001b[39m \u001b[93m3 ms\u001b[39m","size":"99","timestamp":"2026-08-07 15:29:01"}
{"level":"info","message":" Incoming Request \u001b[34mPOST\u001b[39m \u001b[32m201\u001b[39m \u001b[35m/api/v1/management/create\u001b[39m \u001b[93m19 ms\u001b[39m","size":"209","timestamp":"2026-08-07 15:29:47"}
{"level":"info","message":" Incoming Request \u001b[32mGET\u001b[39m \u001b[32m200\u001b[39m \u001b[35m/api/v1/management/privacy\u001b[39m \u001b[93m5 ms\u001b[39m","size":"236","timestamp":"2026-08-07 15:29:47"}
{"level":"info","message":" Incoming Request \u001b[34mPOST\u001b[39m \u001b[32m201\u001b[39m \u001b[35m/api/v1/management/create\u001b[39m \u001b[93m4 ms\u001b[39m","size":"187","timestamp":"2026-08-07 15:29:50"}
{"level":"info","message":" Incoming Request \u001b[32mGET\u001b[39m \u001b[32m200\u001b[39m \u001b[35m/api/v1/management/privacy\u001b[39m \u001b[93m2 ms\u001b[39m","size":"236","timestamp":"2026-08-07 15:29:50"}
{"level":"info","message":" Incoming Request \u001b[32mGET\u001b[39m \u001b[34m304\u001b[39m \u001b[35m/api/v1/management/privacy\u001b[39m \u001b[93m4 ms\u001b[39m","size":0,"timestamp":"2026-08-07 15:29:53"}
{"level":"info","message":" Incoming Request \u001b[32mGET\u001b[39m \u001b[34m304\u001b[39m \u001b[35m/api/v1/user/my-profile\u001b[39m \u001b[93m7 ms\u001b[39m","size":0,"timestamp":"2026-08-07 15:29:53"}
{"level":"info","message":" Incoming Request \u001b[32mGET\u001b[39m \u001b[34m304\u001b[39m \u001b[35m/api/v1/management/terms\u001b[39m \u001b[93m3 ms\u001b[39m","size":0,"timestamp":"2026-08-07 15:29:56"}
{"level":"info","message":" Incoming Request \u001b[32mGET\u001b[39m \u001b[34m304\u001b[39m \u001b[35m/api/v1/user/my-profile\u001b[39m \u001b[93m10 ms\u001b[39m","size":0,"timestamp":"2026-08-07 15:31:48"}
{"level":"info","message":" Incoming Request \u001b[32mGET\u001b[39m \u001b[34m304\u001b[39m \u001b[35m/api/v1/management/privacy\u001b[39m \u001b[93m4 ms\u001b[39m","size":0,"timestamp":"2026-08-07 15:31:53"}
{"level":"info","message":" Incoming Request \u001b[32mGET\u001b[39m \u001b[34m304\u001b[39m \u001b[35m/api/v1/user/my-profile\u001b[39m \u001b[93m34 ms\u001b[39m","size":0,"timestamp":"2026-08-07 15:31:56"}
{"level":"info","message":" Incoming Request \u001b[32mGET\u001b[39m \u001b[34m304\u001b[39m \u001b[35m/api/v1/management/privacy\u001b[39m \u001b[93m5 ms\u001b[39m","size":0,"timestamp":"2026-08-07 15:31:59"}
{"level":"info","message":" Incoming Request \u001b[32mGET\u001b[39m \u001b[34m304\u001b[39m \u001b[35m/api/v1/management/about\u001b[39m \u001b[93m2 ms\u001b[39m","size":0,"timestamp":"2026-08-07 15:31:59"}
{"level":"info","message":" Incoming Request \u001b[32mGET\u001b[39m \u001b[34m304\u001b[39m \u001b[35m/api/v1/management/terms\u001b[39m \u001b[93m3 ms\u001b[39m","size":0,"timestamp":"2026-08-07 15:32:43"}
{"level":"info","message":" Incoming Request \u001b[32mGET\u001b[39m \u001b[34m304\u001b[39m \u001b[35m/api/v1/management/about\u001b[39m \u001b[93m6 ms\u001b[39m","size":0,"timestamp":"2026-08-07 15:32:46"}
{"level":"info","message":" Incoming Request \u001b[32mGET\u001b[39m \u001b[34m304\u001b[39m \u001b[35m/api/v1/user/my-profile\u001b[39m \u001b[93m9 ms\u001b[39m","size":0,"timestamp":"2026-08-07 15:32:46"}
{"level":"info","message":" Incoming Request \u001b[32mGET\u001b[39m \u001b[34m304\u001b[39m \u001b[35m/api/v1/user/my-profile\u001b[39m \u001b[93m7 ms\u001b[39m","size":0,"timestamp":"2026-08-07 15:32:52"}
{"level":"info","message":" Incoming Request \u001b[32mGET\u001b[39m \u001b[34m304\u001b[39m \u001b[35m/api/v1/user/my-profile\u001b[39m \u001b[93m7 ms\u001b[39m","size":0,"timestamp":"2026-08-07 15:32:55"}
{"level":"info","message":" Incoming Request \u001b[32mGET\u001b[39m \u001b[34m304\u001b[39m \u001b[35m/api/v1/management/terms\u001b[39m \u001b[93m2 ms\u001b[39m","size":0,"timestamp":"2026-08-07 15:33:03"}
{"level":"info","message":" Incoming Request \u001b[32mGET\u001b[39m \u001b[34m304\u001b[39m \u001b[35m/api/v1/management/about\u001b[39m \u001b[93m4 ms\u001b[39m","size":0,"timestamp":"2026-08-07 15:33:03"}
{"level":"info","message":" Incoming Request \u001b[32mGET\u001b[39m \u001b[34m304\u001b[39m \u001b[35m/api/v1/management/privacy\u001b[39m \u001b[93m2 ms\u001b[39m","size":0,"timestamp":"2026-08-07 15:33:04"}
{"level":"info","message":" Incoming Request \u001b[32mGET\u001b[39m \u001b[34m304\u001b[39m \u001b[35m/api/v1/user/all-user\u001b[39m \u001b[93m10 ms\u001b[39m","size":0,"timestamp":"2026-08-07 15:33:12"}
{"level":"info","message":" Incoming Request \u001b[32mGET\u001b[39m \u001b[34m304\u001b[39m \u001b[35m/api/v1/user/my-profile\u001b[39m \u001b[93m27 ms\u001b[39m","size":0,"timestamp":"2026-08-07 15:37:51"}
{"level":"info","message":" Incoming Request \u001b[32mGET\u001b[39m \u001b[34m304\u001b[39m \u001b[35m/api/v1/user/my-profile\u001b[39m \u001b[93m13 ms\u001b[39m","size":0,"timestamp":"2026-08-07 15:37:58"}
{"level":"info","message":" Incoming Request \u001b[32mGET\u001b[39m \u001b[34m304\u001b[39m \u001b[35m/api/v1/user/my-profile\u001b[39m \u001b[93m22 ms\u001b[39m","size":0,"timestamp":"2026-08-07 15:38:06"}
{"level":"info","message":" Incoming Request \u001b[32mGET\u001b[39m \u001b[32m200\u001b[39m \u001b[35m/api/v1/subscription\u001b[39m \u001b[93m8 ms\u001b[39m","size":"2316","timestamp":"2026-08-07 15:38:09"}
{"level":"info","message":" Incoming Request \u001b[32mGET\u001b[39m \u001b[34m304\u001b[39m \u001b[35m/api/v1/subscription\u001b[39m \u001b[93m4 ms\u001b[39m","size":0,"timestamp":"2026-08-07 15:38:32"}
{"level":"info","message":" Incoming Request \u001b[32mGET\u001b[39m \u001b[34m304\u001b[39m \u001b[35m/api/v1/user/my-profile\u001b[39m \u001b[93m8 ms\u001b[39m","size":0,"timestamp":"2026-08-07 15:38:32"}
{"level":"info","message":" Incoming Request \u001b[32mGET\u001b[39m \u001b[34m304\u001b[39m \u001b[35m/api/v1/subscription\u001b[39m \u001b[93m4 ms\u001b[39m","size":0,"timestamp":"2026-08-07 15:38:45"}
{"level":"info","message":" Incoming Request \u001b[32mGET\u001b[39m \u001b[34m304\u001b[39m \u001b[35m/api/v1/user/my-profile\u001b[39m \u001b[93m8 ms\u001b[39m","size":0,"timestamp":"2026-08-07 15:38:45"}
{"level":"info","message":" Incoming Request \u001b[33mPATCH\u001b[39m \u001b[32m200\u001b[39m \u001b[35m/api/v1/subscription/6a7568297cf6b6d7cbf527d4\u001b[39m \u001b[93m19 ms\u001b[39m","size":"793","timestamp":"2026-08-07 15:39:33"}
{"level":"info","message":" Incoming Request \u001b[32mGET\u001b[39m \u001b[32m200\u001b[39m \u001b[35m/api/v1/subscription\u001b[39m \u001b[93m6 ms\u001b[39m","size":"2316","timestamp":"2026-08-07 15:39:33"}
{"level":"info","message":" Incoming Request \u001b[32mGET\u001b[39m \u001b[34m304\u001b[39m \u001b[35m/api/v1/subscription\u001b[39m \u001b[93m8 ms\u001b[39m","size":0,"timestamp":"2026-08-07 15:42:53"}
{"level":"info","message":" Incoming Request \u001b[32mGET\u001b[39m \u001b[34m304\u001b[39m \u001b[35m/api/v1/subscription\u001b[39m \u001b[93m4 ms\u001b[39m","size":0,"timestamp":"2026-08-07 15:43:23"}
{"level":"info","message":" Incoming Request \u001b[32mGET\u001b[39m \u001b[34m304\u001b[39m \u001b[35m/api/v1/user/my-profile\u001b[39m \u001b[93m8 ms\u001b[39m","size":0,"timestamp":"2026-08-07 15:43:23"}
{"level":"info","message":" Incoming Request \u001b[33mPATCH\u001b[39m \u001b[32m200\u001b[39m \u001b[35m/api/v1/subscription/6a7568297cf6b6d7cbf527d4\u001b[39m \u001b[93m18 ms\u001b[39m","size":"794","timestamp":"2026-08-07 15:44:10"}
{"level":"info","message":" Incoming Request \u001b[32mGET\u001b[39m \u001b[32m200\u001b[39m \u001b[35m/api/v1/subscription\u001b[39m \u001b[93m9 ms\u001b[39m","size":"2317","timestamp":"2026-08-07 15:44:10"}
{"level":"info","message":" Incoming Request \u001b[32mGET\u001b[39m \u001b[34m304\u001b[39m \u001b[35m/api/v1/subscription\u001b[39m \u001b[93m5 ms\u001b[39m","size":0,"timestamp":"2026-08-07 15:44:14"}
{"level":"info","message":" Incoming Request \u001b[32mGET\u001b[39m \u001b[34m304\u001b[39m \u001b[35m/api/v1/user/my-profile\u001b[39m \u001b[93m12 ms\u001b[39m","size":0,"timestamp":"2026-08-07 15:44:14"}
{"level":"info","message":" Incoming Request \u001b[33mPATCH\u001b[39m \u001b[32m200\u001b[39m \u001b[35m/api/v1/subscription/6a7568297cf6b6d7cbf527d4\u001b[39m \u001b[93m6 ms\u001b[39m","size":"793","timestamp":"2026-08-07 15:44:20"}
{"level":"info","message":" Incoming Request \u001b[32mGET\u001b[39m \u001b[32m200\u001b[39m \u001b[35m/api/v1/subscription\u001b[39m \u001b[93m3 ms\u001b[39m","size":"2316","timestamp":"2026-08-07 15:44:20"}
{"level":"info","message":" Incoming Request \u001b[33mPATCH\u001b[39m \u001b[32m200\u001b[39m \u001b[35m/api/v1/subscription/6a7568297cf6b6d7cbf527d4\u001b[39m \u001b[93m4 ms\u001b[39m","size":"793","timestamp":"2026-08-07 15:44:45"}
{"level":"info","message":" Incoming Request \u001b[32mGET\u001b[39m \u001b[32m200\u001b[39m \u001b[35m/api/v1/subscription\u001b[39m \u001b[93m4 ms\u001b[39m","size":"2316","timestamp":"2026-08-07 15:44:45"}
{"level":"info","message":" Incoming Request \u001b[32mGET\u001b[39m \u001b[34m304\u001b[39m \u001b[35m/api/v1/subscription\u001b[39m \u001b[93m4 ms\u001b[39m","size":0,"timestamp":"2026-08-07 15:44:50"}
{"level":"info","message":" Incoming Request \u001b[32mGET\u001b[39m \u001b[34m304\u001b[39m \u001b[35m/api/v1/user/my-profile\u001b[39m \u001b[93m7 ms\u001b[39m","size":0,"timestamp":"2026-08-07 15:44:50"}
{"level":"info","message":" Incoming Request \u001b[33mPATCH\u001b[39m \u001b[32m200\u001b[39m \u001b[35m/api/v1/subscription/6a7568297cf6b6d7cbf527d4\u001b[39m \u001b[93m3 ms\u001b[39m","size":"793","timestamp":"2026-08-07 15:45:16"}
{"level":"info","message":" Incoming Request \u001b[32mGET\u001b[39m \u001b[32m200\u001b[39m \u001b[35m/api/v1/subscription\u001b[39m \u001b[93m3 ms\u001b[39m","size":"2316","timestamp":"2026-08-07 15:45:16"}
{"level":"info","message":" Incoming Request \u001b[32mGET\u001b[39m \u001b[34m304\u001b[39m \u001b[35m/api/v1/subscription\u001b[39m \u001b[93m3 ms\u001b[39m","size":0,"timestamp":"2026-08-07 15:47:50"}
{"level":"info","message":" Incoming Request \u001b[32mGET\u001b[39m \u001b[34m304\u001b[39m \u001b[35m/api/v1/user/all-user\u001b[39m \u001b[93m53 ms\u001b[39m","size":0,"timestamp":"2026-08-07 15:51:51"}
{"level":"info","message":" Incoming Request \u001b[32mGET\u001b[39m \u001b[34m304\u001b[39m \u001b[35m/api/v1/subscription\u001b[39m \u001b[93m4 ms\u001b[39m","size":0,"timestamp":"2026-08-07 15:52:15"}
{"level":"info","message":" Incoming Request \u001b[32mGET\u001b[39m \u001b[34m304\u001b[39m \u001b[35m/api/v1/user/my-profile\u001b[39m \u001b[93m11 ms\u001b[39m","size":0,"timestamp":"2026-08-07 15:52:15"}
{"level":"info","message":" Incoming Request \u001b[32mGET\u001b[39m \u001b[34m304\u001b[39m \u001b[35m/api/v1/user/all-user\u001b[39m \u001b[93m22 ms\u001b[39m","size":0,"timestamp":"2026-08-07 15:52:15"}
{"level":"info","message":" Incoming Request \u001b[32mGET\u001b[39m \u001b[34m304\u001b[39m \u001b[35m/api/v1/subscription\u001b[39m \u001b[93m5 ms\u001b[39m","size":0,"timestamp":"2026-08-07 15:52:40"}
{"level":"info","message":" Incoming Request \u001b[32mGET\u001b[39m \u001b[34m304\u001b[39m \u001b[35m/api/v1/user/my-profile\u001b[39m \u001b[93m13 ms\u001b[39m","size":0,"timestamp":"2026-08-07 15:52:40"}
{"level":"info","message":" Incoming Request \u001b[32mGET\u001b[39m \u001b[34m304\u001b[39m \u001b[35m/api/v1/user/all-user\u001b[39m \u001b[93m24 ms\u001b[39m","size":0,"timestamp":"2026-08-07 15:52:40"}
{"level":"info","message":" Incoming Request \u001b[32mGET\u001b[39m \u001b[34m304\u001b[39m \u001b[35m/api/v1/subscription\u001b[39m \u001b[93m6 ms\u001b[39m","size":0,"timestamp":"2026-08-07 15:57:17"}
{"level":"info","message":" Incoming Request \u001b[32mGET\u001b[39m \u001b[34m304\u001b[39m \u001b[35m/api/v1/user/my-profile\u001b[39m \u001b[93m22 ms\u001b[39m","size":0,"timestamp":"2026-08-07 15:57:17"}
{"level":"info","message":" Incoming Request \u001b[32mGET\u001b[39m \u001b[34m304\u001b[39m \u001b[35m/api/v1/user/all-user\u001b[39m \u001b[93m26 ms\u001b[39m","size":0,"timestamp":"2026-08-07 15:57:17"}
{"level":"info","message":" Incoming Request \u001b[32mGET\u001b[39m \u001b[34m304\u001b[39m \u001b[35m/api/v1/subscription\u001b[39m \u001b[93m38 ms\u001b[39m","size":0,"timestamp":"2026-08-07 16:00:37"}
{"level":"info","message":" Incoming Request \u001b[32mGET\u001b[39m \u001b[34m304\u001b[39m \u001b[35m/api/v1/user/my-profile\u001b[39m \u001b[93m80 ms\u001b[39m","size":0,"timestamp":"2026-08-07 16:00:38"}
{"level":"info","message":" Incoming Request \u001b[32mGET\u001b[39m \u001b[34m304\u001b[39m \u001b[35m/api/v1/user/all-user\u001b[39m \u001b[93m100 ms\u001b[39m","size":0,"timestamp":"2026-08-07 16:00:38"}
{"level":"info","message":" Incoming Request \u001b[32mGET\u001b[39m \u001b[34m304\u001b[39m \u001b[35m/api/v1/subscription\u001b[39m \u001b[93m23 ms\u001b[39m","size":0,"timestamp":"2026-08-07 16:02:18"}
{"level":"info","message":" Incoming Request \u001b[32mGET\u001b[39m \u001b[32m200\u001b[39m \u001b[35m/api/v1/subscription/trial-config\u001b[39m \u001b[93m67 ms\u001b[39m","size":"334","timestamp":"2026-08-07 16:02:18"}
{"level":"info","message":" Incoming Request \u001b[32mGET\u001b[39m \u001b[34m304\u001b[39m \u001b[35m/api/v1/user/my-profile\u001b[39m \u001b[93m64 ms\u001b[39m","size":0,"timestamp":"2026-08-07 16:02:18"}
{"level":"info","message":" Incoming Request \u001b[32mGET\u001b[39m \u001b[34m304\u001b[39m \u001b[35m/api/v1/user/all-user\u001b[39m \u001b[93m74 ms\u001b[39m","size":0,"timestamp":"2026-08-07 16:02:18"}
{"level":"info","message":" Incoming Request \u001b[34mPOST\u001b[39m \u001b[32m200\u001b[39m \u001b[35m/api/v1/subscription/trial-config\u001b[39m \u001b[93m7 ms\u001b[39m","size":"331","timestamp":"2026-08-07 16:02:38"}
{"level":"info","message":" Incoming Request \u001b[32mGET\u001b[39m \u001b[32m200\u001b[39m \u001b[35m/api/v1/subscription/trial-config\u001b[39m \u001b[93m5 ms\u001b[39m","size":"333","timestamp":"2026-08-07 16:02:38"}
{"level":"info","message":" Incoming Request \u001b[32mGET\u001b[39m \u001b[34m304\u001b[39m \u001b[35m/api/v1/subscription\u001b[39m \u001b[93m6 ms\u001b[39m","size":0,"timestamp":"2026-08-07 16:02:38"}
{"level":"info","message":" Incoming Request \u001b[34mPOST\u001b[39m \u001b[32m200\u001b[39m \u001b[35m/api/v1/subscription/trial-config\u001b[39m \u001b[93m5 ms\u001b[39m","size":"332","timestamp":"2026-08-07 16:02:47"}
{"level":"info","message":" Incoming Request \u001b[32mGET\u001b[39m \u001b[32m200\u001b[39m \u001b[35m/api/v1/subscription/trial-config\u001b[39m \u001b[93m4 ms\u001b[39m","size":"334","timestamp":"2026-08-07 16:02:47"}
{"level":"info","message":" Incoming Request \u001b[32mGET\u001b[39m \u001b[34m304\u001b[39m \u001b[35m/api/v1/subscription\u001b[39m \u001b[93m6 ms\u001b[39m","size":0,"timestamp":"2026-08-07 16:02:47"}
{"level":"info","message":" Incoming Request \u001b[34mPOST\u001b[39m \u001b[32m200\u001b[39m \u001b[35m/api/v1/subscription/trial-config\u001b[39m \u001b[93m5 ms\u001b[39m","size":"332","timestamp":"2026-08-07 16:02:51"}
{"level":"info","message":" Incoming Request \u001b[32mGET\u001b[39m \u001b[32m200\u001b[39m \u001b[35m/api/v1/subscription/trial-config\u001b[39m \u001b[93m3 ms\u001b[39m","size":"334","timestamp":"2026-08-07 16:02:51"}
{"level":"info","message":" Incoming Request \u001b[32mGET\u001b[39m \u001b[34m304\u001b[39m \u001b[35m/api/v1/subscription\u001b[39m \u001b[93m5 ms\u001b[39m","size":0,"timestamp":"2026-08-07 16:02:51"}
{"level":"info","message":" Incoming Request \u001b[34mPOST\u001b[39m \u001b[32m200\u001b[39m \u001b[35m/api/v1/subscription/trial-config\u001b[39m \u001b[93m5 ms\u001b[39m","size":"333","timestamp":"2026-08-07 16:02:53"}
{"level":"info","message":" Incoming Request \u001b[32mGET\u001b[39m \u001b[32m200\u001b[39m \u001b[35m/api/v1/subscription/trial-config\u001b[39m \u001b[93m6 ms\u001b[39m","size":"335","timestamp":"2026-08-07 16:02:53"}
{"level":"info","message":" Incoming Request \u001b[32mGET\u001b[39m \u001b[34m304\u001b[39m \u001b[35m/api/v1/subscription\u001b[39m \u001b[93m5 ms\u001b[39m","size":0,"timestamp":"2026-08-07 16:02:53"}
{"level":"info","message":" Incoming Request \u001b[34mPOST\u001b[39m \u001b[32m200\u001b[39m \u001b[35m/api/v1/subscription/trial-config\u001b[39m \u001b[93m6 ms\u001b[39m","size":"332","timestamp":"2026-08-07 16:03:04"}
{"level":"info","message":" Incoming Request \u001b[32mGET\u001b[39m \u001b[32m200\u001b[39m \u001b[35m/api/v1/subscription/trial-config\u001b[39m \u001b[93m3 ms\u001b[39m","size":"334","timestamp":"2026-08-07 16:03:04"}
{"level":"info","message":" Incoming Request \u001b[32mGET\u001b[39m \u001b[34m304\u001b[39m \u001b[35m/api/v1/subscription\u001b[39m \u001b[93m4 ms\u001b[39m","size":0,"timestamp":"2026-08-07 16:03:04"}
{"level":"info","message":" Incoming Request \u001b[32mGET\u001b[39m \u001b[34m304\u001b[39m \u001b[35m/api/v1/user/my-profile\u001b[39m \u001b[93m18 ms\u001b[39m","size":0,"timestamp":"2026-08-07 16:08:42"}
{"level":"info","message":" Incoming Request \u001b[32mGET\u001b[39m \u001b[32m200\u001b[39m \u001b[35m/api/v1/coupon\u001b[39m \u001b[93m18 ms\u001b[39m","size":"86","timestamp":"2026-08-07 16:08:53"}
{"level":"info","message":" Incoming Request \u001b[32mGET\u001b[39m \u001b[34m304\u001b[39m \u001b[35m/api/v1/coupon\u001b[39m \u001b[93m9 ms\u001b[39m","size":0,"timestamp":"2026-08-07 16:09:00"}
{"level":"info","message":" Incoming Request \u001b[32mGET\u001b[39m \u001b[34m304\u001b[39m \u001b[35m/api/v1/user/my-profile\u001b[39m \u001b[93m23 ms\u001b[39m","size":0,"timestamp":"2026-08-07 16:09:00"}
{"level":"info","message":" Incoming Request \u001b[32mGET\u001b[39m \u001b[34m304\u001b[39m \u001b[35m/api/v1/subscription\u001b[39m \u001b[93m7 ms\u001b[39m","size":0,"timestamp":"2026-08-07 16:09:05"}
{"level":"info","message":" Incoming Request \u001b[32mGET\u001b[39m \u001b[34m304\u001b[39m \u001b[35m/api/v1/subscription/trial-config\u001b[39m \u001b[93m11 ms\u001b[39m","size":0,"timestamp":"2026-08-07 16:09:05"}
{"level":"info","message":" Incoming Request \u001b[32mGET\u001b[39m \u001b[34m304\u001b[39m \u001b[35m/api/v1/user/all-user\u001b[39m \u001b[93m35 ms\u001b[39m","size":0,"timestamp":"2026-08-07 16:09:05"}
{"level":"info","message":" Incoming Request \u001b[34mPOST\u001b[39m \u001b[32m200\u001b[39m \u001b[35m/api/v1/user/login\u001b[39m \u001b[93m217 ms\u001b[39m","size":"1054","timestamp":"2026-08-07 16:09:42"}
{"level":"info","message":" Incoming Request \u001b[32mGET\u001b[39m \u001b[34m304\u001b[39m \u001b[35m/api/v1/user/my-profile\u001b[39m \u001b[93m71 ms\u001b[39m","size":0,"timestamp":"2026-08-07 16:11:34"}
{"level":"info","message":" Incoming Request \u001b[32mGET\u001b[39m \u001b[32m200\u001b[39m \u001b[35m/api/v1/coupon\u001b[39m \u001b[93m109 ms\u001b[39m","size":"1204","timestamp":"2026-08-07 16:11:34"}
{"level":"info","message":" Incoming Request \u001b[32mGET\u001b[39m \u001b[34m304\u001b[39m \u001b[35m/api/v1/coupon\u001b[39m \u001b[93m28 ms\u001b[39m","size":0,"timestamp":"2026-08-07 16:11:37"}
{"level":"info","message":" Incoming Request \u001b[32mGET\u001b[39m \u001b[34m304\u001b[39m \u001b[35m/api/v1/user/my-profile\u001b[39m \u001b[93m26 ms\u001b[39m","size":0,"timestamp":"2026-08-07 16:11:37"}
{"level":"info","message":" Incoming Request \u001b[32mGET\u001b[39m \u001b[34m304\u001b[39m \u001b[35m/api/v1/coupon\u001b[39m \u001b[93m9 ms\u001b[39m","size":0,"timestamp":"2026-08-07 16:11:38"}
{"level":"info","message":" Incoming Request \u001b[32mGET\u001b[39m \u001b[34m304\u001b[39m \u001b[35m/api/v1/user/my-profile\u001b[39m \u001b[93m13 ms\u001b[39m","size":0,"timestamp":"2026-08-07 16:11:38"}
{"level":"info","message":" Incoming Request \u001b[33mPATCH\u001b[39m \u001b[32m200\u001b[39m \u001b[35m/api/v1/coupon/6a75af5601fc076672311bde\u001b[39m \u001b[93m14 ms\u001b[39m","size":"359","timestamp":"2026-08-07 16:11:56"}
{"level":"info","message":" Incoming Request \u001b[32mGET\u001b[39m \u001b[32m200\u001b[39m \u001b[35m/api/v1/coupon\u001b[39m \u001b[93m9 ms\u001b[39m","size":"1201","timestamp":"2026-08-07 16:11:56"}
{"level":"info","message":" Incoming Request \u001b[31mDELETE\u001b[39m \u001b[32m200\u001b[39m \u001b[35m/api/v1/coupon/6a75af5601fc076672311bde\u001b[39m \u001b[93m13 ms\u001b[39m","size":"359","timestamp":"2026-08-07 16:12:00"}
{"level":"info","message":" Incoming Request \u001b[32mGET\u001b[39m \u001b[32m200\u001b[39m \u001b[35m/api/v1/coupon\u001b[39m \u001b[93m11 ms\u001b[39m","size":"922","timestamp":"2026-08-07 16:12:00"}
{"level":"info","message":" Incoming Request \u001b[31mDELETE\u001b[39m \u001b[32m200\u001b[39m \u001b[35m/api/v1/coupon/6a75af5601fc076672311bdf\u001b[39m \u001b[93m3 ms\u001b[39m","size":"359","timestamp":"2026-08-07 16:12:02"}
{"level":"info","message":" Incoming Request \u001b[32mGET\u001b[39m \u001b[32m200\u001b[39m \u001b[35m/api/v1/coupon\u001b[39m \u001b[93m7 ms\u001b[39m","size":"643","timestamp":"2026-08-07 16:12:02"}
{"level":"info","message":" Incoming Request \u001b[31mDELETE\u001b[39m \u001b[32m200\u001b[39m \u001b[35m/api/v1/coupon/6a75af5601fc076672311bdd\u001b[39m \u001b[93m4 ms\u001b[39m","size":"359","timestamp":"2026-08-07 16:12:04"}
{"level":"info","message":" Incoming Request \u001b[32mGET\u001b[39m \u001b[32m200\u001b[39m \u001b[35m/api/v1/coupon\u001b[39m \u001b[93m12 ms\u001b[39m","size":"364","timestamp":"2026-08-07 16:12:04"}
{"level":"info","message":" Incoming Request \u001b[33mPATCH\u001b[39m \u001b[32m200\u001b[39m \u001b[35m/api/v1/coupon/6a75af5601fc076672311be0\u001b[39m \u001b[93m6 ms\u001b[39m","size":"361","timestamp":"2026-08-07 16:12:15"}
{"level":"info","message":" Incoming Request \u001b[32mGET\u001b[39m \u001b[32m200\u001b[39m \u001b[35m/api/v1/coupon\u001b[39m \u001b[93m8 ms\u001b[39m","size":"366","timestamp":"2026-08-07 16:12:15"}
{"level":"info","message":" Incoming Request \u001b[32mGET\u001b[39m \u001b[32m200\u001b[39m \u001b[35m/api/v1/coupon\u001b[39m \u001b[93m5 ms\u001b[39m","size":"365","timestamp":"2026-08-07 16:13:14"}
{"level":"info","message":" Incoming Request \u001b[34mPOST\u001b[39m \u001b[31m404\u001b[39m \u001b[35m/api/v1/user/login\u001b[39m \u001b[93m6 ms\u001b[39m","size":"158","timestamp":"2026-08-07 16:28:50"}
{"level":"info","message":" Incoming Request \u001b[34mPOST\u001b[39m \u001b[31m400\u001b[39m \u001b[35m/api/v1/user/register\u001b[39m \u001b[93m2 ms\u001b[39m","size":"168","timestamp":"2026-08-07 16:29:02"}
{"level":"info","message":" Incoming Request \u001b[34mPOST\u001b[39m \u001b[33m500\u001b[39m \u001b[35m/api/v1/user/register\u001b[39m \u001b[93m215 ms\u001b[39m","size":"216","timestamp":"2026-08-07 16:29:58"}
{"level":"info","message":" Incoming Request \u001b[34mPOST\u001b[39m \u001b[32m200\u001b[39m \u001b[35m/api/v1/user/register\u001b[39m \u001b[93m4043 ms\u001b[39m","size":"250","timestamp":"2026-08-07 16:33:33"}
{"level":"info","message":" Incoming Request \u001b[34mPOST\u001b[39m \u001b[32m200\u001b[39m \u001b[35m/api/v1/user/login\u001b[39m \u001b[93m217 ms\u001b[39m","size":"977","timestamp":"2026-08-07 16:33:59"}
{"level":"info","message":" Incoming Request \u001b[34mPOST\u001b[39m \u001b[32m200\u001b[39m \u001b[35m/api/v1/user/register\u001b[39m \u001b[93m2831 ms\u001b[39m","size":"250","timestamp":"2026-08-07 16:34:32"}
{"level":"info","message":" Incoming Request \u001b[34mPOST\u001b[39m \u001b[31m403\u001b[39m \u001b[35m/api/v1/user/login\u001b[39m \u001b[93m9 ms\u001b[39m","size":"254","timestamp":"2026-08-07 16:39:31"}
{"level":"info","message":" Incoming Request \u001b[34mPOST\u001b[39m \u001b[31m400\u001b[39m \u001b[35m/api/v1/user/verify-otp\u001b[39m \u001b[93m5 ms\u001b[39m","size":"146","timestamp":"2026-08-07 16:40:09"}
{"level":"info","message":" Incoming Request \u001b[34mPOST\u001b[39m \u001b[32m200\u001b[39m \u001b[35m/api/v1/user/register\u001b[39m \u001b[93m3128 ms\u001b[39m","size":"250","timestamp":"2026-08-07 16:41:23"}
{"level":"info","message":" Incoming Request \u001b[34mPOST\u001b[39m \u001b[32m201\u001b[39m \u001b[35m/api/v1/user/verify-otp\u001b[39m \u001b[93m10 ms\u001b[39m","size":"137","timestamp":"2026-08-07 16:41:36"}
{"level":"info","message":" Incoming Request \u001b[34mPOST\u001b[39m \u001b[32m200\u001b[39m \u001b[35m/api/v1/user/login\u001b[39m \u001b[93m212 ms\u001b[39m","size":"634","timestamp":"2026-08-07 16:41:39"}
{"level":"info","message":" Incoming Request \u001b[34mPOST\u001b[39m \u001b[32m200\u001b[39m \u001b[35m/api/v1/user/forgot-password\u001b[39m \u001b[93m2769 ms\u001b[39m","size":"288","timestamp":"2026-08-07 16:42:04"}
{"level":"info","message":" Incoming Request \u001b[34mPOST\u001b[39m \u001b[31m400\u001b[39m \u001b[35m/api/v1/user/verify-forgot-otp\u001b[39m \u001b[93m1 ms\u001b[39m","size":"128","timestamp":"2026-08-07 16:42:25"}
{"level":"info","message":" Incoming Request \u001b[34mPOST\u001b[39m \u001b[32m200\u001b[39m \u001b[35m/api/v1/user/forgot-password\u001b[39m \u001b[93m2853 ms\u001b[39m","size":"288","timestamp":"2026-08-07 16:42:46"}
{"level":"info","message":" Incoming Request \u001b[34mPOST\u001b[39m \u001b[33m500\u001b[39m \u001b[35m/api/v1/user/verify-forgot-otp\u001b[39m \u001b[93m1 ms\u001b[39m","size":"128","timestamp":"2026-08-07 16:43:12"}
{"level":"info","message":" Incoming Request \u001b[34mPOST\u001b[39m \u001b[32m200\u001b[39m \u001b[35m/api/v1/user/forgot-password\u001b[39m \u001b[93m2784 ms\u001b[39m","size":"288","timestamp":"2026-08-07 16:43:29"}
{"level":"info","message":" Incoming Request \u001b[34mPOST\u001b[39m \u001b[33m500\u001b[39m \u001b[35m/api/v1/user/verify-forgot-otp\u001b[39m \u001b[93m1 ms\u001b[39m","size":"128","timestamp":"2026-08-07 16:43:41"}
{"level":"info","message":" Incoming Request \u001b[34mPOST\u001b[39m \u001b[32m200\u001b[39m \u001b[35m/api/v1/user/verify-forgot-otp\u001b[39m \u001b[93m3 ms\u001b[39m","size":"293","timestamp":"2026-08-07 16:43:58"}
