{"level":"info","message":" Incoming Request \u001b[32mGET\u001b[39m \u001b[32m200\u001b[39m \u001b[35m/api/v1/subscription\u001b[39m \u001b[93m82 ms\u001b[39m","size":"2511","timestamp":"2026-08-12 08:22:06"}
{"level":"info","message":" Incoming Request \u001b[32mGET\u001b[39m \u001b[34m304\u001b[39m \u001b[35m/api/v1/signal/types\u001b[39m \u001b[93m85 ms\u001b[39m","size":0,"timestamp":"2026-08-12 08:22:06"}
{"level":"info","message":" Incoming Request \u001b[33mPATCH\u001b[39m \u001b[32m200\u001b[39m \u001b[35m/api/v1/subscription/6a7aeab26f6e00665f6efbeb\u001b[39m \u001b[93m30 ms\u001b[39m","size":"870","timestamp":"2026-08-12 08:22:14"}
{"level":"info","message":" Incoming Request \u001b[32mGET\u001b[39m \u001b[32m200\u001b[39m \u001b[35m/api/v1/subscription\u001b[39m \u001b[93m9 ms\u001b[39m","size":"2541","timestamp":"2026-08-12 08:22:14"}
{"level":"info","message":" Incoming Request \u001b[32mGET\u001b[39m \u001b[32m200\u001b[39m \u001b[35m/api/v1/subscription?includeDisabled=true\u001b[39m \u001b[93m8 ms\u001b[39m","size":"2541","timestamp":"2026-08-12 08:22:14"}
{"level":"info","message":" Incoming Request \u001b[32mGET\u001b[39m \u001b[34m304\u001b[39m \u001b[35m/api/v1/subscription/trial-config\u001b[39m \u001b[93m26 ms\u001b[39m","size":0,"timestamp":"2026-08-12 08:22:14"}
{"level":"info","message":" Incoming Request \u001b[32mGET\u001b[39m \u001b[34m304\u001b[39m \u001b[35m/api/v1/coupon\u001b[39m \u001b[93m6 ms\u001b[39m","size":0,"timestamp":"2026-08-12 08:24:51"}
{"level":"info","message":" Incoming Request \u001b[34mPOST\u001b[39m \u001b[32m201\u001b[39m \u001b[35m/api/v1/coupon/create\u001b[39m \u001b[93m46 ms\u001b[39m","size":"397","timestamp":"2026-08-12 08:26:00"}
{"level":"info","message":" Incoming Request \u001b[32mGET\u001b[39m \u001b[32m200\u001b[39m \u001b[35m/api/v1/coupon\u001b[39m \u001b[93m9 ms\u001b[39m","size":"402","timestamp":"2026-08-12 08:26:00"}
{"level":"info","message":" Incoming Request \u001b[33mPATCH\u001b[39m \u001b[32m200\u001b[39m \u001b[35m/api/v1/coupon/6a7bd9b870b90eae4fd0a5c5\u001b[39m \u001b[93m8 ms\u001b[39m","size":"399","timestamp":"2026-08-12 08:26:09"}
{"level":"info","message":" Incoming Request \u001b[32mGET\u001b[39m \u001b[32m200\u001b[39m \u001b[35m/api/v1/coupon\u001b[39m \u001b[93m6 ms\u001b[39m","size":"404","timestamp":"2026-08-12 08:26:10"}
{"level":"info","message":" Incoming Request \u001b[33mPATCH\u001b[39m \u001b[32m200\u001b[39m \u001b[35m/api/v1/coupon/6a7bd9b870b90eae4fd0a5c5\u001b[39m \u001b[93m6 ms\u001b[39m","size":"399","timestamp":"2026-08-12 08:26:12"}
{"level":"info","message":" Incoming Request \u001b[32mGET\u001b[39m \u001b[32m200\u001b[39m \u001b[35m/api/v1/coupon\u001b[39m \u001b[93m10 ms\u001b[39m","size":"404","timestamp":"2026-08-12 08:26:12"}
{"level":"info","message":" Incoming Request \u001b[33mPATCH\u001b[39m \u001b[32m200\u001b[39m \u001b[35m/api/v1/coupon/6a7bd9b870b90eae4fd0a5c5\u001b[39m \u001b[93m12 ms\u001b[39m","size":"397","timestamp":"2026-08-12 08:26:20"}
{"level":"info","message":" Incoming Request \u001b[32mGET\u001b[39m \u001b[32m200\u001b[39m \u001b[35m/api/v1/coupon\u001b[39m \u001b[93m5 ms\u001b[39m","size":"402","timestamp":"2026-08-12 08:26:20"}
{"level":"info","message":" Incoming Request \u001b[33mPATCH\u001b[39m \u001b[32m200\u001b[39m \u001b[35m/api/v1/coupon/6a7bd9b870b90eae4fd0a5c5\u001b[39m \u001b[93m6 ms\u001b[39m","size":"396","timestamp":"2026-08-12 08:26:34"}
{"level":"info","message":" Incoming Request \u001b[32mGET\u001b[39m \u001b[32m200\u001b[39m \u001b[35m/api/v1/coupon\u001b[39m \u001b[93m8 ms\u001b[39m","size":"401","timestamp":"2026-08-12 08:26:34"}
{"level":"info","message":" Incoming Request \u001b[32mGET\u001b[39m \u001b[31m401\u001b[39m \u001b[35m/api/v1/user/my-profile\u001b[39m \u001b[93m30220 ms\u001b[39m","size":"130","timestamp":"2026-08-12 12:53:54"}
{"level":"info","message":" Incoming Request \u001b[32mGET\u001b[39m \u001b[31m401\u001b[39m \u001b[35m/api/v1/user/my-profile\u001b[39m \u001b[93m30010 ms\u001b[39m","size":"130","timestamp":"2026-08-12 12:54:17"}
{"level":"info","message":" Incoming Request \u001b[32mGET\u001b[39m \u001b[31m401\u001b[39m \u001b[35m/api/v1/notification/audience-stats\u001b[39m \u001b[93m30009 ms\u001b[39m","size":"130","timestamp":"2026-08-12 12:54:19"}
{"level":"info","message":" Incoming Request \u001b[32mGET\u001b[39m \u001b[31m401\u001b[39m \u001b[35m/api/v1/signal/types\u001b[39m \u001b[93m30009 ms\u001b[39m","size":"130","timestamp":"2026-08-12 12:54:19"}
{"level":"info","message":" Incoming Request \u001b[32mGET\u001b[39m \u001b[31m401\u001b[39m \u001b[35m/api/v1/dashboard/stats?range=6M\u001b[39m \u001b[93m30008 ms\u001b[39m","size":"130","timestamp":"2026-08-12 12:54:19"}
{"level":"info","message":" Incoming Request \u001b[32mGET\u001b[39m \u001b[31m401\u001b[39m \u001b[35m/api/v1/notification\u001b[39m \u001b[93m30006 ms\u001b[39m","size":"130","timestamp":"2026-08-12 12:54:22"}
{"level":"info","message":" Incoming Request \u001b[32mGET\u001b[39m \u001b[31m401\u001b[39m \u001b[35m/api/v1/post\u001b[39m \u001b[93m30010 ms\u001b[39m","size":"130","timestamp":"2026-08-12 12:54:23"}
{"level":"info","message":" Incoming Request \u001b[32mGET\u001b[39m \u001b[31m401\u001b[39m \u001b[35m/api/v1/signal\u001b[39m \u001b[93m30015 ms\u001b[39m","size":"130","timestamp":"2026-08-12 12:54:24"}
{"level":"info","message":" Incoming Request \u001b[34mPOST\u001b[39m \u001b[33m500\u001b[39m \u001b[35m/api/v1/user/login\u001b[39m \u001b[93m30007 ms\u001b[39m","size":"174","timestamp":"2026-08-12 14:10:08"}
{"level":"info","message":" Incoming Request \u001b[34mPOST\u001b[39m \u001b[32m200\u001b[39m \u001b[35m/api/v1/user/login\u001b[39m \u001b[93m233 ms\u001b[39m","size":"694","timestamp":"2026-08-12 14:24:15"}
{"level":"info","message":" Incoming Request \u001b[32mGET\u001b[39m \u001b[32m200\u001b[39m \u001b[35m/api/v1/signal\u001b[39m \u001b[93m11 ms\u001b[39m","size":"86","timestamp":"2026-08-12 14:24:15"}
{"level":"info","message":" Incoming Request \u001b[32mGET\u001b[39m \u001b[32m200\u001b[39m \u001b[35m/api/v1/user/my-profile\u001b[39m \u001b[93m10 ms\u001b[39m","size":"474","timestamp":"2026-08-12 14:24:15"}
{"level":"info","message":" Incoming Request \u001b[32mGET\u001b[39m \u001b[32m200\u001b[39m \u001b[35m/api/v1/signal/types\u001b[39m \u001b[93m10 ms\u001b[39m","size":"860","timestamp":"2026-08-12 14:24:15"}
{"level":"info","message":" Incoming Request \u001b[32mGET\u001b[39m \u001b[32m200\u001b[39m \u001b[35m/api/v1/subscription?includeDisabled=true\u001b[39m \u001b[93m10 ms\u001b[39m","size":"2511","timestamp":"2026-08-12 14:24:21"}
{"level":"info","message":" Incoming Request \u001b[32mGET\u001b[39m \u001b[32m200\u001b[39m \u001b[35m/api/v1/subscription/trial-config\u001b[39m \u001b[93m28 ms\u001b[39m","size":"434","timestamp":"2026-08-12 14:24:21"}
{"level":"info","message":" Incoming Request \u001b[32mGET\u001b[39m \u001b[31m401\u001b[39m \u001b[35m/api/v1/user/all-user?page=1&limit=10\u001b[39m \u001b[93m27 ms\u001b[39m","size":"164","timestamp":"2026-08-12 14:29:59"}
{"level":"info","message":" Incoming Request \u001b[34mPOST\u001b[39m \u001b[32m200\u001b[39m \u001b[35m/api/v1/user/login\u001b[39m \u001b[93m230 ms\u001b[39m","size":"694","timestamp":"2026-08-12 14:30:33"}
{"level":"info","message":" Incoming Request \u001b[32mGET\u001b[39m \u001b[32m200\u001b[39m \u001b[35m/api/v1/user/all-user?page=1&limit=10\u001b[39m \u001b[93m28 ms\u001b[39m","size":"3736","timestamp":"2026-08-12 14:30:33"}
{"level":"info","message":" Incoming Request \u001b[32mGET\u001b[39m \u001b[32m200\u001b[39m \u001b[35m/api/v1/subscription?includeDisabled=true\u001b[39m \u001b[93m11 ms\u001b[39m","size":"2511","timestamp":"2026-08-12 14:31:15"}
{"level":"info","message":" Incoming Request \u001b[32mGET\u001b[39m \u001b[32m200\u001b[39m \u001b[35m/api/v1/subscription/trial-config\u001b[39m \u001b[93m14 ms\u001b[39m","size":"434","timestamp":"2026-08-12 14:31:15"}
{"level":"info","message":" Incoming Request \u001b[32mGET\u001b[39m \u001b[32m200\u001b[39m \u001b[35m/api/v1/signal\u001b[39m \u001b[93m70 ms\u001b[39m","size":"2798","timestamp":"2026-08-12 14:31:18"}
{"level":"info","message":" Incoming Request \u001b[32mGET\u001b[39m \u001b[32m200\u001b[39m \u001b[35m/api/v1/signal/types\u001b[39m \u001b[93m70 ms\u001b[39m","size":"860","timestamp":"2026-08-12 14:31:18"}
{"level":"info","message":" Incoming Request \u001b[32mGET\u001b[39m \u001b[32m200\u001b[39m \u001b[35m/api/v1/coupon\u001b[39m \u001b[93m8 ms\u001b[39m","size":"1731","timestamp":"2026-08-12 14:31:29"}
{"level":"info","message":" Incoming Request \u001b[34mPOST\u001b[39m \u001b[32m200\u001b[39m \u001b[35m/api/v1/user/login\u001b[39m \u001b[93m215 ms\u001b[39m","size":"830","timestamp":"2026-08-12 14:33:17"}
{"level":"info","message":" Incoming Request \u001b[32mGET\u001b[39m \u001b[32m200\u001b[39m \u001b[35m/api/v1/subscription/user/current\u001b[39m \u001b[93m15 ms\u001b[39m","size":"2290","timestamp":"2026-08-12 14:33:33"}
{"level":"info","message":" Incoming Request \u001b[32mGET\u001b[39m \u001b[32m200\u001b[39m \u001b[35m/api/v1/subscription/user/current\u001b[39m \u001b[93m22 ms\u001b[39m","size":"2290","timestamp":"2026-08-12 14:34:45"}
{"level":"info","message":" Incoming Request \u001b[32mGET\u001b[39m \u001b[32m200\u001b[39m \u001b[35m/api/v1/coupon\u001b[39m \u001b[93m17 ms\u001b[39m","size":"1731","timestamp":"2026-08-12 14:36:06"}
{"level":"info","message":" Incoming Request \u001b[32mGET\u001b[39m \u001b[31m401\u001b[39m \u001b[35m/api/v1/user/my-profile\u001b[39m \u001b[93m19 ms\u001b[39m","size":"164","timestamp":"2026-08-12 14:36:06"}
{"level":"info","message":" Incoming Request \u001b[34mPOST\u001b[39m \u001b[32m200\u001b[39m \u001b[35m/api/v1/user/login\u001b[39m \u001b[93m216 ms\u001b[39m","size":"694","timestamp":"2026-08-12 14:36:19"}
{"level":"info","message":" Incoming Request \u001b[32mGET\u001b[39m \u001b[32m200\u001b[39m \u001b[35m/api/v1/user/my-profile\u001b[39m \u001b[93m6 ms\u001b[39m","size":"474","timestamp":"2026-08-12 14:36:19"}
{"level":"info","message":" Incoming Request \u001b[34mPOST\u001b[39m \u001b[32m200\u001b[39m \u001b[35m/api/v1/user/login\u001b[39m \u001b[93m225 ms\u001b[39m","size":"694","timestamp":"2026-08-12 14:36:35"}
{"level":"info","message":" Incoming Request \u001b[32mGET\u001b[39m \u001b[32m200\u001b[39m \u001b[35m/api/v1/user/all-user?page=1&limit=10\u001b[39m \u001b[93m17 ms\u001b[39m","size":"2917","timestamp":"2026-08-12 14:36:39"}
{"level":"info","message":" Incoming Request \u001b[32mGET\u001b[39m \u001b[31m401\u001b[39m \u001b[35m/api/v1/subscription/user/current\u001b[39m \u001b[93m5 ms\u001b[39m","size":"164","timestamp":"2026-08-12 14:36:48"}
{"level":"info","message":" Incoming Request \u001b[34mPOST\u001b[39m \u001b[32m200\u001b[39m \u001b[35m/api/v1/user/login\u001b[39m \u001b[93m213 ms\u001b[39m","size":"713","timestamp":"2026-08-12 14:36:53"}
{"level":"info","message":" Incoming Request \u001b[32mGET\u001b[39m \u001b[32m200\u001b[39m \u001b[35m/api/v1/subscription/user/current\u001b[39m \u001b[93m6 ms\u001b[39m","size":"80","timestamp":"2026-08-12 14:37:00"}
{"level":"info","message":" Incoming Request \u001b[32mGET\u001b[39m \u001b[32m200\u001b[39m \u001b[35m/api/v1/signal/app\u001b[39m \u001b[93m27 ms\u001b[39m","size":"2263","timestamp":"2026-08-12 14:37:08"}
{"level":"info","message":" Incoming Request \u001b[32mGET\u001b[39m \u001b[32m200\u001b[39m \u001b[35m/api/v1/subscription/user/trial-status\u001b[39m \u001b[93m16 ms\u001b[39m","size":"141","timestamp":"2026-08-12 14:41:48"}
{"level":"info","message":" Incoming Request \u001b[32mGET\u001b[39m \u001b[32m200\u001b[39m \u001b[35m/api/v1/subscription\u001b[39m \u001b[93m5 ms\u001b[39m","size":"2511","timestamp":"2026-08-12 14:41:53"}
{"level":"info","message":" Incoming Request \u001b[32mGET\u001b[39m \u001b[31m401\u001b[39m \u001b[35m/api/v1/post/app?page=1&limit=10\u001b[39m \u001b[93m7 ms\u001b[39m","size":"174","timestamp":"2026-08-12 15:07:54"}
{"level":"info","message":" Incoming Request \u001b[34mPOST\u001b[39m \u001b[32m200\u001b[39m \u001b[35m/api/v1/user/login\u001b[39m \u001b[93m279 ms\u001b[39m","size":"764","timestamp":"2026-08-12 15:08:01"}
{"level":"info","message":" Incoming Request \u001b[32mGET\u001b[39m \u001b[31m403\u001b[39m \u001b[35m/api/v1/post/app?page=1&limit=10\u001b[39m \u001b[93m11 ms\u001b[39m","size":"214","timestamp":"2026-08-12 15:08:08"}
{"level":"info","message":" Incoming Request \u001b[32mGET\u001b[39m \u001b[31m403\u001b[39m \u001b[35m/api/v1/post/app?category=Education&limit=10\u001b[39m \u001b[93m6 ms\u001b[39m","size":"214","timestamp":"2026-08-12 15:08:37"}
{"level":"info","message":"Root endpoint hit","timestamp":"2026-08-12 15:12:08"}
{"level":"info","message":" Incoming Request \u001b[31mHEAD\u001b[39m \u001b[32m200\u001b[39m \u001b[35m/\u001b[39m \u001b[93m4 ms\u001b[39m","size":"109","timestamp":"2026-08-12 15:12:08"}
{"level":"info","message":"Root endpoint hit","timestamp":"2026-08-12 15:12:09"}
{"level":"info","message":" Incoming Request \u001b[31mHEAD\u001b[39m \u001b[32m200\u001b[39m \u001b[35m/\u001b[39m \u001b[93m1 ms\u001b[39m","size":"109","timestamp":"2026-08-12 15:12:09"}
{"level":"info","message":" Incoming Request \u001b[34mPOST\u001b[39m \u001b[32m200\u001b[39m \u001b[35m/api/v1/user/login\u001b[39m \u001b[93m216 ms\u001b[39m","size":"764","timestamp":"2026-08-12 15:12:37"}
{"level":"info","message":" Incoming Request \u001b[32mGET\u001b[39m \u001b[32m200\u001b[39m \u001b[35m/api/v1/subscription\u001b[39m \u001b[93m6 ms\u001b[39m","size":"2511","timestamp":"2026-08-12 15:12:42"}
{"level":"info","message":" Incoming Request \u001b[32mGET\u001b[39m \u001b[32m200\u001b[39m \u001b[35m/api/v1/subscription/6a7c3066bc87b11b6f73277c\u001b[39m \u001b[93m4 ms\u001b[39m","size":"837","timestamp":"2026-08-12 15:13:05"}
{"level":"info","message":" Incoming Request \u001b[34mPOST\u001b[39m \u001b[31m400\u001b[39m \u001b[35m/api/v1/subscription/purchase/initiate\u001b[39m \u001b[93m24 ms\u001b[39m","size":"224","timestamp":"2026-08-12 15:13:17"}
{"level":"info","message":" Incoming Request \u001b[34mPOST\u001b[39m \u001b[31m400\u001b[39m \u001b[35m/api/v1/subscription/purchase/initiate\u001b[39m \u001b[93m22 ms\u001b[39m","size":"224","timestamp":"2026-08-12 15:17:00"}
{"level":"info","message":" Incoming Request \u001b[34mPOST\u001b[39m \u001b[32m201\u001b[39m \u001b[35m/api/v1/subscription/purchase/initiate\u001b[39m \u001b[93m163 ms\u001b[39m","size":"1502","timestamp":"2026-08-12 15:19:29"}
{"level":"info","message":" Incoming Request \u001b[32mGET\u001b[39m \u001b[32m200\u001b[39m \u001b[35m/api/v1/post/app?page=1&limit=10\u001b[39m \u001b[93m192 ms\u001b[39m","size":"5158","timestamp":"2026-08-12 15:19:39"}
{"level":"info","message":" Incoming Request \u001b[32mGET\u001b[39m \u001b[32m200\u001b[39m \u001b[35m/api/v1/post/app?category=Education&limit=10\u001b[39m \u001b[93m14 ms\u001b[39m","size":"2116","timestamp":"2026-08-12 15:19:58"}
{"level":"info","message":" Incoming Request \u001b[32mGET\u001b[39m \u001b[32m200\u001b[39m \u001b[35m/api/v1/post/app/6a7c3a6709a520dd16d792ee\u001b[39m \u001b[93m14 ms\u001b[39m","size":"1257","timestamp":"2026-08-12 15:20:11"}
{"level":"info","message":" Incoming Request \u001b[34mPOST\u001b[39m \u001b[32m200\u001b[39m \u001b[35m/api/v1/post/app/6a7c3a6709a520dd16d792ee/like\u001b[39m \u001b[93m17 ms\u001b[39m","size":"133","timestamp":"2026-08-12 15:20:29"}
{"level":"info","message":" Incoming Request \u001b[34mPOST\u001b[39m \u001b[32m200\u001b[39m \u001b[35m/api/v1/post/app/6a7c3a6709a520dd16d792ee/like\u001b[39m \u001b[93m16 ms\u001b[39m","size":"133","timestamp":"2026-08-12 15:20:32"}
{"level":"info","message":" Incoming Request \u001b[32mGET\u001b[39m \u001b[32m200\u001b[39m \u001b[35m/api/v1/post/app/6a7c3a6709a520dd16d792ee\u001b[39m \u001b[93m10 ms\u001b[39m","size":"1256","timestamp":"2026-08-12 15:20:49"}
{"level":"info","message":" Incoming Request \u001b[32mGET\u001b[39m \u001b[32m200\u001b[39m \u001b[35m/api/v1/post/app/6a7c3a6709a520dd16d792ee\u001b[39m \u001b[93m19 ms\u001b[39m","size":"1256","timestamp":"2026-08-12 15:20:50"}
{"level":"info","message":" Incoming Request \u001b[34mPOST\u001b[39m \u001b[32m200\u001b[39m \u001b[35m/api/v1/post/app/6a7c3a6709a520dd16d792ee/like\u001b[39m \u001b[93m9 ms\u001b[39m","size":"133","timestamp":"2026-08-12 15:20:55"}
{"level":"info","message":" Incoming Request \u001b[34mPOST\u001b[39m \u001b[32m200\u001b[39m \u001b[35m/api/v1/post/app/6a7c3a6709a520dd16d792ee/like\u001b[39m \u001b[93m11 ms\u001b[39m","size":"133","timestamp":"2026-08-12 15:20:56"}
{"level":"info","message":" Incoming Request \u001b[32mGET\u001b[39m \u001b[32m200\u001b[39m \u001b[35m/api/v1/post/app/6a7c3a6709a520dd16d792ee\u001b[39m \u001b[93m9 ms\u001b[39m","size":"1256","timestamp":"2026-08-12 15:21:04"}
{"level":"info","message":" Incoming Request \u001b[32mGET\u001b[39m \u001b[32m200\u001b[39m \u001b[35m/api/v1/post/app/6a7c3a6709a520dd16d792ee/comments?page=1&limit=20\u001b[39m \u001b[93m12 ms\u001b[39m","size":"442","timestamp":"2026-08-12 15:21:18"}
{"level":"info","message":" Incoming Request \u001b[32mGET\u001b[39m \u001b[31m401\u001b[39m \u001b[35m/api/v1/notification/app?page=1&limit=20\u001b[39m \u001b[93m4 ms\u001b[39m","size":"174","timestamp":"2026-08-12 16:27:24"}
{"level":"info","message":" Incoming Request \u001b[32mGET\u001b[39m \u001b[34m304\u001b[39m \u001b[35m/api/v1/user/my-profile\u001b[39m \u001b[93m81 ms\u001b[39m","size":0,"timestamp":"2026-08-12 16:36:18"}
{"level":"info","message":" Incoming Request \u001b[32mGET\u001b[39m \u001b[32m200\u001b[39m \u001b[35m/api/v1/signal/types\u001b[39m \u001b[93m84 ms\u001b[39m","size":"860","timestamp":"2026-08-12 16:36:18"}
{"level":"info","message":" Incoming Request \u001b[32mGET\u001b[39m \u001b[32m200\u001b[39m \u001b[35m/api/v1/notification/audience-stats\u001b[39m \u001b[93m89 ms\u001b[39m","size":"139","timestamp":"2026-08-12 16:36:18"}
{"level":"info","message":" Incoming Request \u001b[32mGET\u001b[39m \u001b[32m200\u001b[39m \u001b[35m/api/v1/dashboard/stats?range=6M\u001b[39m \u001b[93m153 ms\u001b[39m","size":"1806","timestamp":"2026-08-12 16:36:18"}
{"level":"info","message":" Incoming Request \u001b[32mGET\u001b[39m \u001b[32m200\u001b[39m \u001b[35m/api/v1/coupon\u001b[39m \u001b[93m5 ms\u001b[39m","size":"1731","timestamp":"2026-08-12 16:40:11"}
{"level":"info","message":" Incoming Request \u001b[32mGET\u001b[39m \u001b[32m200\u001b[39m \u001b[35m/api/v1/subscription?includeDisabled=true\u001b[39m \u001b[93m6 ms\u001b[39m","size":"2511","timestamp":"2026-08-12 16:40:11"}
{"level":"info","message":" Incoming Request \u001b[32mGET\u001b[39m \u001b[32m200\u001b[39m \u001b[35m/api/v1/subscription/trial-config\u001b[39m \u001b[93m13 ms\u001b[39m","size":"434","timestamp":"2026-08-12 16:40:11"}
{"level":"info","message":" Incoming Request \u001b[32mGET\u001b[39m \u001b[32m200\u001b[39m \u001b[35m/api/v1/signal\u001b[39m \u001b[93m10 ms\u001b[39m","size":"5463","timestamp":"2026-08-12 16:40:21"}
{"level":"info","message":" Incoming Request \u001b[34mPOST\u001b[39m \u001b[32m200\u001b[39m \u001b[35m/stripe/webhook\u001b[39m \u001b[93m2 ms\u001b[39m","size":"17","timestamp":"2026-08-12 16:40:35"}
