{"level":"info","message":" Incoming Request \u001b[34mPOST\u001b[39m \u001b[32m200\u001b[39m \u001b[35m/stripe/webhook\u001b[39m \u001b[93m99 ms\u001b[39m","size":"17","timestamp":"2026-08-16 16:45:56"}
{"level":"info","message":" Incoming Request \u001b[32mGET\u001b[39m \u001b[31m401\u001b[39m \u001b[35m/api/v1/dashboard/stats?range=6M\u001b[39m \u001b[93m47 ms\u001b[39m","size":"130","timestamp":"2026-08-16 18:36:48"}
{"level":"info","message":" Incoming Request \u001b[32mGET\u001b[39m \u001b[31m401\u001b[39m \u001b[35m/api/v1/signal/types\u001b[39m \u001b[93m13 ms\u001b[39m","size":"130","timestamp":"2026-08-16 18:36:49"}
{"level":"info","message":" Incoming Request \u001b[32mGET\u001b[39m \u001b[31m401\u001b[39m \u001b[35m/api/v1/notification/audience-stats\u001b[39m \u001b[93m4 ms\u001b[39m","size":"130","timestamp":"2026-08-16 18:36:49"}
{"level":"info","message":" Incoming Request \u001b[32mGET\u001b[39m \u001b[31m401\u001b[39m \u001b[35m/api/v1/user/my-profile\u001b[39m \u001b[93m9 ms\u001b[39m","size":"130","timestamp":"2026-08-16 18:36:49"}
{"level":"info","message":" Incoming Request \u001b[34mPOST\u001b[39m \u001b[32m200\u001b[39m \u001b[35m/api/v1/user/login\u001b[39m \u001b[93m403 ms\u001b[39m","size":"694","timestamp":"2026-08-16 18:41:26"}
{"level":"info","message":" Incoming Request \u001b[32mGET\u001b[39m \u001b[32m200\u001b[39m \u001b[35m/api/v1/user/my-profile\u001b[39m \u001b[93m84 ms\u001b[39m","size":"474","timestamp":"2026-08-16 18:41:27"}
{"level":"info","message":" Incoming Request \u001b[32mGET\u001b[39m \u001b[32m200\u001b[39m \u001b[35m/api/v1/signal/types\u001b[39m \u001b[93m96 ms\u001b[39m","size":"860","timestamp":"2026-08-16 18:41:27"}
{"level":"info","message":" Incoming Request \u001b[32mGET\u001b[39m \u001b[32m200\u001b[39m \u001b[35m/api/v1/notification/audience-stats\u001b[39m \u001b[93m99 ms\u001b[39m","size":"139","timestamp":"2026-08-16 18:41:27"}
{"level":"info","message":" Incoming Request \u001b[32mGET\u001b[39m \u001b[32m200\u001b[39m \u001b[35m/api/v1/dashboard/stats?range=6M\u001b[39m \u001b[93m295 ms\u001b[39m","size":"1816","timestamp":"2026-08-16 18:41:27"}
{"level":"info","message":" Incoming Request \u001b[32mGET\u001b[39m \u001b[32m200\u001b[39m \u001b[35m/api/v1/signal\u001b[39m \u001b[93m17 ms\u001b[39m","size":"5463","timestamp":"2026-08-16 18:41:39"}
{"level":"info","message":" Incoming Request \u001b[32mGET\u001b[39m \u001b[34m304\u001b[39m \u001b[35m/api/v1/signal\u001b[39m \u001b[93m27 ms\u001b[39m","size":0,"timestamp":"2026-08-16 18:48:57"}
{"level":"info","message":" Incoming Request \u001b[32mGET\u001b[39m \u001b[32m200\u001b[39m \u001b[35m/api/v1/post\u001b[39m \u001b[93m17 ms\u001b[39m","size":"2701","timestamp":"2026-08-16 18:49:03"}
{"level":"info","message":" Incoming Request \u001b[32mGET\u001b[39m \u001b[32m200\u001b[39m \u001b[35m/api/v1/notification\u001b[39m \u001b[93m19 ms\u001b[39m","size":"1796","timestamp":"2026-08-16 18:49:07"}
{"level":"info","message":" Incoming Request \u001b[32mGET\u001b[39m \u001b[34m304\u001b[39m \u001b[35m/api/v1/notification/audience-stats\u001b[39m \u001b[93m23 ms\u001b[39m","size":0,"timestamp":"2026-08-16 18:49:07"}
{"level":"info","message":" Incoming Request \u001b[32mGET\u001b[39m \u001b[32m200\u001b[39m \u001b[35m/api/v1/subscription?includeDisabled=true\u001b[39m \u001b[93m10 ms\u001b[39m","size":"2608","timestamp":"2026-08-16 18:49:10"}
{"level":"info","message":" Incoming Request \u001b[32mGET\u001b[39m \u001b[32m200\u001b[39m \u001b[35m/api/v1/subscription/trial-config\u001b[39m \u001b[93m15 ms\u001b[39m","size":"434","timestamp":"2026-08-16 18:49:10"}
{"level":"info","message":" Incoming Request \u001b[32mGET\u001b[39m \u001b[32m200\u001b[39m \u001b[35m/api/v1/user/all-user?page=1&limit=10\u001b[39m \u001b[93m17 ms\u001b[39m","size":"3497","timestamp":"2026-08-16 18:49:12"}
{"level":"info","message":" Incoming Request \u001b[32mGET\u001b[39m \u001b[32m200\u001b[39m \u001b[35m/api/v1/coupon\u001b[39m \u001b[93m15 ms\u001b[39m","size":"1731","timestamp":"2026-08-16 18:49:26"}
{"level":"info","message":" Incoming Request \u001b[34mPOST\u001b[39m \u001b[32m201\u001b[39m \u001b[35m/api/v1/coupon/create\u001b[39m \u001b[93m135 ms\u001b[39m","size":"396","timestamp":"2026-08-16 18:50:40"}
{"level":"info","message":" Incoming Request \u001b[32mGET\u001b[39m \u001b[32m200\u001b[39m \u001b[35m/api/v1/coupon\u001b[39m \u001b[93m4 ms\u001b[39m","size":"2047","timestamp":"2026-08-16 18:50:41"}
{"level":"info","message":" Incoming Request \u001b[33mPATCH\u001b[39m \u001b[32m200\u001b[39m \u001b[35m/api/v1/user/update-profile\u001b[39m \u001b[93m68 ms\u001b[39m","size":"496","timestamp":"2026-08-16 18:51:05"}
{"level":"info","message":" Incoming Request \u001b[32mGET\u001b[39m \u001b[32m200\u001b[39m \u001b[35m/api/v1/user/my-profile\u001b[39m \u001b[93m19 ms\u001b[39m","size":"522","timestamp":"2026-08-16 18:51:06"}
{"level":"info","message":" Incoming Request \u001b[32mGET\u001b[39m \u001b[34m304\u001b[39m \u001b[35m/api/v1/notification\u001b[39m \u001b[93m8 ms\u001b[39m","size":0,"timestamp":"2026-08-16 18:51:13"}
{"level":"info","message":" Incoming Request \u001b[32mGET\u001b[39m \u001b[34m304\u001b[39m \u001b[35m/api/v1/notification/audience-stats\u001b[39m \u001b[93m7 ms\u001b[39m","size":0,"timestamp":"2026-08-16 18:51:13"}
{"level":"info","message":" Incoming Request \u001b[34mPOST\u001b[39m \u001b[32m201\u001b[39m \u001b[35m/api/v1/notification/send\u001b[39m \u001b[93m26 ms\u001b[39m","size":"272","timestamp":"2026-08-16 18:52:25"}
{"level":"info","message":" Incoming Request \u001b[32mGET\u001b[39m \u001b[34m304\u001b[39m \u001b[35m/api/v1/notification/audience-stats\u001b[39m \u001b[93m11 ms\u001b[39m","size":0,"timestamp":"2026-08-16 18:52:26"}
{"level":"info","message":" Incoming Request \u001b[32mGET\u001b[39m \u001b[32m200\u001b[39m \u001b[35m/api/v1/notification\u001b[39m \u001b[93m5 ms\u001b[39m","size":"1985","timestamp":"2026-08-16 18:52:26"}
{"level":"info","message":" Incoming Request \u001b[32mGET\u001b[39m \u001b[34m304\u001b[39m \u001b[35m/api/v1/subscription?includeDisabled=true\u001b[39m \u001b[93m9 ms\u001b[39m","size":0,"timestamp":"2026-08-16 18:52:36"}
{"level":"info","message":" Incoming Request \u001b[32mGET\u001b[39m \u001b[34m304\u001b[39m \u001b[35m/api/v1/subscription/trial-config\u001b[39m \u001b[93m11 ms\u001b[39m","size":0,"timestamp":"2026-08-16 18:52:36"}
{"level":"info","message":" Incoming Request \u001b[32mGET\u001b[39m \u001b[34m304\u001b[39m \u001b[35m/api/v1/user/all-user?page=1&limit=10\u001b[39m \u001b[93m18 ms\u001b[39m","size":0,"timestamp":"2026-08-16 18:52:39"}
