{"level":"info","message":"Root endpoint hit","timestamp":"2026-08-27 10:24:10"}
{"level":"info","message":" Incoming Request \u001b[32mGET\u001b[39m \u001b[32m200\u001b[39m \u001b[35m/\u001b[39m \u001b[93m7 ms\u001b[39m","size":"109","timestamp":"2026-08-27 10:24:10"}
{"level":"info","message":" Incoming Request \u001b[32mGET\u001b[39m \u001b[31m404\u001b[39m \u001b[35m/favicon.ico\u001b[39m \u001b[93m1 ms\u001b[39m","size":"166","timestamp":"2026-08-27 10:24:10"}
{"level":"info","message":" Incoming Request \u001b[32mGET\u001b[39m \u001b[31m401\u001b[39m \u001b[35m/api/v1/signal/app?page=1&limit=20&category=all\u001b[39m \u001b[93m41 ms\u001b[39m","size":"130","timestamp":"2026-08-27 14:06:54"}
{"level":"info","message":" Incoming Request \u001b[32mGET\u001b[39m \u001b[31m401\u001b[39m \u001b[35m/api/v1/signal/app/market-hours\u001b[39m \u001b[93m3 ms\u001b[39m","size":"130","timestamp":"2026-08-27 14:06:54"}
{"level":"info","message":" Incoming Request \u001b[32mGET\u001b[39m \u001b[31m401\u001b[39m \u001b[35m/api/v1/user/my-profile\u001b[39m \u001b[93m2 ms\u001b[39m","size":"130","timestamp":"2026-08-27 14:06:54"}
{"level":"info","message":" Incoming Request \u001b[32mGET\u001b[39m \u001b[31m401\u001b[39m \u001b[35m/api/v1/post/app?page=1&limit=20\u001b[39m \u001b[93m6 ms\u001b[39m","size":"130","timestamp":"2026-08-27 14:06:54"}
{"level":"info","message":" Incoming Request \u001b[32mGET\u001b[39m \u001b[31m401\u001b[39m \u001b[35m/api/v1/notification/app?page=1&limit=30\u001b[39m \u001b[93m3 ms\u001b[39m","size":"130","timestamp":"2026-08-27 14:06:54"}
{"level":"info","message":" Incoming Request \u001b[32mGET\u001b[39m \u001b[31m401\u001b[39m \u001b[35m/api/v1/signal/app/history?page=1&limit=20\u001b[39m \u001b[93m2 ms\u001b[39m","size":"130","timestamp":"2026-08-27 14:06:54"}
{"level":"info","message":" Incoming Request \u001b[32mGET\u001b[39m \u001b[31m401\u001b[39m \u001b[35m/api/v1/notification/app?page=1&limit=30\u001b[39m \u001b[93m3 ms\u001b[39m","size":"130","timestamp":"2026-08-27 14:14:00"}
{"level":"info","message":" Incoming Request \u001b[32mGET\u001b[39m \u001b[31m401\u001b[39m \u001b[35m/api/v1/signal/app/history?page=1&limit=20\u001b[39m \u001b[93m1 ms\u001b[39m","size":"130","timestamp":"2026-08-27 14:14:00"}
{"level":"info","message":" Incoming Request \u001b[32mGET\u001b[39m \u001b[31m401\u001b[39m \u001b[35m/api/v1/user/my-profile\u001b[39m \u001b[93m2 ms\u001b[39m","size":"130","timestamp":"2026-08-27 14:14:10"}
{"level":"info","message":" Incoming Request \u001b[32mGET\u001b[39m \u001b[31m401\u001b[39m \u001b[35m/api/v1/signal/app/history?page=1&limit=20\u001b[39m \u001b[93m1 ms\u001b[39m","size":"130","timestamp":"2026-08-27 14:14:10"}
{"level":"info","message":" Incoming Request \u001b[32mGET\u001b[39m \u001b[31m401\u001b[39m \u001b[35m/api/v1/signal/app?page=1&limit=20&category=all\u001b[39m \u001b[93m0 ms\u001b[39m","size":"130","timestamp":"2026-08-27 14:14:10"}
{"level":"info","message":" Incoming Request \u001b[32mGET\u001b[39m \u001b[31m401\u001b[39m \u001b[35m/api/v1/signal/app/market-hours\u001b[39m \u001b[93m1 ms\u001b[39m","size":"130","timestamp":"2026-08-27 14:14:10"}
{"level":"info","message":" Incoming Request \u001b[32mGET\u001b[39m \u001b[31m401\u001b[39m \u001b[35m/api/v1/post/app?page=1&limit=20\u001b[39m \u001b[93m0 ms\u001b[39m","size":"130","timestamp":"2026-08-27 14:14:10"}
{"level":"info","message":" Incoming Request \u001b[32mGET\u001b[39m \u001b[31m401\u001b[39m \u001b[35m/api/v1/notification/app?page=1&limit=30\u001b[39m \u001b[93m1 ms\u001b[39m","size":"130","timestamp":"2026-08-27 14:14:10"}
{"level":"info","message":" Incoming Request \u001b[34mPOST\u001b[39m \u001b[32m200\u001b[39m \u001b[35m/api/v1/user/login\u001b[39m \u001b[93m322 ms\u001b[39m","size":"853","timestamp":"2026-08-27 15:11:01"}
{"level":"info","message":" Incoming Request \u001b[32mGET\u001b[39m \u001b[32m200\u001b[39m \u001b[35m/api/v1/user/my-profile\u001b[39m \u001b[93m17 ms\u001b[39m","size":"627","timestamp":"2026-08-27 15:11:01"}
{"level":"info","message":" Incoming Request \u001b[32mGET\u001b[39m \u001b[32m200\u001b[39m \u001b[35m/api/v1/signal/app?page=1&limit=20&category=all\u001b[39m \u001b[93m128 ms\u001b[39m","size":"4701","timestamp":"2026-08-27 15:11:01"}
{"level":"info","message":" Incoming Request \u001b[32mGET\u001b[39m \u001b[32m200\u001b[39m \u001b[35m/api/v1/signal/app/history?page=1&limit=20\u001b[39m \u001b[93m153 ms\u001b[39m","size":"3358","timestamp":"2026-08-27 15:11:01"}
{"level":"info","message":" Incoming Request \u001b[32mGET\u001b[39m \u001b[32m200\u001b[39m \u001b[35m/api/v1/signal/app/market-hours\u001b[39m \u001b[93m6 ms\u001b[39m","size":"683","timestamp":"2026-08-27 15:11:01"}
{"level":"info","message":" Incoming Request \u001b[32mGET\u001b[39m \u001b[32m200\u001b[39m \u001b[35m/api/v1/post/app?page=1&limit=20\u001b[39m \u001b[93m174 ms\u001b[39m","size":"5279","timestamp":"2026-08-27 15:11:01"}
{"level":"info","message":" Incoming Request \u001b[32mGET\u001b[39m \u001b[32m200\u001b[39m \u001b[35m/api/v1/notification/app?page=1&limit=30\u001b[39m \u001b[93m184 ms\u001b[39m","size":"783","timestamp":"2026-08-27 15:11:01"}
